Archive member included to satisfy reference by file (symbol)

app/libapp.a(gpio_func.cpp.obj)
                              (--whole-archive)
app/libapp.a(main.cpp.obj)    (--whole-archive)
app/libapp.a(spi_func.cpp.obj)
                              (--whole-archive)
app/libapp.a(usart_func.cpp.obj)
                              (--whole-archive)
app/libapp.a(spi2control.cpp.obj)
                              (--whole-archive)
zephyr/libzephyr.a(cbprintf_packaged.c.obj)
                              (--whole-archive)
zephyr/libzephyr.a(dec.c.obj)
                              (--whole-archive)
zephyr/libzephyr.a(fdtable.c.obj)
                              (--whole-archive)
zephyr/libzephyr.a(hex.c.obj)
                              (--whole-archive)
zephyr/libzephyr.a(printk.c.obj)
                              (--whole-archive)
zephyr/libzephyr.a(rb.c.obj)  (--whole-archive)
zephyr/libzephyr.a(sem.c.obj)
                              (--whole-archive)
zephyr/libzephyr.a(thread_entry.c.obj)
                              (--whole-archive)
zephyr/libzephyr.a(timeutil.c.obj)
                              (--whole-archive)
zephyr/libzephyr.a(heap.c.obj)
                              (--whole-archive)
zephyr/libzephyr.a(heap-validate.c.obj)
                              (--whole-archive)
zephyr/libzephyr.a(bitarray.c.obj)
                              (--whole-archive)
zephyr/libzephyr.a(multi_heap.c.obj)
                              (--whole-archive)
zephyr/libzephyr.a(crc32c_sw.c.obj)
                              (--whole-archive)
zephyr/libzephyr.a(crc32_sw.c.obj)
                              (--whole-archive)
zephyr/libzephyr.a(crc16_sw.c.obj)
                              (--whole-archive)
zephyr/libzephyr.a(crc8_sw.c.obj)
                              (--whole-archive)
zephyr/libzephyr.a(crc7_sw.c.obj)
                              (--whole-archive)
zephyr/libzephyr.a(cbprintf_complete.c.obj)
                              (--whole-archive)
zephyr/libzephyr.a(cbprintf.c.obj)
                              (--whole-archive)
zephyr/libzephyr.a(ring_buffer.c.obj)
                              (--whole-archive)
zephyr/libzephyr.a(assert.c.obj)
                              (--whole-archive)
zephyr/libzephyr.a(configs.c.obj)
                              (--whole-archive)
zephyr/libzephyr.a(soc.c.obj)
                              (--whole-archive)
zephyr/libzephyr.a(stm32cube_hal.c.obj)
                              (--whole-archive)
zephyr/libzephyr.a(soc_config.c.obj)
                              (--whole-archive)
zephyr/libzephyr.a(tracing_none.c.obj)
                              (--whole-archive)
zephyr/arch/common/libarch__common.a(sw_isr_common.c.obj)
                              (--whole-archive)
zephyr/arch/arch/arm/core/aarch32/libarch__arm__core__aarch32.a(cpu_idle.S.obj)
                              (--whole-archive)
zephyr/arch/arch/arm/core/aarch32/libarch__arm__core__aarch32.a(fatal.c.obj)
                              (--whole-archive)
zephyr/arch/arch/arm/core/aarch32/libarch__arm__core__aarch32.a(irq_manage.c.obj)
                              (--whole-archive)
zephyr/arch/arch/arm/core/aarch32/libarch__arm__core__aarch32.a(nmi.c.obj)
                              (--whole-archive)
zephyr/arch/arch/arm/core/aarch32/libarch__arm__core__aarch32.a(nmi_on_reset.S.obj)
                              (--whole-archive)
zephyr/arch/arch/arm/core/aarch32/libarch__arm__core__aarch32.a(prep_c.c.obj)
                              (--whole-archive)
zephyr/arch/arch/arm/core/aarch32/libarch__arm__core__aarch32.a(swap.c.obj)
                              (--whole-archive)
zephyr/arch/arch/arm/core/aarch32/libarch__arm__core__aarch32.a(swap_helper.S.obj)
                              (--whole-archive)
zephyr/arch/arch/arm/core/aarch32/libarch__arm__core__aarch32.a(thread.c.obj)
                              (--whole-archive)
zephyr/arch/arch/arm/core/aarch32/libarch__arm__core__aarch32.a(isr_wrapper.S.obj)
                              (--whole-archive)
zephyr/arch/arch/arm/core/aarch32/cortex_m/libarch__arm__core__aarch32__cortex_m.a(exc_exit.S.obj)
                              (--whole-archive)
zephyr/arch/arch/arm/core/aarch32/cortex_m/libarch__arm__core__aarch32__cortex_m.a(fault.c.obj)
                              (--whole-archive)
zephyr/arch/arch/arm/core/aarch32/cortex_m/libarch__arm__core__aarch32__cortex_m.a(fault_s.S.obj)
                              (--whole-archive)
zephyr/arch/arch/arm/core/aarch32/cortex_m/libarch__arm__core__aarch32__cortex_m.a(fpu.c.obj)
                              (--whole-archive)
zephyr/arch/arch/arm/core/aarch32/cortex_m/libarch__arm__core__aarch32__cortex_m.a(irq_init.c.obj)
                              (--whole-archive)
zephyr/arch/arch/arm/core/aarch32/cortex_m/libarch__arm__core__aarch32__cortex_m.a(reset.S.obj)
                              (--whole-archive)
zephyr/arch/arch/arm/core/aarch32/cortex_m/libarch__arm__core__aarch32__cortex_m.a(scb.c.obj)
[...]
Memory Configuration

Name             Origin             Length             Attributes
FLASH            0x0000000008000000 0x0000000000020000 xr
RAM              0x0000000020000000 0x0000000000005000 xw
IDT_LIST         0x00000000fffff7ff 0x0000000000000800 xw
*default*        0x0000000000000000 0xffffffffffffffff

Linker script and memory map

LOAD zephyr/CMakeFiles/zephyr_final.dir/misc/empty_file.c.obj
LOAD zephyr/CMakeFiles/zephyr_final.dir/dev_handles.c.obj
LOAD zephyr/CMakeFiles/zephyr_final.dir/isr_tables.c.obj
LOAD zephyr/CMakeFiles/offsets.dir/./arch/arm/core/offsets/offsets.c.obj
                0x0000000000000004                _region_min_align = 0x4

.rel.plt        0x0000000008000000        0x0
 *(SORT_BY_ALIGNMENT(.rel.plt))
                [!provide]                        PROVIDE (__rel_iplt_start = .)
 *(SORT_BY_ALIGNMENT(.rel.iplt))
 .rel.iplt      0x0000000008000000        0x0 zephyr/CMakeFiles/zephyr_final.dir/isr_tables.c.obj
                [!provide]                        PROVIDE (__rel_iplt_end = .)

.rela.plt       0x0000000000000000        0x0
 *(SORT_BY_ALIGNMENT(.rela.plt))
                [!provide]                        PROVIDE (__rela_iplt_start = .)
 *(SORT_BY_ALIGNMENT(.rela.iplt))
                [!provide]                        PROVIDE (__rela_iplt_end = .)

.rel.dyn
 *(SORT_BY_ALIGNMENT(.rel.*))

.rela.dyn
 *(SORT_BY_ALIGNMENT(.rela.*))

/DISCARD/
 *(SORT_BY_ALIGNMENT(.plt))

/DISCARD/
 *(SORT_BY_ALIGNMENT(.iplt))
                0x0000000008000000                __rom_region_start = 0x8000000

rom_start       0x0000000008000000       0xec
                0x0000000000000000                . = 0x0
                0x0000000000000000                . = ALIGN (0x4)
                0x0000000000000000                . = ALIGN (0x80)
                0x0000000000000000                . = ALIGN (0x100)
                0x0000000008000000                _vector_start = .
 *(SORT_BY_ALIGNMENT(.exc_vector_table))
 *(SORT_BY_ALIGNMENT(.exc_vector_table.*))
 .exc_vector_table._vector_table_section
                0x0000000008000000       0x40 zephyr/arch/arch/arm/core/aarch32/cortex_m/libarch__arm__core__aarch32__cortex_m.a(vector_table.S.obj)
                0x0000000008000000                _vector_table
 *(SORT_BY_ALIGNMENT(.vectors))
                0x00000000080000ec                _vector_end = .
                0x0000000008000040                . = ALIGN (0x4)
 *(SORT_BY_ALIGNMENT(.gnu.linkonce.irq_vector_table*))
 .gnu.linkonce.irq_vector_table
                0x0000000008000040       0xac zephyr/CMakeFiles/zephyr_final.dir/isr_tables.c.obj
                0x0000000008000040                _irq_vector_table
                0x00000000080000ec                _vector_end = .

text            0x00000000080000f0     0x4b4c
                0x00000000080000f0                __text_region_start = .
 *(SORT_BY_ALIGNMENT(.text))
 .text          0x00000000080000f0       0x30 /home/zengjianming/zephyr_sdk/zephyr-sdk-0.16.1_linux-x86_64/zephyr-sdk-0.16.1/arm-zephyr-eabi/bin/../lib/gcc/arm-zephyr-eabi/12.2.0/thumb/v7-m/nofp/libgcc.a(_aeabi_uldivmod.o)
                0x00000000080000f0                __aeabi_uldivmod
 .text          0x0000000008000120        0x4 /home/zengjianming/zephyr_sdk/zephyr-sdk-0.16.1_linux-x86_64/zephyr-sdk-0.16.1/arm-zephyr-eabi/bin/../lib/gcc/arm-zephyr-eabi/12.2.0/thumb/v7-m/nofp/libgcc.a(_dvmd_tls.o)
                0x0000000008000120                __aeabi_ldiv0
                0x0000000008000120                __aeabi_idiv0
 .text          0x0000000008000124      0x2a0 /home/zengjianming/zephyr_sdk/zephyr-sdk-0.16.1_linux-x86_64/zephyr-sdk-0.16.1/arm-zephyr-eabi/bin/../lib/gcc/arm-zephyr-eabi/12.2.0/thumb/v7-m/nofp/libgcc.a(_udivmoddi4.o)
                0x0000000008000124                __udivmoddi4
 *(SORT_BY_ALIGNMENT(.text.*))
 *fill*         0x00000000080003c4        0x4 
 .text.pwm_set_dt.constprop.0.isra.0
                0x00000000080003c8       0x98 app/libapp.a(gpio_func.cpp.obj)
 .text._ZN16HikariGPIOConfig14board_led_initEv
                0x0000000008000460       0x68 app/libapp.a(gpio_func.cpp.obj)
                0x0000000008000460                HikariGPIOConfig::board_led_init()
 .text._ZN16HikariGPIOConfig8pwm_initEv
                0x00000000080004c8       0x2c app/libapp.a(gpio_func.cpp.obj)
                0x00000000080004c8                HikariGPIOConfig::pwm_init()
 .text._ZN16HikariGPIOConfig13pwm_as_sck_onEv
                0x00000000080004f4       0x10 app/libapp.a(gpio_func.cpp.obj)
                0x00000000080004f4                HikariGPIOConfig::pwm_as_sck_on()
 .text.main     0x0000000008000504       0x30 app/libapp.a(main.cpp.obj)
                0x0000000008000504                main
 .text._ZN15HikariSPIConfig11my_spi_initEPK6device
                0x0000000008000534       0x2c app/libapp.a(spi_func.cpp.obj)
                0x0000000008000534                HikariSPIConfig::my_spi_init(device const*)
 .text._ZN15HikariSPIConfig12my_spi_writeEPK6devicePhj
                0x0000000008000560       0x54 app/libapp.a(spi_func.cpp.obj)
                0x0000000008000560                HikariSPIConfig::my_spi_write(device const*, unsigned char*, unsigned int)
 .text._ZN18HikariSPIControler4testEPh
                0x00000000080005b4       0xe8 app/libapp.a(spi2control.cpp.obj)
                0x00000000080005b4                HikariSPIControler::test(unsigned char*)
 .text.char_out
                0x000000000800069c        0xc zephyr/libzephyr.a(printk.c.obj)
 .text.__printk_hook_install
                0x00000000080006a8        0xc zephyr/libzephyr.a(printk.c.obj)
                0x00000000080006a8                __printk_hook_install
 .text.vprintk  0x00000000080006b4       0x1c zephyr/libzephyr.a(printk.c.obj)
                0x00000000080006b4                vprintk
 .text.z_cbvprintf_impl
                0x00000000080006d0      0x764 zephyr/libzephyr.a(cbprintf_complete.c.obj)
                0x00000000080006d0                z_cbvprintf_impl
 .text.stm32f1_init
                0x0000000008000e34       0x2c zephyr/libzephyr.a(soc.c.obj)
 .text.z_arm_cpu_idle_init
                0x0000000008000e60        0xc zephyr/arch/arch/arm/core/aarch32/libarch__arm__core__aarch32.a(cpu_idle.S.obj)
                0x0000000008000e60                z_arm_cpu_idle_init
 .text.arch_cpu_idle
                0x0000000008000e6c       0x1c zephyr/arch/arch/arm/core/aarch32/libarch__arm__core__aarch32.a(cpu_idle.S.obj)
                0x0000000008000e6c                arch_cpu_idle
 .text.arch_irq_enable
                0x0000000008000e88       0x1c zephyr/arch/arch/arm/core/aarch32/libarch__arm__core__aarch32.a(irq_manage.c.obj)
                0x0000000008000e88                arch_irq_enable
 .text.z_arm_irq_priority_set
                0x0000000008000ea4       0x2c zephyr/arch/arch/arm/core/aarch32/libarch__arm__core__aarch32.a(irq_manage.c.obj)
                0x0000000008000ea4                z_arm_irq_priority_set
 .text.z_SysNmiOnReset
                0x0000000008000ed0        0x8 zephyr/arch/arch/arm/core/aarch32/libarch__arm__core__aarch32.a(nmi_on_reset.S.obj)
                0x0000000008000ed0                z_SysNmiOnReset
 .text.z_arm_prep_c
                0x0000000008000ed8       0x30 zephyr/arch/arch/arm/core/aarch32/libarch__arm__core__aarch32.a(prep_c.c.obj)
                0x0000000008000ed8                z_arm_prep_c
 .text.arch_swap
                0x0000000008000f08       0x34 zephyr/arch/arch/arm/core/aarch32/libarch__arm__core__aarch32.a(swap.c.obj)
                0x0000000008000f08                arch_swap
 .text.z_arm_pendsv
                0x0000000008000f3c       0x48 zephyr/arch/arch/arm/core/aarch32/libarch__arm__core__aarch32.a(swap_helper.S.obj)
                0x0000000008000f3c                z_arm_pendsv
 .text.z_arm_svc
                0x0000000008000f84       0x20 zephyr/arch/arch/arm/core/aarch32/libarch__arm__core__aarch32.a(swap_helper.S.obj)
                0x0000000008000f84                z_arm_svc
 .text.arch_new_thread
                0x0000000008000fa4       0x38 zephyr/arch/arch/arm/core/aarch32/libarch__arm__core__aarch32.a(thread.c.obj)
                0x0000000008000fa4                arch_new_thread
 .text.arch_switch_to_main_thread
                0x0000000008000fdc       0x24 zephyr/arch/arch/arm/core/aarch32/libarch__arm__core__aarch32.a(thread.c.obj)
                0x0000000008000fdc                arch_switch_to_main_thread
 .text._isr_wrapper
                0x0000000008001000       0x28 zephyr/arch/arch/arm/core/aarch32/libarch__arm__core__aarch32.a(isr_wrapper.S.obj)
                0x0000000008001000                _isr_wrapper
 .text._HandlerModeExit
                0x0000000008001028       0x1c zephyr/arch/arch/arm/core/aarch32/cortex_m/libarch__arm__core__aarch32__cortex_m.a(exc_exit.S.obj)
                0x0000000008001028                z_arm_exc_exit
                0x0000000008001028                z_arm_int_exit
 .text.usage_fault.constprop.0
                0x0000000008001044       0x54 zephyr/arch/arch/arm/core/aarch32/cortex_m/libarch__arm__core__aarch32__cortex_m.a(fault.c.obj)
 .text.bus_fault.constprop.0
                0x0000000008001098       0x60 zephyr/arch/arch/arm/core/aarch32/cortex_m/libarch__arm__core__aarch32__cortex_m.a(fault.c.obj)
 .text.mem_manage_fault.constprop.0
                0x00000000080010f8       0x5c zephyr/arch/arch/arm/core/aarch32/cortex_m/libarch__arm__core__aarch32__cortex_m.a(fault.c.obj)
 .text.z_arm_fault
                0x0000000008001154      0x118 zephyr/arch/arch/arm/core/aarch32/cortex_m/libarch__arm__core__aarch32__cortex_m.a(fault.c.obj)
                0x0000000008001154                z_arm_fault
 .text.z_arm_fault_init
                0x000000000800126c       0x10 zephyr/arch/arch/arm/core/aarch32/cortex_m/libarch__arm__core__aarch32__cortex_m.a(fault.c.obj)
                0x000000000800126c                z_arm_fault_init
 .text.__fault  0x000000000800127c       0x14 zephyr/arch/arch/arm/core/aarch32/cortex_m/libarch__arm__core__aarch32__cortex_m.a(fault_s.S.obj)
                0x000000000800127c                z_arm_bus_fault
                0x000000000800127c                z_arm_usage_fault
                0x000000000800127c                z_arm_mpu_fault
                0x000000000800127c                z_arm_exc_spurious
                0x000000000800127c                z_arm_debug_monitor
                0x000000000800127c                z_arm_hard_fault
 .text.z_arm_interrupt_init
                0x0000000008001290       0x18 zephyr/arch/arch/arm/core/aarch32/cortex_m/libarch__arm__core__aarch32__cortex_m.a(irq_init.c.obj)
                0x0000000008001290                z_arm_interrupt_init
 .text._reset_section
                0x00000000080012a8       0x2c zephyr/arch/arch/arm/core/aarch32/cortex_m/libarch__arm__core__aarch32__cortex_m.a(reset.S.obj)
                0x00000000080012a8                z_arm_reset
                0x00000000080012a8                __start
 .text.z_impl_k_thread_abort
                0x00000000080012d4       0x2c zephyr/arch/arch/arm/core/aarch32/cortex_m/libarch__arm__core__aarch32__cortex_m.a(thread_abort.c.obj)
                0x00000000080012d4                z_impl_k_thread_abort
 .text.__stdout_hook_install
                0x0000000008001300        0xc zephyr/lib/libc/minimal/liblib__libc__minimal.a(stdout_console.c.obj)
                0x0000000008001300                __stdout_hook_install
 .text.stm32_exti_isr
                0x000000000800130c       0x48 zephyr/drivers/interrupt_controller/libdrivers__interrupt_controller.a(intc_exti_stm32.c.obj)
 .text.stm32_fill_irq_table
                0x0000000008001354       0x18 zephyr/drivers/interrupt_controller/libdrivers__interrupt_controller.a(intc_exti_stm32.c.obj)
 .text.stm32_exti_enable
                0x000000000800136c       0x24 zephyr/drivers/interrupt_controller/libdrivers__interrupt_controller.a(intc_exti_stm32.c.obj)
                0x000000000800136c                stm32_exti_enable
 .text.stm32_exti_disable
                0x0000000008001390       0x18 zephyr/drivers/interrupt_controller/libdrivers__interrupt_controller.a(intc_exti_stm32.c.obj)
                0x0000000008001390                stm32_exti_disable
 .text.stm32_exti_trigger
                0x00000000080013a8       0x60 zephyr/drivers/interrupt_controller/libdrivers__interrupt_controller.a(intc_exti_stm32.c.obj)
                0x00000000080013a8                stm32_exti_trigger
 .text.stm32_exti_set_callback
                0x0000000008001408       0x24 zephyr/drivers/interrupt_controller/libdrivers__interrupt_controller.a(intc_exti_stm32.c.obj)
                0x0000000008001408                stm32_exti_set_callback
 .text.stm32_exti_unset_callback
                0x000000000800142c       0x14 zephyr/drivers/interrupt_controller/libdrivers__interrupt_controller.a(intc_exti_stm32.c.obj)
                0x000000000800142c                stm32_exti_unset_callback
 .text.stm32_clock_control_get_subsys_rate
                0x0000000008001440       0x44 zephyr/drivers/clock_control/libdrivers__clock_control.a(clock_stm32_ll_common.c.obj)
 .text.stm32_clock_control_init
                0x0000000008001484       0xec zephyr/drivers/clock_control/libdrivers__clock_control.a(clock_stm32_ll_common.c.obj)
                0x0000000008001484                stm32_clock_control_init
 .text.config_pll_sysclock
                0x0000000008001570       0x1c zephyr/drivers/clock_control/libdrivers__clock_control.a(clock_stm32f1.c.obj)
                0x0000000008001570                config_pll_sysclock
 .text.uart_console_init
                0x000000000800158c       0x28 zephyr/drivers/console/libdrivers__console.a(uart_console.c.obj)
 .text.console_out
                0x00000000080015b4       0x28 zephyr/drivers/console/libdrivers__console.a(uart_console.c.obj)
 .text.gpio_stm32_init
                0x00000000080015dc       0x30 zephyr/drivers/gpio/libdrivers__gpio.a(gpio_stm32.c.obj)
 .text.gpio_stm32_pin_interrupt_configure
                0x000000000800160c       0xe0 zephyr/drivers/gpio/libdrivers__gpio.a(gpio_stm32.c.obj)
 .text.pwm_stm32_set_cycles
                0x00000000080016ec      0x1ac zephyr/drivers/pwm/libdrivers__pwm.a(pwm_stm32.c.obj)
 .text.pwm_stm32_init
                0x0000000008001898       0xc0 zephyr/drivers/pwm/libdrivers__pwm.a(pwm_stm32.c.obj)
 .text.spi_stm32_init
                0x0000000008001958       0xc4 zephyr/drivers/spi/libdrivers__spi.a(spi_ll_stm32.c.obj)
 .text.spi_stm32_transceive
                0x0000000008001a1c      0x494 zephyr/drivers/spi/libdrivers__spi.a(spi_ll_stm32.c.obj)
 .text.z_impl_can_calc_timing
                0x0000000008001eb0      0x164 zephyr/drivers/can/libdrivers__can.a(can_common.c.obj)
                0x0000000008001eb0                z_impl_can_calc_timing
 .text.can_stm32_enter_init_mode
                0x0000000008002014       0x3c zephyr/drivers/can/libdrivers__can.a(can_stm32.c.obj)
 .text.can_stm32_get_core_clock
                0x0000000008002050       0x20 zephyr/drivers/can/libdrivers__can.a(can_stm32.c.obj)
 .text.can_stm32_set_timing
                0x0000000008002070       0x78 zephyr/drivers/can/libdrivers__can.a(can_stm32.c.obj)
 .text.can_stm32_add_rx_filter
                0x00000000080020e8      0x164 zephyr/drivers/can/libdrivers__can.a(can_stm32.c.obj)
 .text.can_stm32_init
                0x000000000800224c      0x170 zephyr/drivers/can/libdrivers__can.a(can_stm32.c.obj)
 .text.can_stm32_remove_rx_filter
                0x00000000080023bc      0x108 zephyr/drivers/can/libdrivers__can.a(can_stm32.c.obj)
 .text.can_stm32_start
                0x00000000080024c4       0x84 zephyr/drivers/can/libdrivers__can.a(can_stm32.c.obj)
 .text.uart_stm32_init
                0x0000000008002548       0xe8 zephyr/drivers/serial/libdrivers__serial.a(uart_stm32.c.obj)
 .text.uart_stm32_configure
                0x0000000008002630      0x15c zephyr/drivers/serial/libdrivers__serial.a(uart_stm32.c.obj)
 .text.elapsed  0x000000000800278c       0x3c zephyr/drivers/timer/libdrivers__timer.a(cortex_m_systick.c.obj)
 .text.sys_clock_driver_init
                0x00000000080027c8       0x34 zephyr/drivers/timer/libdrivers__timer.a(cortex_m_systick.c.obj)
 .text.sys_clock_isr
                0x00000000080027fc       0x44 zephyr/drivers/timer/libdrivers__timer.a(cortex_m_systick.c.obj)
                0x00000000080027fc                sys_clock_isr
 .text.sys_clock_set_timeout
                0x0000000008002840       0xe0 zephyr/drivers/timer/libdrivers__timer.a(cortex_m_systick.c.obj)
                0x0000000008002840                sys_clock_set_timeout
 .text.sys_clock_elapsed
                0x0000000008002920       0x3c zephyr/drivers/timer/libdrivers__timer.a(cortex_m_systick.c.obj)
                0x0000000008002920                sys_clock_elapsed
 .text.sys_clock_cycle_get_32
                0x000000000800295c       0x2c zephyr/drivers/timer/libdrivers__timer.a(cortex_m_systick.c.obj)
                0x000000000800295c                sys_clock_cycle_get_32
 .text.pinctrl_configure_pins
                0x0000000008002988       0xf4 zephyr/drivers/pinctrl/libdrivers__pinctrl.a(pinctrl_stm32.c.obj)
                0x0000000008002988                pinctrl_configure_pins
 .text.HAL_RCC_GetSysClockFreq
                0x0000000008002a7c       0x74 modules/stm32/stm32cube/lib..__modules__hal__stm32__stm32cube.a(stm32f1xx_hal_rcc.c.obj)
                0x0000000008002a7c                HAL_RCC_GetSysClockFreq
 .text.LL_TIM_Init
                0x0000000008002af0       0x60 modules/stm32/stm32cube/lib..__modules__hal__stm32__stm32cube.a(stm32f1xx_ll_tim.c.obj)
                0x0000000008002af0                LL_TIM_Init
 .text.LL_TIM_OC_Init
                0x0000000008002b50      0x190 modules/stm32/stm32cube/lib..__modules__hal__stm32__stm32cube.a(stm32f1xx_ll_tim.c.obj)
                0x0000000008002b50                LL_TIM_OC_Init
 .text.LL_SetFlashLatency
                0x0000000008002ce0       0x4c modules/stm32/stm32cube/lib..__modules__hal__stm32__stm32cube.a(stm32f1xx_ll_utils.c.obj)
                0x0000000008002ce0                LL_SetFlashLatency
 .text.z_sys_init_run_level
                0x0000000008002d2c       0x44 zephyr/kernel/libkernel.a(init.c.obj)
 .text.bg_thread_main
                0x0000000008002d70       0x34 zephyr/kernel/libkernel.a(init.c.obj)
 .text.z_bss_zero
                0x0000000008002da4       0x18 zephyr/kernel/libkernel.a(init.c.obj)
                0x0000000008002da4                z_bss_zero
 .text.z_init_cpu
                0x0000000008002dbc       0x68 zephyr/kernel/libkernel.a(init.c.obj)
                0x0000000008002dbc                z_init_cpu
 .text.z_cstart
                0x0000000008002e24       0xcc zephyr/kernel/libkernel.a(init.c.obj)
                0x0000000008002e24                z_cstart
 .text.z_setup_new_thread
                0x0000000008002ef0       0x54 zephyr/kernel/libkernel.a(thread.c.obj)
                0x0000000008002ef0                z_setup_new_thread
 .text.z_init_static_threads
                0x0000000008002f44       0x98 zephyr/kernel/libkernel.a(thread.c.obj)
                0x0000000008002f44                z_init_static_threads
 .text.z_impl_k_mutex_lock
                0x0000000008002fdc       0xf4 zephyr/kernel/libkernel.a(mutex.c.obj)
                0x0000000008002fdc                z_impl_k_mutex_lock
 .text.z_impl_k_mutex_unlock
                0x00000000080030d0       0x78 zephyr/kernel/libkernel.a(mutex.c.obj)
                0x00000000080030d0                z_impl_k_mutex_unlock
 .text.z_impl_k_sem_give
                0x0000000008003148       0x40 zephyr/kernel/libkernel.a(sem.c.obj)
                0x0000000008003148                z_impl_k_sem_give
 .text.z_impl_k_sem_take
                0x0000000008003188       0x50 zephyr/kernel/libkernel.a(sem.c.obj)
                0x0000000008003188                z_impl_k_sem_take
 .text.z_reset_time_slice
                0x00000000080031d8       0x28 zephyr/kernel/libkernel.a(sched.c.obj)
                0x00000000080031d8                z_reset_time_slice
 .text.update_cache
                0x0000000008003200       0x3c zephyr/kernel/libkernel.a(sched.c.obj)
 .text.move_thread_to_end_of_prio_q
                0x000000000800323c       0x74 zephyr/kernel/libkernel.a(sched.c.obj)
 .text.ready_thread
                0x00000000080032b0       0x68 zephyr/kernel/libkernel.a(sched.c.obj)
 .text.unready_thread
                0x0000000008003318       0x30 zephyr/kernel/libkernel.a(sched.c.obj)
 .text.pend_locked
                0x0000000008003348       0x30 zephyr/kernel/libkernel.a(sched.c.obj)
 .text.k_sched_time_slice_set
                0x0000000008003378       0x4c zephyr/kernel/libkernel.a(sched.c.obj)
                0x0000000008003378                k_sched_time_slice_set
 .text.z_time_slice
                0x00000000080033c4       0x84 zephyr/kernel/libkernel.a(sched.c.obj)
                0x00000000080033c4                z_time_slice
 .text.z_pend_curr
                0x0000000008003448       0x3c zephyr/kernel/libkernel.a(sched.c.obj)
                0x0000000008003448                z_pend_curr
 .text.z_set_prio
                0x0000000008003484       0x8c zephyr/kernel/libkernel.a(sched.c.obj)
                0x0000000008003484                z_set_prio
 .text.z_reschedule
                0x0000000008003510       0x24 zephyr/kernel/libkernel.a(sched.c.obj)
                0x0000000008003510                z_reschedule
 .text.z_sched_start
                0x0000000008003534       0x3c zephyr/kernel/libkernel.a(sched.c.obj)
                0x0000000008003534                z_sched_start
 .text.k_sched_lock
                0x0000000008003570       0x28 zephyr/kernel/libkernel.a(sched.c.obj)
                0x0000000008003570                k_sched_lock
 .text.k_sched_unlock
                0x0000000008003598       0x38 zephyr/kernel/libkernel.a(sched.c.obj)
                0x0000000008003598                k_sched_unlock
 .text.z_sched_init
                0x00000000080035d0       0x18 zephyr/kernel/libkernel.a(sched.c.obj)
                0x00000000080035d0                z_sched_init
 .text.z_impl_k_yield
                0x00000000080035e8       0x7c zephyr/kernel/libkernel.a(sched.c.obj)
                0x00000000080035e8                z_impl_k_yield
 .text.z_tick_sleep
                0x0000000008003664       0x88 zephyr/kernel/libkernel.a(sched.c.obj)
 .text.z_impl_z_current_get
                0x00000000080036ec        0xc zephyr/kernel/libkernel.a(sched.c.obj)
                0x00000000080036ec                z_impl_z_current_get
 .text.z_thread_abort
                0x00000000080036f8       0xc0 zephyr/kernel/libkernel.a(sched.c.obj)
                0x00000000080036f8                z_thread_abort
 .text.z_data_copy
                0x00000000080037b8       0x34 zephyr/kernel/libkernel.a(xip.c.obj)
                0x00000000080037b8                z_data_copy
 .text.elapsed  0x00000000080037ec       0x14 zephyr/kernel/libkernel.a(timeout.c.obj)
 .text.next_timeout
                0x0000000008003800       0x50 zephyr/kernel/libkernel.a(timeout.c.obj)
 .text.remove_timeout
                0x0000000008003850       0x38 zephyr/kernel/libkernel.a(timeout.c.obj)
 .text.z_add_timeout
                0x0000000008003888       0xfc zephyr/kernel/libkernel.a(timeout.c.obj)
                0x0000000008003888                z_add_timeout
 .text.sys_clock_announce
                0x0000000008003984       0xd8 zephyr/kernel/libkernel.a(timeout.c.obj)
                0x0000000008003984                sys_clock_announce
 .text.sys_clock_tick_get
                0x0000000008003a5c       0x34 zephyr/kernel/libkernel.a(timeout.c.obj)
                0x0000000008003a5c                sys_clock_tick_get
 .text.z_impl_k_busy_wait
                0x0000000008003a90       0x30 zephyr/kernel/libkernel.a(timeout.c.obj)
                0x0000000008003a90                z_impl_k_busy_wait
 .text.boot_banner
                0x0000000008003ac0        0xc zephyr/kernel/libkernel.a(banner.c.obj)
                0x0000000008003ac0                boot_banner
 .text.statics_init
                0x0000000008003acc       0x24 zephyr/kernel/libkernel.a(kheap.c.obj)
 .text._OffsetAbsSyms
                0x0000000008003af0        0x2 zephyr/CMakeFiles/offsets.dir/./arch/arm/core/offsets/offsets.c.obj
                0x0000000008003af0                _OffsetAbsSyms
 .text.gpio_pin_configure_dt.constprop.0.isra.0
                0x0000000008003af2       0x34 app/libapp.a(gpio_func.cpp.obj)
 .text._ZN16HikariGPIOConfig14pwm_as_sck_offEv
                0x0000000008003b26        0xa app/libapp.a(gpio_func.cpp.obj)
                0x0000000008003b26                HikariGPIOConfig::pwm_as_sck_off()
 .text.arch_printk_char_out
                0x0000000008003b30        0x4 zephyr/libzephyr.a(printk.c.obj)
                0x0000000008003b30                arch_printk_char_out
 .text.printk   0x0000000008003b34       0x1a zephyr/libzephyr.a(printk.c.obj)
                0x0000000008003b34                printk
 .text.z_thread_entry
                0x0000000008003b4e       0x14 zephyr/libzephyr.a(thread_entry.c.obj)
                0x0000000008003b4e                z_thread_entry
 .text.chunk_size
                0x0000000008003b62        0xa zephyr/libzephyr.a(heap.c.obj)
 .text.free_list_add
                0x0000000008003b6c       0x4e zephyr/libzephyr.a(heap.c.obj)
 .text.sys_heap_init
                0x0000000008003bba       0x70 zephyr/libzephyr.a(heap.c.obj)
                0x0000000008003bba                sys_heap_init
 .text.encode_uint
                0x0000000008003c2a       0x8c zephyr/libzephyr.a(cbprintf_complete.c.obj)
 .text.outs     0x0000000008003cb6       0x2e zephyr/libzephyr.a(cbprintf_complete.c.obj)
 .text._ConfigAbsSyms
                0x0000000008003ce4        0x2 zephyr/libzephyr.a(configs.c.obj)
                0x0000000008003ce4                _ConfigAbsSyms
 .text.st_stm32_common_config
                0x0000000008003ce6        0x4 zephyr/libzephyr.a(soc_config.c.obj)
 .text.z_arm_fatal_error
                0x0000000008003cea        0x4 zephyr/arch/arch/arm/core/aarch32/libarch__arm__core__aarch32.a(fatal.c.obj)
                0x0000000008003cea                z_arm_fatal_error
 .text.z_do_kernel_oops
                0x0000000008003cee        0x8 zephyr/arch/arch/arm/core/aarch32/libarch__arm__core__aarch32.a(fatal.c.obj)
                0x0000000008003cee                z_do_kernel_oops
 .text.z_irq_spurious
                0x0000000008003cf6        0x8 zephyr/arch/arch/arm/core/aarch32/libarch__arm__core__aarch32.a(irq_manage.c.obj)
                0x0000000008003cf6                z_irq_spurious
 .text.z_arm_nmi
                0x0000000008003cfe        0xe zephyr/arch/arch/arm/core/aarch32/libarch__arm__core__aarch32.a(nmi.c.obj)
                0x0000000008003cfe                z_arm_nmi
 .text.strlen   0x0000000008003d0c        0xe zephyr/lib/libc/minimal/liblib__libc__minimal.a(string.c.obj)
                0x0000000008003d0c                strlen
 .text.strnlen  0x0000000008003d1a       0x12 zephyr/lib/libc/minimal/liblib__libc__minimal.a(string.c.obj)
                0x0000000008003d1a                strnlen
 .text.memcpy   0x0000000008003d2c       0x16 zephyr/lib/libc/minimal/liblib__libc__minimal.a(string.c.obj)
                0x0000000008003d2c                memcpy
 .text.memset   0x0000000008003d42       0x12 zephyr/lib/libc/minimal/liblib__libc__minimal.a(string.c.obj)
                0x0000000008003d42                memset
 .text._stdout_hook_default
                0x0000000008003d54        0x6 zephyr/lib/libc/minimal/liblib__libc__minimal.a(stdout_console.c.obj)
 .text.stm32_exti_init
                0x0000000008003d5a       0x92 zephyr/drivers/interrupt_controller/libdrivers__interrupt_controller.a(intc_exti_stm32.c.obj)
 .text.stm32_clock_control_on
                0x0000000008003dec       0x24 zephyr/drivers/clock_control/libdrivers__clock_control.a(clock_stm32_ll_common.c.obj)
 .text.stm32_clock_control_off
                0x0000000008003e10       0x24 zephyr/drivers/clock_control/libdrivers__clock_control.a(clock_stm32_ll_common.c.obj)
 .text.stm32_clock_control_configure
                0x0000000008003e34       0x36 zephyr/drivers/clock_control/libdrivers__clock_control.a(clock_stm32_ll_common.c.obj)
 .text.config_enable_default_clocks
                0x0000000008003e6a        0x2 zephyr/drivers/clock_control/libdrivers__clock_control.a(clock_stm32f1.c.obj)
                0x0000000008003e6a                config_enable_default_clocks
 .text.gpio_stm32_port_get_raw
                0x0000000008003e6c        0xc zephyr/drivers/gpio/libdrivers__gpio.a(gpio_stm32.c.obj)
 .text.gpio_stm32_port_set_masked_raw
                0x0000000008003e78       0x12 zephyr/drivers/gpio/libdrivers__gpio.a(gpio_stm32.c.obj)
 .text.gpio_stm32_port_set_bits_raw
                0x0000000008003e8a        0xa zephyr/drivers/gpio/libdrivers__gpio.a(gpio_stm32.c.obj)
 .text.gpio_stm32_port_clear_bits_raw
                0x0000000008003e94        0xa zephyr/drivers/gpio/libdrivers__gpio.a(gpio_stm32.c.obj)
 .text.gpio_stm32_port_toggle_bits
                0x0000000008003e9e        0xe zephyr/drivers/gpio/libdrivers__gpio.a(gpio_stm32.c.obj)
 .text.gpio_stm32_manage_callback
                0x0000000008003eac       0x52 zephyr/drivers/gpio/libdrivers__gpio.a(gpio_stm32.c.obj)
 .text.LL_GPIO_SetPinMode
                0x0000000008003efe       0x2c zephyr/drivers/gpio/libdrivers__gpio.a(gpio_stm32.c.obj)
 .text.LL_GPIO_SetPinSpeed
                0x0000000008003f2a       0x2c zephyr/drivers/gpio/libdrivers__gpio.a(gpio_stm32.c.obj)
 .text.LL_GPIO_SetPinOutputType
                0x0000000008003f56       0x2c zephyr/drivers/gpio/libdrivers__gpio.a(gpio_stm32.c.obj)
 .text.gpio_stm32_isr
                0x0000000008003f82       0x2e zephyr/drivers/gpio/libdrivers__gpio.a(gpio_stm32.c.obj)
 .text.gpio_stm32_configure_raw.constprop.0.isra.0
                0x0000000008003fb0       0xaa zephyr/drivers/gpio/libdrivers__gpio.a(gpio_stm32.c.obj)
 .text.gpio_stm32_config
                0x000000000800405a       0x72 zephyr/drivers/gpio/libdrivers__gpio.a(gpio_stm32.c.obj)
 .text.gpio_stm32_configure
                0x00000000080040cc       0x2a zephyr/drivers/gpio/libdrivers__gpio.a(gpio_stm32.c.obj)
                0x00000000080040cc                gpio_stm32_configure
 .text.LL_TIM_OC_SetCompareCH1
                0x00000000080040f6        0x4 zephyr/drivers/pwm/libdrivers__pwm.a(pwm_stm32.c.obj)
 .text.LL_TIM_OC_SetCompareCH2
                0x00000000080040fa        0x4 zephyr/drivers/pwm/libdrivers__pwm.a(pwm_stm32.c.obj)
 .text.LL_TIM_OC_SetCompareCH3
                0x00000000080040fe        0x4 zephyr/drivers/pwm/libdrivers__pwm.a(pwm_stm32.c.obj)
 .text.LL_TIM_OC_SetCompareCH4
                0x0000000008004102        0x4 zephyr/drivers/pwm/libdrivers__pwm.a(pwm_stm32.c.obj)
 .text.pwm_stm32_get_cycles_per_sec
                0x0000000008004106       0x16 zephyr/drivers/pwm/libdrivers__pwm.a(pwm_stm32.c.obj)
 .text.spi_context_get_next_buf
                0x000000000800411c       0x2c zephyr/drivers/spi/libdrivers__spi.a(spi_ll_stm32.c.obj)
 .text.gpio_pin_set_dt.isra.0
                0x0000000008004148       0x28 zephyr/drivers/spi/libdrivers__spi.a(spi_ll_stm32.c.obj)
 .text._spi_context_cs_control
                0x0000000008004170       0x44 zephyr/drivers/spi/libdrivers__spi.a(spi_ll_stm32.c.obj)
 .text.spi_context_unlock_unconditionally
                0x00000000080041b4       0x20 zephyr/drivers/spi/libdrivers__spi.a(spi_ll_stm32.c.obj)
 .text.spi_stm32_release
                0x00000000080041d4        0xc zephyr/drivers/spi/libdrivers__spi.a(spi_ll_stm32.c.obj)
 .text.can_calc_prescaler
                0x00000000080041e0       0x40 zephyr/drivers/can/libdrivers__can.a(can_common.c.obj)
                0x00000000080041e0                can_calc_prescaler
 .text.can_stm32_signal_tx_complete
                0x0000000008004220       0x14 zephyr/drivers/can/libdrivers__can.a(can_stm32.c.obj)
 .text.can_stm32_get_state
                0x0000000008004234       0x44 zephyr/drivers/can/libdrivers__can.a(can_stm32.c.obj)
 .text.can_stm32_get_capabilities
                0x0000000008004278        0x8 zephyr/drivers/can/libdrivers__can.a(can_stm32.c.obj)
 .text.can_stm32_get_max_bitrate
                0x0000000008004280        0xa zephyr/drivers/can/libdrivers__can.a(can_stm32.c.obj)
 .text.can_stm32_get_max_filters
                0x000000000800428a        0xa zephyr/drivers/can/libdrivers__can.a(can_stm32.c.obj)
 .text.can_stm32_set_state_change_callback
                0x0000000008004294       0x1e zephyr/drivers/can/libdrivers__can.a(can_stm32.c.obj)
 .text.config_can_0_irq
                0x00000000080042b2       0x42 zephyr/drivers/can/libdrivers__can.a(can_stm32.c.obj)
 .text.can_stm32_rx_isr
                0x00000000080042f4       0xc6 zephyr/drivers/can/libdrivers__can.a(can_stm32.c.obj)
 .text.can_stm32_tx_isr_handler
                0x00000000080043ba      0x104 zephyr/drivers/can/libdrivers__can.a(can_stm32.c.obj)
 .text.can_stm32_tx_isr
                0x00000000080044be        0x4 zephyr/drivers/can/libdrivers__can.a(can_stm32.c.obj)
 .text.can_stm32_state_change_isr
                0x00000000080044c2       0x4e zephyr/drivers/can/libdrivers__can.a(can_stm32.c.obj)
 .text.k_mutex_lock.constprop.0.isra.0
                0x0000000008004510        0x4 zephyr/drivers/can/libdrivers__can.a(can_stm32.c.obj)
 .text.k_mutex_unlock.isra.0
                0x0000000008004514        0x4 zephyr/drivers/can/libdrivers__can.a(can_stm32.c.obj)
 .text.can_stm32_stop
                0x0000000008004518       0x92 zephyr/drivers/can/libdrivers__can.a(can_stm32.c.obj)
 .text.can_stm32_send
                0x00000000080045aa      0x12c zephyr/drivers/can/libdrivers__can.a(can_stm32.c.obj)
 .text.can_stm32_set_mode
                0x00000000080046d6       0x6a zephyr/drivers/can/libdrivers__can.a(can_stm32.c.obj)
 .text.LL_USART_ClearFlag_PE
                0x0000000008004740       0x12 zephyr/drivers/serial/libdrivers__serial.a(uart_stm32.c.obj)
 .text.uart_stm32_set_baudrate
                0x0000000008004752       0x46 zephyr/drivers/serial/libdrivers__serial.a(uart_stm32.c.obj)
 .text.uart_stm32_poll_in
                0x0000000008004798       0x22 zephyr/drivers/serial/libdrivers__serial.a(uart_stm32.c.obj)
 .text.uart_stm32_poll_out
                0x00000000080047ba       0x3a zephyr/drivers/serial/libdrivers__serial.a(uart_stm32.c.obj)
 .text.uart_stm32_err_check
                0x00000000080047f4       0x66 zephyr/drivers/serial/libdrivers__serial.a(uart_stm32.c.obj)
 .text.uart_stm32_config_get
                0x000000000800485a       0x8c zephyr/drivers/serial/libdrivers__serial.a(uart_stm32.c.obj)
 .text.pinctrl_lookup_state
                0x00000000080048e6       0x26 zephyr/drivers/pinctrl/libdrivers__pinctrl.a(common.c.obj)
                0x00000000080048e6                pinctrl_lookup_state
 .text.reset_stm32_status
                0x000000000800490c       0x20 zephyr/drivers/reset/libdrivers__reset.a(reset_stm32.c.obj)
 .text.reset_stm32_line_assert
                0x000000000800492c       0x1c zephyr/drivers/reset/libdrivers__reset.a(reset_stm32.c.obj)
 .text.reset_stm32_line_deassert
                0x0000000008004948       0x1e zephyr/drivers/reset/libdrivers__reset.a(reset_stm32.c.obj)
 .text.reset_stm32_line_toggle
                0x0000000008004966       0x16 zephyr/drivers/reset/libdrivers__reset.a(reset_stm32.c.obj)
 .text.reset_stm32_init
                0x000000000800497c        0x4 zephyr/drivers/reset/libdrivers__reset.a(reset_stm32.c.obj)
 .text.LL_TIM_StructInit
                0x0000000008004980       0x12 modules/stm32/stm32cube/lib..__modules__hal__stm32__stm32cube.a(stm32f1xx_ll_tim.c.obj)
                0x0000000008004980                LL_TIM_StructInit
 .text.LL_TIM_OC_StructInit
                0x0000000008004992       0x14 modules/stm32/stm32cube/lib..__modules__hal__stm32__stm32cube.a(stm32f1xx_ll_tim.c.obj)
                0x0000000008004992                LL_TIM_OC_StructInit
 .text.z_device_state_init
                0x00000000080049a6        0x2 zephyr/kernel/libkernel.a(device.c.obj)
                0x00000000080049a6                z_device_state_init
 .text.z_device_is_ready
                0x00000000080049a8       0x16 zephyr/kernel/libkernel.a(device.c.obj)
                0x00000000080049a8                z_device_is_ready
 .text.arch_system_halt
                0x00000000080049be       0x12 zephyr/kernel/libkernel.a(fatal.c.obj)
                0x00000000080049be                arch_system_halt
 .text.k_sys_fatal_error_handler
                0x00000000080049d0        0x6 zephyr/kernel/libkernel.a(fatal.c.obj)
                0x00000000080049d0                k_sys_fatal_error_handler
 .text.z_fatal_error
                0x00000000080049d6       0x36 zephyr/kernel/libkernel.a(fatal.c.obj)
                0x00000000080049d6                z_fatal_error
 .text.z_early_memset
                0x0000000008004a0c        0x4 zephyr/kernel/libkernel.a(init.c.obj)
                0x0000000008004a0c                z_early_memset
 .text.z_early_memcpy
                0x0000000008004a10        0x4 zephyr/kernel/libkernel.a(init.c.obj)
                0x0000000008004a10                z_early_memcpy
 .text.idle     0x0000000008004a14       0x18 zephyr/kernel/libkernel.a(idle.c.obj)
                0x0000000008004a14                idle
 .text.adjust_owner_prio.isra.0
                0x0000000008004a2c       0x10 zephyr/kernel/libkernel.a(mutex.c.obj)
 .text.z_impl_k_mutex_init
                0x0000000008004a3c        0xe zephyr/kernel/libkernel.a(mutex.c.obj)
                0x0000000008004a3c                z_impl_k_mutex_init
 .text.z_impl_k_sem_init
                0x0000000008004a4a       0x18 zephyr/kernel/libkernel.a(sem.c.obj)
                0x0000000008004a4a                z_impl_k_sem_init
 .text.sys_dlist_remove
                0x0000000008004a62       0x10 zephyr/kernel/libkernel.a(sched.c.obj)
 .text.unpend_thread_no_timeout
                0x0000000008004a72       0x14 zephyr/kernel/libkernel.a(sched.c.obj)
 .text.z_thread_timeout
                0x0000000008004a86       0x44 zephyr/kernel/libkernel.a(sched.c.obj)
                0x0000000008004a86                z_thread_timeout
 .text.add_to_waitq_locked
                0x0000000008004aca       0x50 zephyr/kernel/libkernel.a(sched.c.obj)
 .text.z_ready_thread
                0x0000000008004b1a       0x20 zephyr/kernel/libkernel.a(sched.c.obj)
                0x0000000008004b1a                z_ready_thread
 .text.z_unpend_first_thread
                0x0000000008004b3a       0x38 zephyr/kernel/libkernel.a(sched.c.obj)
                0x0000000008004b3a                z_unpend_first_thread
 .text.z_reschedule_irqlock
                0x0000000008004b72       0x18 zephyr/kernel/libkernel.a(sched.c.obj)
                0x0000000008004b72                z_reschedule_irqlock
 .text.z_reschedule_unlocked
                0x0000000008004b8a       0x14 zephyr/kernel/libkernel.a(sched.c.obj)
 .text.z_impl_k_usleep
                0x0000000008004b9e       0x22 zephyr/kernel/libkernel.a(sched.c.obj)
                0x0000000008004b9e                z_impl_k_usleep
 .text.z_abort_timeout
                0x0000000008004bc0       0x2c zephyr/kernel/libkernel.a(timeout.c.obj)
                0x0000000008004bc0                z_abort_timeout
 .text.z_set_timeout_expiry
                0x0000000008004bec       0x38 zephyr/kernel/libkernel.a(timeout.c.obj)
                0x0000000008004bec                z_set_timeout_expiry
 .text.sys_clock_tick_get_32
                0x0000000008004c24        0x8 zephyr/kernel/libkernel.a(timeout.c.obj)
                0x0000000008004c24                sys_clock_tick_get_32
 .text.k_heap_init
                0x0000000008004c2c       0x10 zephyr/kernel/libkernel.a(kheap.c.obj)
                0x0000000008004c2c                k_heap_init
 *(SORT_BY_ALIGNMENT(.TEXT.*))
 *(SORT_BY_ALIGNMENT(.gnu.linkonce.t.*))
 *(SORT_BY_ALIGNMENT(.glue_7t))
 .glue_7t       0x0000000008004c3c        0x0 linker stubs
 *(SORT_BY_ALIGNMENT(.glue_7))
 .glue_7        0x0000000008004c3c        0x0 linker stubs
 *(SORT_BY_ALIGNMENT(.vfp11_veneer))
 .vfp11_veneer  0x0000000008004c3c        0x0 linker stubs
 *(SORT_BY_ALIGNMENT(.v4_bx))
 .v4_bx         0x0000000008004c3c        0x0 linker stubs
                0x0000000008004c3c                . = ALIGN (0x4)
                0x0000000008004c3c                __text_region_end = .

.ARM.exidx      0x0000000008004c3c        0x8
                0x0000000008004c3c                __exidx_start = .
 *(SORT_BY_ALIGNMENT(.ARM.exidx*) SORT_BY_ALIGNMENT(gnu.linkonce.armexidx.*))
 .ARM.exidx     0x0000000008004c3c        0x8 /home/zengjianming/zephyr_sdk/zephyr-sdk-0.16.1_linux-x86_64/zephyr-sdk-0.16.1/arm-zephyr-eabi/bin/../lib/gcc/arm-zephyr-eabi/12.2.0/thumb/v7-m/nofp/libgcc.a(_udivmoddi4.o)
                0x0000000008004c44                __exidx_end = .
                0x0000000008004c44                __rodata_region_start = .

initlevel       0x0000000008004c44       0x98
                0x0000000008004c44                __init_start = .
                0x0000000008004c44                __init_EARLY_start = .
 *(SORT_BY_NAME(SORT_BY_ALIGNMENT(.z_init_EARLY[0-9]_*)))
 *(SORT_BY_NAME(SORT_BY_ALIGNMENT(.z_init_EARLY[1-9][0-9]_*)))
                0x0000000008004c44                __init_PRE_KERNEL_1_start = .
 *(SORT_BY_NAME(SORT_BY_ALIGNMENT(.z_init_PRE_KERNEL_1[0-9]_*)))
 .z_init_PRE_KERNEL_10_
                0x0000000008004c44        0x8 zephyr/libzephyr.a(soc.c.obj)
 .z_init_PRE_KERNEL_11_
                0x0000000008004c4c        0x8 zephyr/libzephyr.a(soc_config.c.obj)
 .z_init_PRE_KERNEL_11_
                0x0000000008004c54        0x8 zephyr/drivers/clock_control/libdrivers__clock_control.a(clock_stm32_ll_common.c.obj)
 *(SORT_BY_NAME(SORT_BY_ALIGNMENT(.z_init_PRE_KERNEL_1[1-9][0-9]_*)))
 .z_init_PRE_KERNEL_130_
                0x0000000008004c5c        0x8 zephyr/kernel/libkernel.a(kheap.c.obj)
 .z_init_PRE_KERNEL_140_
                0x0000000008004c64        0x8 zephyr/drivers/interrupt_controller/libdrivers__interrupt_controller.a(intc_exti_stm32.c.obj)
 .z_init_PRE_KERNEL_140_
                0x0000000008004c6c       0x28 zephyr/drivers/gpio/libdrivers__gpio.a(gpio_stm32.c.obj)
 .z_init_PRE_KERNEL_140_
                0x0000000008004c94        0x8 zephyr/drivers/reset/libdrivers__reset.a(reset_stm32.c.obj)
 .z_init_PRE_KERNEL_155_
                0x0000000008004c9c        0x8 zephyr/drivers/serial/libdrivers__serial.a(uart_stm32.c.obj)
 .z_init_PRE_KERNEL_160_
                0x0000000008004ca4        0x8 zephyr/drivers/console/libdrivers__console.a(uart_console.c.obj)
                0x0000000008004cac                __init_PRE_KERNEL_2_start = .
 *(SORT_BY_NAME(SORT_BY_ALIGNMENT(.z_init_PRE_KERNEL_2[0-9]_*)))
 .z_init_PRE_KERNEL_20_
                0x0000000008004cac        0x8 zephyr/drivers/timer/libdrivers__timer.a(cortex_m_systick.c.obj)
 *(SORT_BY_NAME(SORT_BY_ALIGNMENT(.z_init_PRE_KERNEL_2[1-9][0-9]_*)))
                0x0000000008004cb4                __init_POST_KERNEL_start = .
 *(SORT_BY_NAME(SORT_BY_ALIGNMENT(.z_init_POST_KERNEL[0-9]_*)))
 *(SORT_BY_NAME(SORT_BY_ALIGNMENT(.z_init_POST_KERNEL[1-9][0-9]_*)))
 .z_init_POST_KERNEL50_
                0x0000000008004cb4       0x18 zephyr/drivers/pwm/libdrivers__pwm.a(pwm_stm32.c.obj)
 .z_init_POST_KERNEL50_
                0x0000000008004ccc        0x8 zephyr/drivers/can/libdrivers__can.a(can_stm32.c.obj)
 .z_init_POST_KERNEL70_
                0x0000000008004cd4        0x8 zephyr/drivers/spi/libdrivers__spi.a(spi_ll_stm32.c.obj)
                0x0000000008004cdc                __init_APPLICATION_start = .
 *(SORT_BY_NAME(SORT_BY_ALIGNMENT(.z_init_APPLICATION[0-9]_*)))
 *(SORT_BY_NAME(SORT_BY_ALIGNMENT(.z_init_APPLICATION[1-9][0-9]_*)))
                0x0000000008004cdc                __init_SMP_start = .
 *(SORT_BY_NAME(SORT_BY_ALIGNMENT(.z_init_SMP[0-9]_*)))
 *(SORT_BY_NAME(SORT_BY_ALIGNMENT(.z_init_SMP[1-9][0-9]_*)))
                0x0000000008004cdc                __init_end = .

devices         0x0000000008004cdc      0x150
                0x0000000008004cdc                __device_start = .
                0x0000000008004cdc                __device_EARLY_start = .
 *(SORT_BY_NAME(SORT_BY_ALIGNMENT(.z_device_EARLY[0-9]_*)))
 *(SORT_BY_NAME(SORT_BY_ALIGNMENT(.z_device_EARLY[1-9][0-9]_*)))
                0x0000000008004cdc                __device_PRE_KERNEL_1_start = .
 *(SORT_BY_NAME(SORT_BY_ALIGNMENT(.z_device_PRE_KERNEL_1[0-9]_*)))
 .z_device_PRE_KERNEL_11_
                0x0000000008004cdc       0x18 zephyr/drivers/clock_control/libdrivers__clock_control.a(clock_stm32_ll_common.c.obj)
                0x0000000008004cdc                __device_dts_ord_8
 *(SORT_BY_NAME(SORT_BY_ALIGNMENT(.z_device_PRE_KERNEL_1[1-9][0-9]_*)))
 .z_device_PRE_KERNEL_140_
                0x0000000008004cf4       0x18 zephyr/drivers/interrupt_controller/libdrivers__interrupt_controller.a(intc_exti_stm32.c.obj)
                0x0000000008004cf4                __device_dts_ord_43
 .z_device_PRE_KERNEL_140_
                0x0000000008004d0c       0x78 zephyr/drivers/gpio/libdrivers__gpio.a(gpio_stm32.c.obj)
                0x0000000008004d0c                __device_dts_ord_67
                0x0000000008004d24                __device_dts_ord_66
                0x0000000008004d3c                __device_dts_ord_65
                0x0000000008004d54                __device_dts_ord_20
                0x0000000008004d6c                __device_dts_ord_24
 .z_device_PRE_KERNEL_140_
                0x0000000008004d84       0x18 zephyr/drivers/reset/libdrivers__reset.a(reset_stm32.c.obj)
                0x0000000008004d84                __device_dts_ord_27
 .z_device_PRE_KERNEL_155_
                0x0000000008004d9c       0x18 zephyr/drivers/serial/libdrivers__serial.a(uart_stm32.c.obj)
                0x0000000008004d9c                __device_dts_ord_49
                0x0000000008004db4                __device_PRE_KERNEL_2_start = .
 *(SORT_BY_NAME(SORT_BY_ALIGNMENT(.z_device_PRE_KERNEL_2[0-9]_*)))
 *(SORT_BY_NAME(SORT_BY_ALIGNMENT(.z_device_PRE_KERNEL_2[1-9][0-9]_*)))
                0x0000000008004db4                __device_POST_KERNEL_start = .
 *(SORT_BY_NAME(SORT_BY_ALIGNMENT(.z_device_POST_KERNEL[0-9]_*)))
 *(SORT_BY_NAME(SORT_BY_ALIGNMENT(.z_device_POST_KERNEL[1-9][0-9]_*)))
 .z_device_POST_KERNEL50_
                0x0000000008004db4       0x48 zephyr/drivers/pwm/libdrivers__pwm.a(pwm_stm32.c.obj)
                0x0000000008004db4                __device_dts_ord_70
                0x0000000008004dcc                __device_dts_ord_35
                0x0000000008004de4                __device_dts_ord_30
 .z_device_POST_KERNEL50_
                0x0000000008004dfc       0x18 zephyr/drivers/can/libdrivers__can.a(can_stm32.c.obj)
                0x0000000008004dfc                __device_dts_ord_39
 .z_device_POST_KERNEL70_
                0x0000000008004e14       0x18 zephyr/drivers/spi/libdrivers__spi.a(spi_ll_stm32.c.obj)
                0x0000000008004e14                __device_dts_ord_53
                0x0000000008004e2c                __device_APPLICATION_start = .
 *(SORT_BY_NAME(SORT_BY_ALIGNMENT(.z_device_APPLICATION[0-9]_*)))
 *(SORT_BY_NAME(SORT_BY_ALIGNMENT(.z_device_APPLICATION[1-9][0-9]_*)))
                0x0000000008004e2c                __device_SMP_start = .
 *(SORT_BY_NAME(SORT_BY_ALIGNMENT(.z_device_SMP[0-9]_*)))
 *(SORT_BY_NAME(SORT_BY_ALIGNMENT(.z_device_SMP[1-9][0-9]_*)))
                0x0000000008004e2c                __device_end = .

sw_isr_table    0x0000000008004e2c      0x158
                0x0000000008004e2c                . = ALIGN (0x4)
 *(SORT_BY_ALIGNMENT(.gnu.linkonce.sw_isr_table*))
 .gnu.linkonce.sw_isr_table
                0x0000000008004e2c      0x158 zephyr/CMakeFiles/zephyr_final.dir/isr_tables.c.obj
                0x0000000008004e2c                _sw_isr_table

initlevel_error
                0x0000000008004c44        0x0
 *(SORT_BY_NAME(SORT_BY_ALIGNMENT(.z_init_[_A-Z0-9]*)))
                0x0000000000000001                ASSERT ((SIZEOF (initlevel_error) == 0x0), Undefined initialization levels used.)

app_shmem_regions
                0x0000000008004f84        0x0
                0x0000000008004f84                __app_shmem_regions_start = .
 *(SORT_BY_NAME(SORT_BY_ALIGNMENT(.app_regions.*)))
                0x0000000008004f84                __app_shmem_regions_end = .

k_p4wq_initparam_area
                0x0000000008004f84        0x0
                0x0000000008004f84                _k_p4wq_initparam_list_start = .
 *(SORT_BY_NAME(SORT_BY_ALIGNMENT(._k_p4wq_initparam.static.*)))
                0x0000000008004f84                _k_p4wq_initparam_list_end = .

_static_thread_data_area
                0x0000000008004f84        0x0
                0x0000000008004f84                __static_thread_data_list_start = .
 *(SORT_BY_NAME(SORT_BY_ALIGNMENT(.__static_thread_data.static.*)))
                0x0000000008004f84                __static_thread_data_list_end = .

device_handles  0x0000000008004f84       0x98
                0x0000000008004f84                __device_handles_start = .
 *(SORT_BY_NAME(SORT_BY_ALIGNMENT(.__device_handles_pass2*)))
 .__device_handles_pass2
                0x0000000008004f84       0x98 zephyr/CMakeFiles/zephyr_final.dir/dev_handles.c.obj
                0x0000000008004f84                __devicehdl_dts_ord_53
                0x0000000008004f8e                __devicehdl_dts_ord_39
                0x0000000008004f96                __devicehdl_dts_ord_30
                0x0000000008004fa0                __devicehdl_dts_ord_35
                0x0000000008004faa                __devicehdl_dts_ord_70
                0x0000000008004fb4                __devicehdl_dts_ord_49
                0x0000000008004fbe                __devicehdl_dts_ord_27
                0x0000000008004fce                __devicehdl_dts_ord_24
                0x0000000008004fd8                __devicehdl_dts_ord_20
                0x0000000008004fe0                __devicehdl_dts_ord_65
                0x0000000008004fe8                __devicehdl_dts_ord_66
                0x0000000008004ff0                __devicehdl_dts_ord_67
                0x0000000008004ff8                __devicehdl_dts_ord_43
                0x0000000008004ffe                __devicehdl_dts_ord_8
                0x000000000800501c                __device_handles_end = .

ztest           0x000000000800501c        0x0
                0x000000000800501c                _ztest_expected_result_entry_list_start = .
 *(SORT_BY_NAME(SORT_BY_ALIGNMENT(._ztest_expected_result_entry.static.*)))
                0x000000000800501c                _ztest_expected_result_entry_list_end = .
                0x000000000800501c                _ztest_suite_node_list_start = .
 *(SORT_BY_NAME(SORT_BY_ALIGNMENT(._ztest_suite_node.static.*)))
                0x000000000800501c                _ztest_suite_node_list_end = .
                0x000000000800501c                _ztest_unit_test_list_start = .
 *(SORT_BY_NAME(SORT_BY_ALIGNMENT(._ztest_unit_test.static.*)))
                0x000000000800501c                _ztest_unit_test_list_end = .
                0x000000000800501c                _ztest_test_rule_list_start = .
 *(SORT_BY_NAME(SORT_BY_ALIGNMENT(._ztest_test_rule.static.*)))
                0x000000000800501c                _ztest_test_rule_list_end = .

bt_l2cap_fixed_chan_area
                0x000000000800501c        0x0
                0x000000000800501c                _bt_l2cap_fixed_chan_list_start = .
 *(SORT_BY_NAME(SORT_BY_ALIGNMENT(._bt_l2cap_fixed_chan.static.*)))
                0x000000000800501c                _bt_l2cap_fixed_chan_list_end = .

bt_gatt_service_static_area
                0x000000000800501c        0x0
                0x000000000800501c                _bt_gatt_service_static_list_start = .
 *(SORT_BY_NAME(SORT_BY_ALIGNMENT(._bt_gatt_service_static.static.*)))
                0x000000000800501c                _bt_gatt_service_static_list_end = .

log_strings_sections
                0x000000000800501c        0x0
                0x000000000800501c                __log_strings_start = .
 *(SORT_BY_NAME(SORT_BY_ALIGNMENT(.log_strings*)))
                0x000000000800501c                __log_strings_end = .

log_const_sections
                0x000000000800501c       0x38
                0x000000000800501c                __log_const_start = .
 *(SORT_BY_NAME(SORT_BY_ALIGNMENT(.log_const_*)))
 .log_const_can_common
                0x000000000800501c        0x8 zephyr/drivers/can/libdrivers__can.a(can_common.c.obj)
                0x000000000800501c                log_const_can_common
 .log_const_can_stm32
                0x0000000008005024        0x8 zephyr/drivers/can/libdrivers__can.a(can_stm32.c.obj)
                0x0000000008005024                log_const_can_stm32
 .log_const_cbprintf_package
                0x000000000800502c        0x8 zephyr/libzephyr.a(cbprintf_packaged.c.obj)
                0x000000000800502c                log_const_cbprintf_package
 .log_const_os  0x0000000008005034        0x8 zephyr/kernel/libkernel.a(init.c.obj)
                0x0000000008005034                log_const_os
 .log_const_pwm_stm32
                0x000000000800503c        0x8 zephyr/drivers/pwm/libdrivers__pwm.a(pwm_stm32.c.obj)
                0x000000000800503c                log_const_pwm_stm32
 .log_const_spi_ll_stm32
                0x0000000008005044        0x8 zephyr/drivers/spi/libdrivers__spi.a(spi_ll_stm32.c.obj)
                0x0000000008005044                log_const_spi_ll_stm32
 .log_const_uart_stm32
                0x000000000800504c        0x8 zephyr/drivers/serial/libdrivers__serial.a(uart_stm32.c.obj)
                0x000000000800504c                log_const_uart_stm32
                0x0000000008005054                __log_const_end = .

log_backend_area
                0x0000000008005054        0x0
                0x0000000008005054                _log_backend_list_start = .
 *(SORT_BY_NAME(SORT_BY_ALIGNMENT(._log_backend.static.*)))
                0x0000000008005054                _log_backend_list_end = .

log_link_area   0x0000000008005054        0x0
                0x0000000008005054                _log_link_list_start = .
 *(SORT_BY_NAME(SORT_BY_ALIGNMENT(._log_link.static.*)))
                0x0000000008005054                _log_link_list_end = .

tracing_backend_area
                0x0000000008005054        0x0
                0x0000000008005054                _tracing_backend_list_start = .
 *(SORT_BY_NAME(SORT_BY_ALIGNMENT(._tracing_backend.static.*)))
                0x0000000008005054                _tracing_backend_list_end = .

zephyr_dbg_info
 *(SORT_BY_ALIGNMENT(.dbg_thread_info))

symbol_to_keep  0x0000000008005054        0x0
                0x0000000008005054                __symbol_to_keep_start = .
 *(SORT_BY_NAME(SORT_BY_ALIGNMENT(.symbol_to_keep*)))
                0x0000000008005054                __symbol_to_keep_end = .

shell_area      0x0000000008005054        0x0
                0x0000000008005054                _shell_list_start = .
 *(SORT_BY_NAME(SORT_BY_ALIGNMENT(._shell.static.*)))
                0x0000000008005054                _shell_list_end = .

shell_root_cmds_sections
                0x0000000008005054        0x0
                0x0000000008005054                __shell_root_cmds_start = .
 *(SORT_BY_NAME(SORT_BY_ALIGNMENT(.shell_root_cmd_*)))
                0x0000000008005054                __shell_root_cmds_end = .

shell_subcmds_sections
                0x0000000008005054        0x0
                0x0000000008005054                __shell_subcmds_start = .
 *(SORT_BY_NAME(SORT_BY_ALIGNMENT(.shell_subcmd_*)))
                0x0000000008005054                __shell_subcmds_end = .

shell_dynamic_subcmds_sections
                0x0000000008005054        0x0
                0x0000000008005054                __shell_dynamic_subcmds_start = .
 *(SORT_BY_NAME(SORT_BY_ALIGNMENT(.shell_dynamic_subcmd_*)))
                0x0000000008005054                __shell_dynamic_subcmds_end = .

font_entry_sections
                0x0000000008005054        0x0
                0x0000000008005054                __font_entry_start = .
 *(SORT_BY_NAME(SORT_BY_ALIGNMENT(._cfb_font.*)))
                0x0000000008005054                __font_entry_end = .

rodata          0x0000000008005054      0x5fc
 *(SORT_BY_ALIGNMENT(.rodata))
 .rodata        0x0000000008005054        0xc app/libapp.a(spi_func.cpp.obj)
 .rodata        0x0000000008005060       0x20 zephyr/drivers/spi/libdrivers__spi.a(spi_ll_stm32.c.obj)
 *(SORT_BY_ALIGNMENT(.rodata.*))
 .rodata._ZL11BOARD_LED_C
                0x0000000008005080        0x8 app/libapp.a(gpio_func.cpp.obj)
 .rodata._ZL11BOARD_LED_B
                0x0000000008005088        0x8 app/libapp.a(gpio_func.cpp.obj)
 .rodata._ZL11BOARD_LED_A
                0x0000000008005090        0x8 app/libapp.a(gpio_func.cpp.obj)
 .rodata.gpio_stm32_cfg_e
                0x0000000008005098       0x14 zephyr/drivers/gpio/libdrivers__gpio.a(gpio_stm32.c.obj)
 .rodata.gpio_stm32_cfg_d
                0x00000000080050ac       0x14 zephyr/drivers/gpio/libdrivers__gpio.a(gpio_stm32.c.obj)
 .rodata.gpio_stm32_cfg_c
                0x00000000080050c0       0x14 zephyr/drivers/gpio/libdrivers__gpio.a(gpio_stm32.c.obj)
 .rodata.gpio_stm32_cfg_b
                0x00000000080050d4       0x14 zephyr/drivers/gpio/libdrivers__gpio.a(gpio_stm32.c.obj)
 .rodata.gpio_stm32_cfg_a
                0x00000000080050e8       0x14 zephyr/drivers/gpio/libdrivers__gpio.a(gpio_stm32.c.obj)
 .rodata.gpio_stm32_driver
                0x00000000080050fc       0x24 zephyr/drivers/gpio/libdrivers__gpio.a(gpio_stm32.c.obj)
 .rodata.pwm_stm32_config_2
                0x0000000008005120       0x18 zephyr/drivers/pwm/libdrivers__pwm.a(pwm_stm32.c.obj)
 .rodata.__pinctrl_dev_config__device_dts_ord_70
                0x0000000008005138        0x8 zephyr/drivers/pwm/libdrivers__pwm.a(pwm_stm32.c.obj)
 .rodata.__pinctrl_states__device_dts_ord_70
                0x0000000008005140        0x8 zephyr/drivers/pwm/libdrivers__pwm.a(pwm_stm32.c.obj)
 .rodata.__pinctrl_state_pins_0__device_dts_ord_70
                0x0000000008005148        0x8 zephyr/drivers/pwm/libdrivers__pwm.a(pwm_stm32.c.obj)
 .rodata.pwm_stm32_config_1
                0x0000000008005150       0x18 zephyr/drivers/pwm/libdrivers__pwm.a(pwm_stm32.c.obj)
 .rodata.__pinctrl_dev_config__device_dts_ord_35
                0x0000000008005168        0x8 zephyr/drivers/pwm/libdrivers__pwm.a(pwm_stm32.c.obj)
 .rodata.__pinctrl_states__device_dts_ord_35
                0x0000000008005170        0x8 zephyr/drivers/pwm/libdrivers__pwm.a(pwm_stm32.c.obj)
 .rodata.__pinctrl_state_pins_0__device_dts_ord_35
                0x0000000008005178        0x8 zephyr/drivers/pwm/libdrivers__pwm.a(pwm_stm32.c.obj)
 .rodata.pwm_stm32_config_0
                0x0000000008005180       0x18 zephyr/drivers/pwm/libdrivers__pwm.a(pwm_stm32.c.obj)
 .rodata.__pinctrl_dev_config__device_dts_ord_30
                0x0000000008005198        0x8 zephyr/drivers/pwm/libdrivers__pwm.a(pwm_stm32.c.obj)
 .rodata.__pinctrl_states__device_dts_ord_30
                0x00000000080051a0        0x8 zephyr/drivers/pwm/libdrivers__pwm.a(pwm_stm32.c.obj)
 .rodata.__pinctrl_state_pins_0__device_dts_ord_30
                0x00000000080051a8        0x8 zephyr/drivers/pwm/libdrivers__pwm.a(pwm_stm32.c.obj)
 .rodata.pwm_stm32_driver_api
                0x00000000080051b0        0x8 zephyr/drivers/pwm/libdrivers__pwm.a(pwm_stm32.c.obj)
 .rodata.set_timer_compare
                0x00000000080051b8       0x10 zephyr/drivers/pwm/libdrivers__pwm.a(pwm_stm32.c.obj)
 .rodata.ch2ll_n
                0x00000000080051c8        0xc zephyr/drivers/pwm/libdrivers__pwm.a(pwm_stm32.c.obj)
 .rodata.ch2ll  0x00000000080051d4       0x10 zephyr/drivers/pwm/libdrivers__pwm.a(pwm_stm32.c.obj)
 .rodata.__compound_literal.0
                0x00000000080051e4        0x8 zephyr/drivers/spi/libdrivers__spi.a(spi_ll_stm32.c.obj)
 .rodata.spi_stm32_cfg_0
                0x00000000080051ec       0x10 zephyr/drivers/spi/libdrivers__spi.a(spi_ll_stm32.c.obj)
 .rodata.pclken_0
                0x00000000080051fc        0x8 zephyr/drivers/spi/libdrivers__spi.a(spi_ll_stm32.c.obj)
 .rodata.__pinctrl_dev_config__device_dts_ord_53
                0x0000000008005204        0x8 zephyr/drivers/spi/libdrivers__spi.a(spi_ll_stm32.c.obj)
 .rodata.__pinctrl_states__device_dts_ord_53
                0x000000000800520c        0x8 zephyr/drivers/spi/libdrivers__spi.a(spi_ll_stm32.c.obj)
 .rodata.__pinctrl_state_pins_0__device_dts_ord_53
                0x0000000008005214       0x10 zephyr/drivers/spi/libdrivers__spi.a(spi_ll_stm32.c.obj)
 .rodata.api_funcs
                0x0000000008005224        0x8 zephyr/drivers/spi/libdrivers__spi.a(spi_ll_stm32.c.obj)
 .rodata.can_stm32_cfg_0
                0x000000000800522c       0x2c zephyr/drivers/can/libdrivers__can.a(can_stm32.c.obj)
 .rodata.__pinctrl_dev_config__device_dts_ord_39
                0x0000000008005258        0x8 zephyr/drivers/can/libdrivers__can.a(can_stm32.c.obj)
 .rodata.__pinctrl_states__device_dts_ord_39
                0x0000000008005260        0x8 zephyr/drivers/can/libdrivers__can.a(can_stm32.c.obj)
 .rodata.__pinctrl_state_pins_0__device_dts_ord_39
                0x0000000008005268       0x10 zephyr/drivers/can/libdrivers__can.a(can_stm32.c.obj)
 .rodata.can_api_funcs
                0x0000000008005278       0x48 zephyr/drivers/can/libdrivers__can.a(can_stm32.c.obj)
 .rodata.uart_stm32_cfg_0
                0x00000000080052c0       0x1c zephyr/drivers/serial/libdrivers__serial.a(uart_stm32.c.obj)
 .rodata.pclken_0
                0x00000000080052dc        0x8 zephyr/drivers/serial/libdrivers__serial.a(uart_stm32.c.obj)
 .rodata.__pinctrl_dev_config__device_dts_ord_49
                0x00000000080052e4        0x8 zephyr/drivers/serial/libdrivers__serial.a(uart_stm32.c.obj)
 .rodata.__pinctrl_states__device_dts_ord_49
                0x00000000080052ec        0x8 zephyr/drivers/serial/libdrivers__serial.a(uart_stm32.c.obj)
 .rodata.__pinctrl_state_pins_0__device_dts_ord_49
                0x00000000080052f4       0x10 zephyr/drivers/serial/libdrivers__serial.a(uart_stm32.c.obj)
 .rodata.uart_stm32_driver_api
                0x0000000008005304       0x14 zephyr/drivers/serial/libdrivers__serial.a(uart_stm32.c.obj)
 .rodata.gpio_ports
                0x0000000008005318       0x2c zephyr/drivers/pinctrl/libdrivers__pinctrl.a(pinctrl_stm32.c.obj)
 .rodata.reset_stm32_config
                0x0000000008005344        0x4 zephyr/drivers/reset/libdrivers__reset.a(reset_stm32.c.obj)
 .rodata.reset_stm32_driver_api
                0x0000000008005348       0x10 zephyr/drivers/reset/libdrivers__reset.a(reset_stm32.c.obj)
 .rodata._k_neg_eagain
                0x0000000008005358        0x4 zephyr/kernel/libkernel.a(errno.c.obj)
                0x0000000008005358                _k_neg_eagain
 .rodata.levels.0
                0x000000000800535c       0x18 zephyr/kernel/libkernel.a(init.c.obj)
 .rodata.CSWTCH.705
                0x0000000008005374        0x6 zephyr/drivers/serial/libdrivers__serial.a(uart_stm32.c.obj)
 .rodata._ZN16HikariGPIOConfig14board_led_initEv.str1.1
                0x000000000800537a       0x68 app/libapp.a(gpio_func.cpp.obj)
 .rodata._ZN16HikariGPIOConfig8pwm_initEv.str1.1
                0x00000000080053e2       0x3e app/libapp.a(gpio_func.cpp.obj)
 .rodata._ZN15HikariSPIConfig11my_spi_initEPK6device.str1.1
                0x0000000008005420       0x3e app/libapp.a(spi_func.cpp.obj)
 .rodata._ZN15HikariSPIConfig12my_spi_writeEPK6devicePhj.str1.1
                0x000000000800545e       0x17 app/libapp.a(spi_func.cpp.obj)
 .rodata._ZN18HikariSPIControler25rgb2spi_array_output_TESTEPh.str1.1
                0x0000000008005475       0x51 app/libapp.a(spi2control.cpp.obj)
 .rodata.str1.1
                0x00000000080054c6       0x11 zephyr/libzephyr.a(cbprintf_packaged.c.obj)
 .rodata.z_cbvprintf_impl.str1.1
                0x00000000080054d7        0x6 zephyr/libzephyr.a(cbprintf_complete.c.obj)
 .rodata.line_range_6.0
                0x00000000080054dd        0x2 zephyr/drivers/interrupt_controller/libdrivers__interrupt_controller.a(intc_exti_stm32.c.obj)
 .rodata.line_range_5.1
                0x00000000080054df        0x2 zephyr/drivers/interrupt_controller/libdrivers__interrupt_controller.a(intc_exti_stm32.c.obj)
 .rodata.line_range_4.2
                0x00000000080054e1        0x2 zephyr/drivers/interrupt_controller/libdrivers__interrupt_controller.a(intc_exti_stm32.c.obj)
 .rodata.line_range_3.3
                0x00000000080054e3        0x2 zephyr/drivers/interrupt_controller/libdrivers__interrupt_controller.a(intc_exti_stm32.c.obj)
 .rodata.line_range_2.4
                0x00000000080054e5        0x2 zephyr/drivers/interrupt_controller/libdrivers__interrupt_controller.a(intc_exti_stm32.c.obj)
 .rodata.line_range_1.5
                0x00000000080054e7        0x2 zephyr/drivers/interrupt_controller/libdrivers__interrupt_controller.a(intc_exti_stm32.c.obj)
 .rodata.line_range_0.6
                0x00000000080054e9        0x2 zephyr/drivers/interrupt_controller/libdrivers__interrupt_controller.a(intc_exti_stm32.c.obj)
 .rodata.str1.1
                0x00000000080054eb       0x1e zephyr/drivers/interrupt_controller/libdrivers__interrupt_controller.a(intc_exti_stm32.c.obj)
 .rodata.str1.1
                0x0000000008005509        0xd zephyr/drivers/clock_control/libdrivers__clock_control.a(clock_stm32_ll_common.c.obj)
 .rodata.str1.1
                0x0000000008005516       0x46 zephyr/drivers/gpio/libdrivers__gpio.a(gpio_stm32.c.obj)
 .rodata.str1.1
                0x000000000800555c        0xe zephyr/drivers/pwm/libdrivers__pwm.a(pwm_stm32.c.obj)
 .rodata.SHIFT_TAB_CCxP
                0x000000000800556a        0x7 zephyr/drivers/pwm/libdrivers__pwm.a(pwm_stm32.c.obj)
 .rodata.SHIFT_TAB_OCxx
                0x0000000008005571        0x7 zephyr/drivers/pwm/libdrivers__pwm.a(pwm_stm32.c.obj)
 .rodata.OFFSET_TAB_CCMRx
                0x0000000008005578        0x7 zephyr/drivers/pwm/libdrivers__pwm.a(pwm_stm32.c.obj)
 .rodata.str1.1
                0x000000000800557f       0x1a zephyr/drivers/spi/libdrivers__spi.a(spi_ll_stm32.c.obj)
 .rodata.str1.1
                0x0000000008005599        0xb zephyr/drivers/can/libdrivers__can.a(can_common.c.obj)
 .rodata.str1.1
                0x00000000080055a4       0x17 zephyr/drivers/can/libdrivers__can.a(can_stm32.c.obj)
 .rodata.str1.1
                0x00000000080055bb       0x1b zephyr/drivers/serial/libdrivers__serial.a(uart_stm32.c.obj)
 .rodata.str1.1
                0x00000000080055d6       0x11 zephyr/drivers/reset/libdrivers__reset.a(reset_stm32.c.obj)
 .rodata.AHBPrescTable
                0x00000000080055e7       0x10 modules/stm32/stm32cube/lib..__modules__hal__stm32__stm32cube.a(system_stm32f1xx.c.obj)
                0x00000000080055e7                AHBPrescTable
 .rodata.HAL_RCC_GetSysClockFreq.str1.1
                0x00000000080055f7       0x11 modules/stm32/stm32cube/lib..__modules__hal__stm32__stm32cube.a(stm32f1xx_hal_rcc.c.obj)
 .rodata.z_cstart.str1.1
                0x0000000008005608        0x5 zephyr/kernel/libkernel.a(init.c.obj)
 .rodata.str1.1
                0x000000000800560d        0x3 zephyr/kernel/libkernel.a(init.c.obj)
 .rodata.boot_banner.str1.1
                0x0000000008005610       0x40 zephyr/kernel/libkernel.a(banner.c.obj)
 *(SORT_BY_ALIGNMENT(.gnu.linkonce.r.*))
                0x0000000008005650                . = ALIGN (0x4)
                0x0000000008005650                __rodata_region_end = .
                0x0000000008005650                . = ALIGN (_region_min_align)
                0x0000000008005650                __rom_region_end = ((__rom_region_start + .) - ADDR (rom_start))

/DISCARD/
 *(SORT_BY_ALIGNMENT(.got.plt))
 *(SORT_BY_ALIGNMENT(.igot.plt))
 *(SORT_BY_ALIGNMENT(.got))
 *(SORT_BY_ALIGNMENT(.igot))
                0x0000000020000000                . = 0x20000000
                0x0000000020000000                . = ALIGN (_region_min_align)
                0x0000000020000000                _image_ram_start = .

.ramfunc        0x0000000020000000        0x0 load address 0x0000000008005650
                0x0000000020000000                . = ALIGN (_region_min_align)
                0x0000000020000000                __ramfunc_start = .
 *(SORT_BY_ALIGNMENT(.ramfunc))
 *(SORT_BY_ALIGNMENT(.ramfunc.*))
                0x0000000020000000                . = ALIGN (_region_min_align)
                0x0000000020000000                __ramfunc_end = .
                0x0000000000000000                __ramfunc_size = (__ramfunc_end - __ramfunc_start)
                0x0000000008005650                __ramfunc_load_start = LOADADDR (.ramfunc)

datas           0x0000000020000000      0x124 load address 0x0000000008005650
                0x0000000020000000                __data_region_start = .
                0x0000000020000000                __data_start = .
 *(SORT_BY_ALIGNMENT(.data))
 *(SORT_BY_ALIGNMENT(.data.*))
 .data._char_out
                0x0000000020000000        0x4 zephyr/libzephyr.a(printk.c.obj)
                0x0000000020000000                _char_out
 .data._stdout_hook
                0x0000000020000004        0x4 zephyr/lib/libc/minimal/liblib__libc__minimal.a(stdout_console.c.obj)
 .data.stm32_clock_control_api
                0x0000000020000008       0x1c zephyr/drivers/clock_control/libdrivers__clock_control.a(clock_stm32_ll_common.c.obj)
 .data.spi_stm32_dev_data_0
                0x0000000020000024       0x54 zephyr/drivers/spi/libdrivers__spi.a(spi_ll_stm32.c.obj)
 .data.uart_stm32_data_0
                0x0000000020000078       0x10 zephyr/drivers/serial/libdrivers__serial.a(uart_stm32.c.obj)
 .data.SystemCoreClock
                0x0000000020000088        0x4 modules/stm32/stm32cube/lib..__modules__hal__stm32__stm32cube.a(system_stm32f1xx.c.obj)
                0x0000000020000088                SystemCoreClock
 .data.timeout_list
                0x000000002000008c        0x8 zephyr/kernel/libkernel.a(timeout.c.obj)
 .data.clear_test_array
                0x0000000020000094       0x80 app/libapp.a(main.cpp.obj)
                0x0000000020000094                clear_test_array
 .data.exti_irq_table
                0x0000000020000114       0x10 zephyr/drivers/interrupt_controller/libdrivers__interrupt_controller.a(intc_exti_stm32.c.obj)
 *(SORT_BY_ALIGNMENT(.kernel.*))
                0x0000000020000124                __data_end = .
                0x0000000000000124                __data_size = (__data_end - __data_start)
                0x0000000008005650                __data_load_start = LOADADDR (datas)
                0x0000000008005650                __data_region_load_start = LOADADDR (datas)

device_states   0x0000000020000124       0x1c load address 0x0000000008005774
                0x0000000020000124                __device_states_start = .
 *(SORT_BY_ALIGNMENT(.z_devstate))
 .z_devstate    0x0000000020000124        0x2 zephyr/drivers/interrupt_controller/libdrivers__interrupt_controller.a(intc_exti_stm32.c.obj)
 .z_devstate    0x0000000020000126        0x2 zephyr/drivers/clock_control/libdrivers__clock_control.a(clock_stm32_ll_common.c.obj)
 .z_devstate    0x0000000020000128        0xa zephyr/drivers/gpio/libdrivers__gpio.a(gpio_stm32.c.obj)
 .z_devstate    0x0000000020000132        0x6 zephyr/drivers/pwm/libdrivers__pwm.a(pwm_stm32.c.obj)
 .z_devstate    0x0000000020000138        0x2 zephyr/drivers/spi/libdrivers__spi.a(spi_ll_stm32.c.obj)
 .z_devstate    0x000000002000013a        0x2 zephyr/drivers/can/libdrivers__can.a(can_stm32.c.obj)
 .z_devstate    0x000000002000013c        0x2 zephyr/drivers/serial/libdrivers__serial.a(uart_stm32.c.obj)
 .z_devstate    0x000000002000013e        0x2 zephyr/drivers/reset/libdrivers__reset.a(reset_stm32.c.obj)
 *(SORT_BY_ALIGNMENT(.z_devstate.*))
                0x0000000020000140                __device_states_end = .

initshell       0x0000000020000140        0x0 load address 0x0000000008005790
                0x0000000020000140                __shell_module_start = .
 *(SORT_BY_ALIGNMENT(.shell_module_*))
                0x0000000020000140                __shell_module_end = .
                0x0000000020000140                __shell_cmd_start = .
 *(SORT_BY_ALIGNMENT(.shell_cmd_*))
                0x0000000020000140                __shell_cmd_end = .

log_mpsc_pbuf_area
                0x0000000020000140        0x0 load address 0x0000000008005790
                0x0000000020000140                _log_mpsc_pbuf_list_start = .
 *(SORT_BY_NAME(SORT_BY_ALIGNMENT(._log_mpsc_pbuf.static.*)))
                0x0000000020000140                _log_mpsc_pbuf_list_end = .

log_msg_ptr_area
                0x0000000020000140        0x0 load address 0x0000000008005790
                0x0000000020000140                _log_msg_ptr_list_start = .
 *(SORT_BY_NAME(SORT_BY_ALIGNMENT(._log_msg_ptr.static.*)))
                0x0000000020000140                _log_msg_ptr_list_end = .

log_dynamic_sections
                0x0000000020000140        0x0 load address 0x0000000008005790
                0x0000000020000140                __log_dynamic_start = .
 *(SORT_BY_NAME(SORT_BY_ALIGNMENT(.log_dynamic_*)))
                0x0000000020000140                __log_dynamic_end = .

k_timer_area    0x0000000020000140        0x0 load address 0x0000000008005790
                0x0000000020000140                _k_timer_list_start = .
 *(SORT_BY_NAME(SORT_BY_ALIGNMENT(._k_timer.static.*)))
                0x0000000020000140                _k_timer_list_end = .

k_mem_slab_area
                0x0000000020000140        0x0 load address 0x0000000008005790
                0x0000000020000140                _k_mem_slab_list_start = .
 *(SORT_BY_NAME(SORT_BY_ALIGNMENT(._k_mem_slab.static.*)))
                0x0000000020000140                _k_mem_slab_list_end = .

k_heap_area     0x0000000020000140        0x0 load address 0x0000000008005790
                0x0000000020000140                _k_heap_list_start = .
 *(SORT_BY_NAME(SORT_BY_ALIGNMENT(._k_heap.static.*)))
                0x0000000020000140                _k_heap_list_end = .

k_mutex_area    0x0000000020000140        0x0 load address 0x0000000008005790
                0x0000000020000140                _k_mutex_list_start = .
 *(SORT_BY_NAME(SORT_BY_ALIGNMENT(._k_mutex.static.*)))
                0x0000000020000140                _k_mutex_list_end = .

k_stack_area    0x0000000020000140        0x0 load address 0x0000000008005790
                0x0000000020000140                _k_stack_list_start = .
 *(SORT_BY_NAME(SORT_BY_ALIGNMENT(._k_stack.static.*)))
                0x0000000020000140                _k_stack_list_end = .

k_msgq_area     0x0000000020000140        0x0 load address 0x0000000008005790
                0x0000000020000140                _k_msgq_list_start = .
 *(SORT_BY_NAME(SORT_BY_ALIGNMENT(._k_msgq.static.*)))
                0x0000000020000140                _k_msgq_list_end = .

k_mbox_area     0x0000000020000140        0x0 load address 0x0000000008005790
                0x0000000020000140                _k_mbox_list_start = .
 *(SORT_BY_NAME(SORT_BY_ALIGNMENT(._k_mbox.static.*)))
                0x0000000020000140                _k_mbox_list_end = .

k_pipe_area     0x0000000020000140        0x0 load address 0x0000000008005790
                0x0000000020000140                _k_pipe_list_start = .
 *(SORT_BY_NAME(SORT_BY_ALIGNMENT(._k_pipe.static.*)))
                0x0000000020000140                _k_pipe_list_end = .

k_sem_area      0x0000000020000140        0x0 load address 0x0000000008005790
                0x0000000020000140                _k_sem_list_start = .
 *(SORT_BY_NAME(SORT_BY_ALIGNMENT(._k_sem.static.*)))
                0x0000000020000140                _k_sem_list_end = .

k_event_area    0x0000000020000140        0x0 load address 0x0000000008005790
                0x0000000020000140                _k_event_list_start = .
 *(SORT_BY_NAME(SORT_BY_ALIGNMENT(._k_event.static.*)))
                0x0000000020000140                _k_event_list_end = .

k_queue_area    0x0000000020000140        0x0 load address 0x0000000008005790
                0x0000000020000140                _k_queue_list_start = .
 *(SORT_BY_NAME(SORT_BY_ALIGNMENT(._k_queue.static.*)))
                0x0000000020000140                _k_queue_list_end = .

k_condvar_area  0x0000000020000140        0x0 load address 0x0000000008005790
                0x0000000020000140                _k_condvar_list_start = .
 *(SORT_BY_NAME(SORT_BY_ALIGNMENT(._k_condvar.static.*)))
                0x0000000020000140                _k_condvar_list_end = .

_net_buf_pool_area
                0x0000000020000140        0x0 load address 0x0000000008005790
                0x0000000020000140                _net_buf_pool_list = .
 *(SORT_BY_NAME(SORT_BY_ALIGNMENT(._net_buf_pool.static.*)))
                0x0000000020000140                __data_region_end = .

bss             0x0000000020000140      0x30d
                0x0000000020000140                . = ALIGN (0x4)
                0x0000000020000140                __bss_start = .
                0x0000000020000140                __kernel_ram_start = .
 *(SORT_BY_ALIGNMENT(.bss))
 *(SORT_BY_ALIGNMENT(.bss.*))
 .bss.z_idle_threads
                0x0000000020000140       0x70 zephyr/kernel/libkernel.a(init.c.obj)
                0x0000000020000140                z_idle_threads
 .bss.z_main_thread
                0x00000000200001b0       0x70 zephyr/kernel/libkernel.a(init.c.obj)
                0x00000000200001b0                z_main_thread
 .bss.curr_tick
                0x0000000020000220        0x8 zephyr/kernel/libkernel.a(timeout.c.obj)
 .bss.exti_data
                0x0000000020000228       0x80 zephyr/drivers/interrupt_controller/libdrivers__interrupt_controller.a(intc_exti_stm32.c.obj)
 .bss.gpio_stm32_data_e
                0x00000000200002a8       0x10 zephyr/drivers/gpio/libdrivers__gpio.a(gpio_stm32.c.obj)
 .bss.gpio_stm32_data_d
                0x00000000200002b8       0x10 zephyr/drivers/gpio/libdrivers__gpio.a(gpio_stm32.c.obj)
 .bss.gpio_stm32_data_c
                0x00000000200002c8       0x10 zephyr/drivers/gpio/libdrivers__gpio.a(gpio_stm32.c.obj)
 .bss.gpio_stm32_data_b
                0x00000000200002d8       0x10 zephyr/drivers/gpio/libdrivers__gpio.a(gpio_stm32.c.obj)
 .bss.gpio_stm32_data_a
                0x00000000200002e8       0x10 zephyr/drivers/gpio/libdrivers__gpio.a(gpio_stm32.c.obj)
 .bss.pwm_stm32_data_2
                0x00000000200002f8        0x4 zephyr/drivers/pwm/libdrivers__pwm.a(pwm_stm32.c.obj)
 .bss.pwm_stm32_data_1
                0x00000000200002fc        0x4 zephyr/drivers/pwm/libdrivers__pwm.a(pwm_stm32.c.obj)
 .bss.pwm_stm32_data_0
                0x0000000020000300        0x4 zephyr/drivers/pwm/libdrivers__pwm.a(pwm_stm32.c.obj)
 .bss.can_stm32_dev_data_0
                0x0000000020000304       0xf0 zephyr/drivers/can/libdrivers__can.a(can_stm32.c.obj)
 .bss.filter_mutex
                0x00000000200003f4       0x14 zephyr/drivers/can/libdrivers__can.a(can_stm32.c.obj)
 .bss.overflow_cyc
                0x0000000020000408        0x4 zephyr/drivers/timer/libdrivers__timer.a(cortex_m_systick.c.obj)
 .bss.announced_cycles
                0x000000002000040c        0x4 zephyr/drivers/timer/libdrivers__timer.a(cortex_m_systick.c.obj)
 .bss.cycle_count
                0x0000000020000410        0x4 zephyr/drivers/timer/libdrivers__timer.a(cortex_m_systick.c.obj)
 .bss.last_load
                0x0000000020000414        0x4 zephyr/drivers/timer/libdrivers__timer.a(cortex_m_systick.c.obj)
 .bss._kernel   0x0000000020000418       0x24 zephyr/kernel/libkernel.a(init.c.obj)
                0x0000000020000418                _kernel
 .bss.pending_current
                0x000000002000043c        0x4 zephyr/kernel/libkernel.a(sched.c.obj)
 .bss.slice_max_prio
                0x0000000020000440        0x4 zephyr/kernel/libkernel.a(sched.c.obj)
 .bss.slice_ticks
                0x0000000020000444        0x4 zephyr/kernel/libkernel.a(sched.c.obj)
 .bss.announce_remaining
                0x0000000020000448        0x4 zephyr/kernel/libkernel.a(timeout.c.obj)
 .bss.z_sys_post_kernel
                0x000000002000044c        0x1 zephyr/kernel/libkernel.a(init.c.obj)
                0x000000002000044c                z_sys_post_kernel
 .bss.lock      0x000000002000044d        0x0 zephyr/kernel/libkernel.a(mutex.c.obj)
 .bss.lock      0x000000002000044d        0x0 zephyr/kernel/libkernel.a(sem.c.obj)
 .bss.sched_spinlock
                0x000000002000044d        0x0 zephyr/kernel/libkernel.a(sched.c.obj)
                0x000000002000044d                sched_spinlock
 *(SORT_BY_ALIGNMENT(COMMON))
 *(SORT_BY_ALIGNMENT(.kernel_bss.*))
                0x0000000020000450                __bss_end = ALIGN (0x4)

noinit          0x0000000020000450      0xd00
 *(SORT_BY_ALIGNMENT(.noinit))
 *(SORT_BY_ALIGNMENT(.noinit.*))
 .noinit."WEST_TOPDIR/zephyr/kernel/init.c".2
                0x0000000020000450      0x800 zephyr/kernel/libkernel.a(init.c.obj)
                0x0000000020000450                z_interrupt_stacks
 .noinit."WEST_TOPDIR/zephyr/kernel/init.c".1
                0x0000000020000c50      0x100 zephyr/kernel/libkernel.a(init.c.obj)
 .noinit."WEST_TOPDIR/zephyr/kernel/init.c".0
                0x0000000020000d50      0x400 zephyr/kernel/libkernel.a(init.c.obj)
                0x0000000020000d50                z_main_stack
 *(SORT_BY_ALIGNMENT(.kernel_noinit.*))
                0x0000000020001150                _image_ram_end = .
                0x0000000020001150                _end = .
                0x0000000020005000                __kernel_ram_end = 0x20005000
                0x0000000000004ec0                __kernel_ram_size = (__kernel_ram_end - __kernel_ram_start)

/DISCARD/
 *(SORT_BY_ALIGNMENT(.irq_info*))
 *(SORT_BY_ALIGNMENT(.intList*))

.stab
 *(SORT_BY_ALIGNMENT(.stab))

.stabstr
 *(SORT_BY_ALIGNMENT(.stabstr))

.stab.excl
 *(SORT_BY_ALIGNMENT(.stab.excl))

.stab.exclstr
 *(SORT_BY_ALIGNMENT(.stab.exclstr))

.stab.index
 *(SORT_BY_ALIGNMENT(.stab.index))

.stab.indexstr
 *(SORT_BY_ALIGNMENT(.stab.indexstr))

.gnu.build.attributes
 *(SORT_BY_ALIGNMENT(.gnu.build.attributes) SORT_BY_ALIGNMENT(.gnu.build.attributes.*))

.comment        0x0000000000000000       0x20
 *(SORT_BY_ALIGNMENT(.comment))
 .comment       0x0000000000000000       0x20 zephyr/CMakeFiles/zephyr_final.dir/dev_handles.c.obj
                                         0x21 (size before relaxing)
 .comment       0x0000000000000020       0x21 zephyr/CMakeFiles/zephyr_final.dir/isr_tables.c.obj
 .comment       0x0000000000000020       0x21 zephyr/CMakeFiles/offsets.dir/./arch/arm/core/offsets/offsets.c.obj
 .comment       0x0000000000000020       0x21 app/libapp.a(gpio_func.cpp.obj)
 .comment       0x0000000000000020       0x21 app/libapp.a(main.cpp.obj)
 .comment       0x0000000000000020       0x21 app/libapp.a(spi_func.cpp.obj)
 .comment       0x0000000000000020       0x21 app/libapp.a(spi2control.cpp.obj)
 .comment       0x0000000000000020       0x21 zephyr/libzephyr.a(cbprintf_packaged.c.obj)
 .comment       0x0000000000000020       0x21 zephyr/libzephyr.a(printk.c.obj)
 .comment       0x0000000000000020       0x21 zephyr/libzephyr.a(thread_entry.c.obj)
 .comment       0x0000000000000020       0x21 zephyr/libzephyr.a(heap.c.obj)
 .comment       0x0000000000000020       0x21 zephyr/libzephyr.a(cbprintf_complete.c.obj)
 .comment       0x0000000000000020       0x21 zephyr/libzephyr.a(configs.c.obj)
 .comment       0x0000000000000020       0x21 zephyr/libzephyr.a(soc.c.obj)
 .comment       0x0000000000000020       0x21 zephyr/libzephyr.a(soc_config.c.obj)
 .comment       0x0000000000000020       0x21 zephyr/arch/arch/arm/core/aarch32/libarch__arm__core__aarch32.a(fatal.c.obj)
 .comment       0x0000000000000020       0x21 zephyr/arch/arch/arm/core/aarch32/libarch__arm__core__aarch32.a(irq_manage.c.obj)
 .comment       0x0000000000000020       0x21 zephyr/arch/arch/arm/core/aarch32/libarch__arm__core__aarch32.a(nmi.c.obj)
 .comment       0x0000000000000020       0x21 zephyr/arch/arch/arm/core/aarch32/libarch__arm__core__aarch32.a(prep_c.c.obj)
 .comment       0x0000000000000020       0x21 zephyr/arch/arch/arm/core/aarch32/libarch__arm__core__aarch32.a(swap.c.obj)
 .comment       0x0000000000000020       0x21 zephyr/arch/arch/arm/core/aarch32/libarch__arm__core__aarch32.a(thread.c.obj)
 .comment       0x0000000000000020       0x21 zephyr/arch/arch/arm/core/aarch32/cortex_m/libarch__arm__core__aarch32__cortex_m.a(fault.c.obj)
 .comment       0x0000000000000020       0x21 zephyr/arch/arch/arm/core/aarch32/cortex_m/libarch__arm__core__aarch32__cortex_m.a(irq_init.c.obj)
 .comment       0x0000000000000020       0x21 zephyr/arch/arch/arm/core/aarch32/cortex_m/libarch__arm__core__aarch32__cortex_m.a(thread_abort.c.obj)
 .comment       0x0000000000000020       0x21 zephyr/lib/libc/minimal/liblib__libc__minimal.a(string.c.obj)
 .comment       0x0000000000000020       0x21 zephyr/lib/libc/minimal/liblib__libc__minimal.a(stdout_console.c.obj)
 .comment       0x0000000000000020       0x21 zephyr/drivers/interrupt_controller/libdrivers__interrupt_controller.a(intc_exti_stm32.c.obj)
 .comment       0x0000000000000020       0x21 zephyr/drivers/clock_control/libdrivers__clock_control.a(clock_stm32_ll_common.c.obj)
 .comment       0x0000000000000020       0x21 zephyr/drivers/clock_control/libdrivers__clock_control.a(clock_stm32f1.c.obj)
 .comment       0x0000000000000020       0x21 zephyr/drivers/console/libdrivers__console.a(uart_console.c.obj)
 .comment       0x0000000000000020       0x21 zephyr/drivers/gpio/libdrivers__gpio.a(gpio_stm32.c.obj)
 .comment       0x0000000000000020       0x21 zephyr/drivers/pwm/libdrivers__pwm.a(pwm_stm32.c.obj)
 .comment       0x0000000000000020       0x21 zephyr/drivers/spi/libdrivers__spi.a(spi_ll_stm32.c.obj)
 .comment       0x0000000000000020       0x21 zephyr/drivers/can/libdrivers__can.a(can_common.c.obj)
 .comment       0x0000000000000020       0x21 zephyr/drivers/can/libdrivers__can.a(can_stm32.c.obj)
 .comment       0x0000000000000020       0x21 zephyr/drivers/serial/libdrivers__serial.a(uart_stm32.c.obj)
 .comment       0x0000000000000020       0x21 zephyr/drivers/timer/libdrivers__timer.a(cortex_m_systick.c.obj)
 .comment       0x0000000000000020       0x21 zephyr/drivers/pinctrl/libdrivers__pinctrl.a(common.c.obj)
 .comment       0x0000000000000020       0x21 zephyr/drivers/pinctrl/libdrivers__pinctrl.a(pinctrl_stm32.c.obj)
 .comment       0x0000000000000020       0x21 zephyr/drivers/reset/libdrivers__reset.a(reset_stm32.c.obj)
 .comment       0x0000000000000020       0x21 modules/stm32/stm32cube/lib..__modules__hal__stm32__stm32cube.a(system_stm32f1xx.c.obj)
 .comment       0x0000000000000020       0x21 modules/stm32/stm32cube/lib..__modules__hal__stm32__stm32cube.a(stm32f1xx_hal_rcc.c.obj)
 .comment       0x0000000000000020       0x21 modules/stm32/stm32cube/lib..__modules__hal__stm32__stm32cube.a(stm32f1xx_ll_tim.c.obj)
 .comment       0x0000000000000020       0x21 modules/stm32/stm32cube/lib..__modules__hal__stm32__stm32cube.a(stm32f1xx_ll_utils.c.obj)
 .comment       0x0000000000000020       0x21 zephyr/kernel/libkernel.a(device.c.obj)
 .comment       0x0000000000000020       0x21 zephyr/kernel/libkernel.a(errno.c.obj)
 .comment       0x0000000000000020       0x21 zephyr/kernel/libkernel.a(fatal.c.obj)
 .comment       0x0000000000000020       0x21 zephyr/kernel/libkernel.a(init.c.obj)
 .comment       0x0000000000000020       0x21 zephyr/kernel/libkernel.a(thread.c.obj)
 .comment       0x0000000000000020       0x21 zephyr/kernel/libkernel.a(idle.c.obj)
 .comment       0x0000000000000020       0x21 zephyr/kernel/libkernel.a(mutex.c.obj)
 .comment       0x0000000000000020       0x21 zephyr/kernel/libkernel.a(sem.c.obj)
 .comment       0x0000000000000020       0x21 zephyr/kernel/libkernel.a(sched.c.obj)
 .comment       0x0000000000000020       0x21 zephyr/kernel/libkernel.a(xip.c.obj)
 .comment       0x0000000000000020       0x21 zephyr/kernel/libkernel.a(timeout.c.obj)
 .comment       0x0000000000000020       0x21 zephyr/kernel/libkernel.a(banner.c.obj)
 .comment       0x0000000000000020       0x21 zephyr/kernel/libkernel.a(kheap.c.obj)

.debug
 *(SORT_BY_ALIGNMENT(.debug))

.line
 *(SORT_BY_ALIGNMENT(.line))

.debug_srcinfo
 *(SORT_BY_ALIGNMENT(.debug_srcinfo))

.debug_sfnames
 *(SORT_BY_ALIGNMENT(.debug_sfnames))

.debug_aranges  0x0000000000000000     0x1208
 *(SORT_BY_ALIGNMENT(.debug_aranges))
 .debug_aranges
                0x0000000000000000       0x30 zephyr/arch/arch/arm/core/aarch32/libarch__arm__core__aarch32.a(cpu_idle.S.obj)
 .debug_aranges
                0x0000000000000030       0x20 zephyr/arch/arch/arm/core/aarch32/libarch__arm__core__aarch32.a(nmi_on_reset.S.obj)
 .debug_aranges
                0x0000000000000050       0x28 zephyr/arch/arch/arm/core/aarch32/libarch__arm__core__aarch32.a(swap_helper.S.obj)
 .debug_aranges
                0x0000000000000078       0x20 zephyr/arch/arch/arm/core/aarch32/libarch__arm__core__aarch32.a(isr_wrapper.S.obj)
 .debug_aranges
                0x0000000000000098       0x20 zephyr/arch/arch/arm/core/aarch32/cortex_m/libarch__arm__core__aarch32__cortex_m.a(exc_exit.S.obj)
 .debug_aranges
                0x00000000000000b8       0x20 zephyr/arch/arch/arm/core/aarch32/cortex_m/libarch__arm__core__aarch32__cortex_m.a(fault_s.S.obj)
 .debug_aranges
                0x00000000000000d8       0x20 zephyr/arch/arch/arm/core/aarch32/cortex_m/libarch__arm__core__aarch32__cortex_m.a(reset.S.obj)
 .debug_aranges
                0x00000000000000f8       0x18 zephyr/CMakeFiles/zephyr_final.dir/dev_handles.c.obj
 .debug_aranges
                0x0000000000000110       0x18 zephyr/CMakeFiles/zephyr_final.dir/isr_tables.c.obj
 .debug_aranges
                0x0000000000000128       0x20 zephyr/CMakeFiles/offsets.dir/./arch/arm/core/offsets/offsets.c.obj
 .debug_aranges
                0x0000000000000148       0x90 app/libapp.a(gpio_func.cpp.obj)
 .debug_aranges
                0x00000000000001d8       0x20 app/libapp.a(main.cpp.obj)
 .debug_aranges
                0x00000000000001f8       0x30 app/libapp.a(spi_func.cpp.obj)
 .debug_aranges
                0x0000000000000228       0x30 app/libapp.a(spi2control.cpp.obj)
 .debug_aranges
                0x0000000000000258       0x40 zephyr/libzephyr.a(cbprintf_packaged.c.obj)
 .debug_aranges
                0x0000000000000298       0x68 zephyr/libzephyr.a(printk.c.obj)
 .debug_aranges
                0x0000000000000300       0x20 zephyr/libzephyr.a(thread_entry.c.obj)
 .debug_aranges
                0x0000000000000320       0x88 zephyr/libzephyr.a(heap.c.obj)
 .debug_aranges
                0x00000000000003a8       0x30 zephyr/libzephyr.a(cbprintf_complete.c.obj)
 .debug_aranges
                0x00000000000003d8       0x20 zephyr/libzephyr.a(configs.c.obj)
 .debug_aranges
                0x00000000000003f8       0x20 zephyr/libzephyr.a(soc.c.obj)
 .debug_aranges
                0x0000000000000418       0x20 zephyr/libzephyr.a(soc_config.c.obj)
 .debug_aranges
                0x0000000000000438       0x30 zephyr/arch/arch/arm/core/aarch32/libarch__arm__core__aarch32.a(fatal.c.obj)
 .debug_aranges
                0x0000000000000468       0x40 zephyr/arch/arch/arm/core/aarch32/libarch__arm__core__aarch32.a(irq_manage.c.obj)
 .debug_aranges
                0x00000000000004a8       0x20 zephyr/arch/arch/arm/core/aarch32/libarch__arm__core__aarch32.a(nmi.c.obj)
 .debug_aranges
                0x00000000000004c8       0x20 zephyr/arch/arch/arm/core/aarch32/libarch__arm__core__aarch32.a(prep_c.c.obj)
 .debug_aranges
                0x00000000000004e8       0x20 zephyr/arch/arch/arm/core/aarch32/libarch__arm__core__aarch32.a(swap.c.obj)
 .debug_aranges
                0x0000000000000508       0x28 zephyr/arch/arch/arm/core/aarch32/libarch__arm__core__aarch32.a(thread.c.obj)
 .debug_aranges
                0x0000000000000530       0x40 zephyr/arch/arch/arm/core/aarch32/cortex_m/libarch__arm__core__aarch32__cortex_m.a(fault.c.obj)
 .debug_aranges
                0x0000000000000570       0x20 zephyr/arch/arch/arm/core/aarch32/cortex_m/libarch__arm__core__aarch32__cortex_m.a(irq_init.c.obj)
 .debug_aranges
                0x0000000000000590       0x20 zephyr/arch/arch/arm/core/aarch32/cortex_m/libarch__arm__core__aarch32__cortex_m.a(thread_abort.c.obj)
 .debug_aranges
                0x00000000000005b0       0x98 zephyr/lib/libc/minimal/liblib__libc__minimal.a(string.c.obj)
 .debug_aranges
                0x0000000000000648       0x58 zephyr/lib/libc/minimal/liblib__libc__minimal.a(stdout_console.c.obj)
 .debug_aranges
                0x00000000000006a0       0x58 zephyr/drivers/interrupt_controller/libdrivers__interrupt_controller.a(intc_exti_stm32.c.obj)
 .debug_aranges
                0x00000000000006f8       0x40 zephyr/drivers/clock_control/libdrivers__clock_control.a(clock_stm32_ll_common.c.obj)
 .debug_aranges
                0x0000000000000738       0x28 zephyr/drivers/clock_control/libdrivers__clock_control.a(clock_stm32f1.c.obj)
 .debug_aranges
                0x0000000000000760       0x30 zephyr/drivers/console/libdrivers__console.a(uart_console.c.obj)
 .debug_aranges
                0x0000000000000790       0x90 zephyr/drivers/gpio/libdrivers__gpio.a(gpio_stm32.c.obj)
 .debug_aranges
                0x0000000000000820       0x50 zephyr/drivers/pwm/libdrivers__pwm.a(pwm_stm32.c.obj)
 .debug_aranges
                0x0000000000000870       0x50 zephyr/drivers/spi/libdrivers__spi.a(spi_ll_stm32.c.obj)
 .debug_aranges
                0x00000000000008c0       0x58 zephyr/drivers/can/libdrivers__can.a(can_common.c.obj)
 .debug_aranges
                0x0000000000000918       0xd0 zephyr/drivers/can/libdrivers__can.a(can_stm32.c.obj)
 .debug_aranges
                0x00000000000009e8       0x58 zephyr/drivers/serial/libdrivers__serial.a(uart_stm32.c.obj)
 .debug_aranges