Archive member included to satisfy reference by file (symbol)

app/libapp.a(gpio_func.cpp.obj)
                              (--whole-archive)
app/libapp.a(main.cpp.obj)    (--whole-archive)
app/libapp.a(spi_func.cpp.obj)
                              (--whole-archive)
app/libapp.a(usart_func.cpp.obj)
                              (--whole-archive)
app/libapp.a(spi2control.cpp.obj)
                              (--whole-archive)
zephyr/libzephyr.a(cbprintf_packaged.c.obj)
                              (--whole-archive)
zephyr/libzephyr.a(dec.c.obj)
                              (--whole-archive)
zephyr/libzephyr.a(fdtable.c.obj)
                              (--whole-archive)
zephyr/libzephyr.a(hex.c.obj)
                              (--whole-archive)
zephyr/libzephyr.a(printk.c.obj)
                              (--whole-archive)
zephyr/libzephyr.a(rb.c.obj)  (--whole-archive)
zephyr/libzephyr.a(sem.c.obj)
                              (--whole-archive)
zephyr/libzephyr.a(thread_entry.c.obj)
                              (--whole-archive)
zephyr/libzephyr.a(timeutil.c.obj)
                              (--whole-archive)
zephyr/libzephyr.a(heap.c.obj)
                              (--whole-archive)
zephyr/libzephyr.a(heap-validate.c.obj)
                              (--whole-archive)
zephyr/libzephyr.a(bitarray.c.obj)
                              (--whole-archive)
zephyr/libzephyr.a(multi_heap.c.obj)
                              (--whole-archive)
zephyr/libzephyr.a(crc32c_sw.c.obj)
                              (--whole-archive)
zephyr/libzephyr.a(crc32_sw.c.obj)
                              (--whole-archive)
zephyr/libzephyr.a(crc16_sw.c.obj)
                              (--whole-archive)
zephyr/libzephyr.a(crc8_sw.c.obj)
                              (--whole-archive)
zephyr/libzephyr.a(crc7_sw.c.obj)
                              (--whole-archive)
zephyr/libzephyr.a(cbprintf_complete.c.obj)
                              (--whole-archive)
zephyr/libzephyr.a(cbprintf.c.obj)
                              (--whole-archive)
zephyr/libzephyr.a(ring_buffer.c.obj)
                              (--whole-archive)
zephyr/libzephyr.a(assert.c.obj)
                              (--whole-archive)
zephyr/libzephyr.a(configs.c.obj)
                              (--whole-archive)
zephyr/libzephyr.a(soc.c.obj)
                              (--whole-archive)
zephyr/libzephyr.a(stm32cube_hal.c.obj)
                              (--whole-archive)
zephyr/libzephyr.a(soc_config.c.obj)
                              (--whole-archive)
zephyr/libzephyr.a(tracing_none.c.obj)
                              (--whole-archive)
zephyr/arch/common/libarch__common.a(sw_isr_common.c.obj)
                              (--whole-archive)
zephyr/arch/arch/arm/core/aarch32/libarch__arm__core__aarch32.a(cpu_idle.S.obj)
                              (--whole-archive)
zephyr/arch/arch/arm/core/aarch32/libarch__arm__core__aarch32.a(fatal.c.obj)
                              (--whole-archive)
zephyr/arch/arch/arm/core/aarch32/libarch__arm__core__aarch32.a(irq_manage.c.obj)
                              (--whole-archive)
zephyr/arch/arch/arm/core/aarch32/libarch__arm__core__aarch32.a(nmi.c.obj)
                              (--whole-archive)
zephyr/arch/arch/arm/core/aarch32/libarch__arm__core__aarch32.a(nmi_on_reset.S.obj)
                              (--whole-archive)
zephyr/arch/arch/arm/core/aarch32/libarch__arm__core__aarch32.a(prep_c.c.obj)
                              (--whole-archive)
zephyr/arch/arch/arm/core/aarch32/libarch__arm__core__aarch32.a(swap.c.obj)
                              (--whole-archive)
zephyr/arch/arch/arm/core/aarch32/libarch__arm__core__aarch32.a(swap_helper.S.obj)
                              (--whole-archive)
zephyr/arch/arch/arm/core/aarch32/libarch__arm__core__aarch32.a(thread.c.obj)
                              (--whole-archive)
zephyr/arch/arch/arm/core/aarch32/libarch__arm__core__aarch32.a(isr_wrapper.S.obj)
                              (--whole-archive)
zephyr/arch/arch/arm/core/aarch32/cortex_m/libarch__arm__core__aarch32__cortex_m.a(exc_exit.S.obj)
                              (--whole-archive)
zephyr/arch/arch/arm/core/aarch32/cortex_m/libarch__arm__core__aarch32__cortex_m.a(fault.c.obj)
                              (--whole-archive)
zephyr/arch/arch/arm/core/aarch32/cortex_m/libarch__arm__core__aarch32__cortex_m.a(fault_s.S.obj)
                              (--whole-archive)
zephyr/arch/arch/arm/core/aarch32/cortex_m/libarch__arm__core__aarch32__cortex_m.a(fpu.c.obj)
                              (--whole-archive)
zephyr/arch/arch/arm/core/aarch32/cortex_m/libarch__arm__core__aarch32__cortex_m.a(irq_init.c.obj)
                              (--whole-archive)
zephyr/arch/arch/arm/core/aarch32/cortex_m/libarch__arm__core__aarch32__cortex_m.a(reset.S.obj)
                              (--whole-archive)
zephyr/arch/arch/arm/core/aarch32/cortex_m/libarch__arm__core__aarch32__cortex_m.a(scb.c.obj)
[...]
Memory Configuration

Name             Origin             Length             Attributes
FLASH            0x0000000008000000 0x0000000000020000 xr
RAM              0x0000000020000000 0x0000000000005000 xw
IDT_LIST         0x00000000fffff7ff 0x0000000000000800 xw
*default*        0x0000000000000000 0xffffffffffffffff

Linker script and memory map

LOAD zephyr/CMakeFiles/zephyr_final.dir/misc/empty_file.c.obj
LOAD zephyr/CMakeFiles/zephyr_final.dir/isr_tables.c.obj
LOAD zephyr/CMakeFiles/offsets.dir/./arch/arm/core/offsets/offsets.c.obj
LOAD app/libapp.a
LOAD zephyr/libzephyr.a
LOAD zephyr/arch/common/libarch__common.a
LOAD zephyr/arch/arch/arm/core/aarch32/libarch__arm__core__aarch32.a
LOAD zephyr/arch/arch/arm/core/aarch32/cortex_m/libarch__arm__core__aarch32__cortex_m.a
LOAD zephyr/lib/libc/minimal/liblib__libc__minimal.a
LOAD zephyr/lib/libc/common/liblib__libc__common.a
LOAD zephyr/drivers/interrupt_controller/libdrivers__interrupt_controller.a
LOAD zephyr/drivers/can/libdrivers__can.a
LOAD zephyr/drivers/clock_control/libdrivers__clock_control.a
LOAD zephyr/drivers/console/libdrivers__console.a
LOAD zephyr/drivers/gpio/libdrivers__gpio.a
LOAD zephyr/drivers/pinctrl/libdrivers__pinctrl.a
LOAD zephyr/drivers/pwm/libdrivers__pwm.a
LOAD zephyr/drivers/reset/libdrivers__reset.a
LOAD zephyr/drivers/serial/libdrivers__serial.a
LOAD zephyr/drivers/spi/libdrivers__spi.a
LOAD zephyr/drivers/timer/libdrivers__timer.a
LOAD modules/stm32/stm32cube/lib..__modules__hal__stm32__stm32cube.a
LOAD zephyr/kernel/libkernel.a
LOAD /home/zengjianming/zephyr-sdk-0.16.1/arm-zephyr-eabi/bin/../lib/gcc/arm-zephyr-eabi/12.2.0/thumb/v7-m/nofp/libgcc.a
LOAD zephyr/arch/common/libisr_tables.a
                0x0000000000000004                _region_min_align = 0x4

.rel.plt        0x0000000008000000        0x0
 *(SORT_BY_ALIGNMENT(.rel.plt))
                [!provide]                        PROVIDE (__rel_iplt_start = .)
 *(SORT_BY_ALIGNMENT(.rel.iplt))
 .rel.iplt      0x0000000008000000        0x0 zephyr/CMakeFiles/zephyr_final.dir/isr_tables.c.obj
                [!provide]                        PROVIDE (__rel_iplt_end = .)

.rela.plt       0x0000000000000000        0x0
 *(SORT_BY_ALIGNMENT(.rela.plt))
                [!provide]                        PROVIDE (__rela_iplt_start = .)
 *(SORT_BY_ALIGNMENT(.rela.iplt))
                [!provide]                        PROVIDE (__rela_iplt_end = .)

.rel.dyn
 *(SORT_BY_ALIGNMENT(.rel.*))

.rela.dyn
 *(SORT_BY_ALIGNMENT(.rela.*))

/DISCARD/
 *(SORT_BY_ALIGNMENT(.plt))

/DISCARD/
 *(SORT_BY_ALIGNMENT(.iplt))
                0x0000000008000000                __rom_region_start = 0x8000000

rom_start       0x0000000008000000       0xec
                0x0000000008000000                __rom_start_address = .
                0x0000000008000000                . = (. + (0x0 - (. - __rom_start_address)))
                0x0000000008000000                . = ALIGN (0x4)
                0x0000000008000000                . = ALIGN (0x80)
                0x0000000008000000                . = ALIGN (0x100)
                0x0000000008000000                _vector_start = .
 *(SORT_BY_ALIGNMENT(.exc_vector_table))
 *(SORT_BY_ALIGNMENT(.exc_vector_table.*))
 .exc_vector_table._vector_table_section
                0x0000000008000000       0x40 zephyr/arch/arch/arm/core/aarch32/cortex_m/libarch__arm__core__aarch32__cortex_m.a(vector_table.S.obj)
                0x0000000008000000                _vector_table
 *(SORT_BY_ALIGNMENT(.vectors))
                0x00000000080000ec                _vector_end = .
                0x0000000008000040                . = ALIGN (0x4)
 *(SORT_BY_ALIGNMENT(.gnu.linkonce.irq_vector_table*))
 .gnu.linkonce.irq_vector_table
                0x0000000008000040       0xac zephyr/CMakeFiles/zephyr_final.dir/isr_tables.c.obj
                0x0000000008000040                _irq_vector_table
                0x00000000080000ec                _vector_end = .

text            0x00000000080000f0     0x4c1c
                0x00000000080000f0                __text_region_start = .
 *(SORT_BY_ALIGNMENT(.text))
 .text          0x00000000080000f0       0x30 /home/zengjianming/zephyr-sdk-0.16.1/arm-zephyr-eabi/bin/../lib/gcc/arm-zephyr-eabi/12.2.0/thumb/v7-m/nofp/libgcc.a(_aeabi_uldivmod.o)
                0x00000000080000f0                __aeabi_uldivmod
 .text          0x0000000008000120        0x4 /home/zengjianming/zephyr-sdk-0.16.1/arm-zephyr-eabi/bin/../lib/gcc/arm-zephyr-eabi/12.2.0/thumb/v7-m/nofp/libgcc.a(_dvmd_tls.o)
                0x0000000008000120                __aeabi_ldiv0
                0x0000000008000120                __aeabi_idiv0
 .text          0x0000000008000124      0x2a0 /home/zengjianming/zephyr-sdk-0.16.1/arm-zephyr-eabi/bin/../lib/gcc/arm-zephyr-eabi/12.2.0/thumb/v7-m/nofp/libgcc.a(_udivmoddi4.o)
                0x0000000008000124                __udivmoddi4
 *(SORT_BY_ALIGNMENT(.text.*))
 *fill*         0x00000000080003c4        0x4 
 .text.pwm_set_dt.constprop.0.isra.0
                0x00000000080003c8       0xa0 app/libapp.a(gpio_func.cpp.obj)
 .text._ZN16HikariGPIOConfig8test_ledEv
                0x0000000008000468       0x48 app/libapp.a(gpio_func.cpp.obj)
                0x0000000008000468                HikariGPIOConfig::test_led()
 .text._ZN16HikariGPIOConfig8pwm_initEv
                0x00000000080004b0       0x2c app/libapp.a(gpio_func.cpp.obj)
                0x00000000080004b0                HikariGPIOConfig::pwm_init()
 .text._Z19basic_timer_counterP7k_timer
                0x00000000080004dc       0x14 app/libapp.a(main.cpp.obj)
                0x00000000080004dc                basic_timer_counter(k_timer*)
 .text.main     0x00000000080004f0       0x3c app/libapp.a(main.cpp.obj)
                0x00000000080004f0                main
 .text._ZN15HikariSPIConfig11my_spi_initEPK6device
                0x000000000800052c       0x2c app/libapp.a(spi_func.cpp.obj)
                0x000000000800052c                HikariSPIConfig::my_spi_init(device const*)
 .text._ZN15HikariSPIConfig12my_spi_writeEPK6devicePhj
                0x0000000008000558       0x54 app/libapp.a(spi_func.cpp.obj)
                0x0000000008000558                HikariSPIConfig::my_spi_write(device const*, unsigned char*, unsigned int)
 .text._ZN18HikariSPIControler8new_testEPh
                0x00000000080005ac       0x2c app/libapp.a(spi2control.cpp.obj)
                0x00000000080005ac                HikariSPIControler::new_test(unsigned char*)
 .text._ZN18HikariSPIControler18fsm_state_power_onEv
                0x00000000080005d8       0x44 app/libapp.a(spi2control.cpp.obj)
                0x00000000080005d8                HikariSPIControler::fsm_state_power_on()
 .text._ZN18HikariSPIControler11my_spi_initE9FSM_STATE
                0x000000000800061c        0xc app/libapp.a(spi2control.cpp.obj)
                0x000000000800061c                HikariSPIControler::my_spi_init(FSM_STATE)
 .text.char_out
                0x0000000008000628        0xc zephyr/libzephyr.a(printk.c.obj)
 .text.__printk_hook_install
                0x0000000008000634        0xc zephyr/libzephyr.a(printk.c.obj)
                0x0000000008000634                __printk_hook_install
 .text.vprintk  0x0000000008000640       0x1c zephyr/libzephyr.a(printk.c.obj)
                0x0000000008000640                vprintk
 .text.z_cbvprintf_impl
                0x000000000800065c      0x764 zephyr/libzephyr.a(cbprintf_complete.c.obj)
                0x000000000800065c                z_cbvprintf_impl
 .text.stm32f1_init
                0x0000000008000dc0       0x14 zephyr/libzephyr.a(soc.c.obj)
 .text.z_arm_cpu_idle_init
                0x0000000008000dd4        0xc zephyr/arch/arch/arm/core/aarch32/libarch__arm__core__aarch32.a(cpu_idle.S.obj)
                0x0000000008000dd4                z_arm_cpu_idle_init
 .text.arch_cpu_idle
                0x0000000008000de0       0x1c zephyr/arch/arch/arm/core/aarch32/libarch__arm__core__aarch32.a(cpu_idle.S.obj)
                0x0000000008000de0                arch_cpu_idle
 .text.arch_irq_enable
                0x0000000008000dfc       0x1c zephyr/arch/arch/arm/core/aarch32/libarch__arm__core__aarch32.a(irq_manage.c.obj)
                0x0000000008000dfc                arch_irq_enable
 .text.z_arm_irq_priority_set
                0x0000000008000e18       0x2c zephyr/arch/arch/arm/core/aarch32/libarch__arm__core__aarch32.a(irq_manage.c.obj)
                0x0000000008000e18                z_arm_irq_priority_set
 .text.z_SysNmiOnReset
                0x0000000008000e44        0x8 zephyr/arch/arch/arm/core/aarch32/libarch__arm__core__aarch32.a(nmi_on_reset.S.obj)
                0x0000000008000e44                z_SysNmiOnReset
 .text.z_arm_prep_c
                0x0000000008000e4c       0x30 zephyr/arch/arch/arm/core/aarch32/libarch__arm__core__aarch32.a(prep_c.c.obj)
                0x0000000008000e4c                z_arm_prep_c
 .text.arch_swap
                0x0000000008000e7c       0x34 zephyr/arch/arch/arm/core/aarch32/libarch__arm__core__aarch32.a(swap.c.obj)
                0x0000000008000e7c                arch_swap
 .text.z_arm_pendsv
                0x0000000008000eb0       0x48 zephyr/arch/arch/arm/core/aarch32/libarch__arm__core__aarch32.a(swap_helper.S.obj)
                0x0000000008000eb0                z_arm_pendsv
 .text.z_arm_svc
                0x0000000008000ef8       0x20 zephyr/arch/arch/arm/core/aarch32/libarch__arm__core__aarch32.a(swap_helper.S.obj)
                0x0000000008000ef8                z_arm_svc
 .text.arch_new_thread
                0x0000000008000f18       0x38 zephyr/arch/arch/arm/core/aarch32/libarch__arm__core__aarch32.a(thread.c.obj)
                0x0000000008000f18                arch_new_thread
 .text.arch_switch_to_main_thread
                0x0000000008000f50       0x24 zephyr/arch/arch/arm/core/aarch32/libarch__arm__core__aarch32.a(thread.c.obj)
                0x0000000008000f50                arch_switch_to_main_thread
 .text._isr_wrapper
                0x0000000008000f74       0x28 zephyr/arch/arch/arm/core/aarch32/libarch__arm__core__aarch32.a(isr_wrapper.S.obj)
                0x0000000008000f74                _isr_wrapper
 .text._HandlerModeExit
                0x0000000008000f9c       0x1c zephyr/arch/arch/arm/core/aarch32/cortex_m/libarch__arm__core__aarch32__cortex_m.a(exc_exit.S.obj)
                0x0000000008000f9c                z_arm_exc_exit
                0x0000000008000f9c                z_arm_int_exit
 .text.usage_fault.constprop.0
                0x0000000008000fb8       0x54 zephyr/arch/arch/arm/core/aarch32/cortex_m/libarch__arm__core__aarch32__cortex_m.a(fault.c.obj)
 .text.bus_fault.constprop.0
                0x000000000800100c       0x60 zephyr/arch/arch/arm/core/aarch32/cortex_m/libarch__arm__core__aarch32__cortex_m.a(fault.c.obj)
 .text.mem_manage_fault.constprop.0
                0x000000000800106c       0x5c zephyr/arch/arch/arm/core/aarch32/cortex_m/libarch__arm__core__aarch32__cortex_m.a(fault.c.obj)
 .text.z_arm_fault
                0x00000000080010c8      0x118 zephyr/arch/arch/arm/core/aarch32/cortex_m/libarch__arm__core__aarch32__cortex_m.a(fault.c.obj)
                0x00000000080010c8                z_arm_fault
 .text.z_arm_fault_init
                0x00000000080011e0       0x10 zephyr/arch/arch/arm/core/aarch32/cortex_m/libarch__arm__core__aarch32__cortex_m.a(fault.c.obj)
                0x00000000080011e0                z_arm_fault_init
 .text.__fault  0x00000000080011f0       0x14 zephyr/arch/arch/arm/core/aarch32/cortex_m/libarch__arm__core__aarch32__cortex_m.a(fault_s.S.obj)
                0x00000000080011f0                z_arm_bus_fault
                0x00000000080011f0                z_arm_usage_fault
                0x00000000080011f0                z_arm_mpu_fault
                0x00000000080011f0                z_arm_exc_spurious
                0x00000000080011f0                z_arm_debug_monitor
                0x00000000080011f0                z_arm_hard_fault
 .text.z_arm_interrupt_init
                0x0000000008001204       0x18 zephyr/arch/arch/arm/core/aarch32/cortex_m/libarch__arm__core__aarch32__cortex_m.a(irq_init.c.obj)
                0x0000000008001204                z_arm_interrupt_init
 .text._reset_section
                0x000000000800121c       0x2c zephyr/arch/arch/arm/core/aarch32/cortex_m/libarch__arm__core__aarch32__cortex_m.a(reset.S.obj)
                0x000000000800121c                z_arm_reset
                0x000000000800121c                __start
 .text.z_impl_k_thread_abort
                0x0000000008001248       0x2c zephyr/arch/arch/arm/core/aarch32/cortex_m/libarch__arm__core__aarch32__cortex_m.a(thread_abort.c.obj)
                0x0000000008001248                z_impl_k_thread_abort
 .text.__stdout_hook_install
                0x0000000008001274        0xc zephyr/lib/libc/minimal/liblib__libc__minimal.a(stdout_console.c.obj)
                0x0000000008001274                __stdout_hook_install
 .text.stm32_exti_isr
                0x0000000008001280       0x4c zephyr/drivers/interrupt_controller/libdrivers__interrupt_controller.a(intc_exti_stm32.c.obj)
 .text.stm32_fill_irq_table
                0x00000000080012cc       0x18 zephyr/drivers/interrupt_controller/libdrivers__interrupt_controller.a(intc_exti_stm32.c.obj)
 .text.stm32_exti_enable
                0x00000000080012e4       0x24 zephyr/drivers/interrupt_controller/libdrivers__interrupt_controller.a(intc_exti_stm32.c.obj)
                0x00000000080012e4                stm32_exti_enable
 .text.stm32_exti_disable
                0x0000000008001308       0x18 zephyr/drivers/interrupt_controller/libdrivers__interrupt_controller.a(intc_exti_stm32.c.obj)
                0x0000000008001308                stm32_exti_disable
 .text.stm32_exti_trigger
                0x0000000008001320       0x60 zephyr/drivers/interrupt_controller/libdrivers__interrupt_controller.a(intc_exti_stm32.c.obj)
                0x0000000008001320                stm32_exti_trigger
 .text.stm32_exti_set_callback
                0x0000000008001380       0x30 zephyr/drivers/interrupt_controller/libdrivers__interrupt_controller.a(intc_exti_stm32.c.obj)
                0x0000000008001380                stm32_exti_set_callback
 .text.stm32_exti_unset_callback
                0x00000000080013b0       0x14 zephyr/drivers/interrupt_controller/libdrivers__interrupt_controller.a(intc_exti_stm32.c.obj)
                0x00000000080013b0                stm32_exti_unset_callback
 .text.z_impl_can_calc_timing
                0x00000000080013c4      0x18c zephyr/drivers/can/libdrivers__can.a(can_common.c.obj)
                0x00000000080013c4                z_impl_can_calc_timing
 .text.can_stm32_enter_init_mode
                0x0000000008001550       0x3c zephyr/drivers/can/libdrivers__can.a(can_stm32.c.obj)
 .text.can_stm32_get_core_clock
                0x000000000800158c       0x20 zephyr/drivers/can/libdrivers__can.a(can_stm32.c.obj)
 .text.can_stm32_set_timing
                0x00000000080015ac       0x78 zephyr/drivers/can/libdrivers__can.a(can_stm32.c.obj)
 .text.can_stm32_add_rx_filter
                0x0000000008001624      0x164 zephyr/drivers/can/libdrivers__can.a(can_stm32.c.obj)
 .text.can_stm32_init
                0x0000000008001788      0x170 zephyr/drivers/can/libdrivers__can.a(can_stm32.c.obj)
 .text.can_stm32_remove_rx_filter
                0x00000000080018f8      0x108 zephyr/drivers/can/libdrivers__can.a(can_stm32.c.obj)
 .text.can_stm32_start
                0x0000000008001a00       0x84 zephyr/drivers/can/libdrivers__can.a(can_stm32.c.obj)
 .text.stm32_clock_control_get_subsys_rate
                0x0000000008001a84       0x44 zephyr/drivers/clock_control/libdrivers__clock_control.a(clock_stm32_ll_common.c.obj)
 .text.stm32_clock_control_init
                0x0000000008001ac8       0xec zephyr/drivers/clock_control/libdrivers__clock_control.a(clock_stm32_ll_common.c.obj)
                0x0000000008001ac8                stm32_clock_control_init
 .text.config_pll_sysclock
                0x0000000008001bb4       0x1c zephyr/drivers/clock_control/libdrivers__clock_control.a(clock_stm32f1.c.obj)
                0x0000000008001bb4                config_pll_sysclock
 .text.uart_console_init
                0x0000000008001bd0       0x28 zephyr/drivers/console/libdrivers__console.a(uart_console.c.obj)
 .text.console_out
                0x0000000008001bf8       0x28 zephyr/drivers/console/libdrivers__console.a(uart_console.c.obj)
 .text.gpio_stm32_init
                0x0000000008001c20       0x30 zephyr/drivers/gpio/libdrivers__gpio.a(gpio_stm32.c.obj)
 .text.gpio_stm32_pin_interrupt_configure
                0x0000000008001c50       0xe0 zephyr/drivers/gpio/libdrivers__gpio.a(gpio_stm32.c.obj)
 .text.pinctrl_configure_pins
                0x0000000008001d30       0xf4 zephyr/drivers/pinctrl/libdrivers__pinctrl.a(pinctrl_stm32.c.obj)
                0x0000000008001d30                pinctrl_configure_pins
 .text.LL_TIM_OC_GetPolarity
                0x0000000008001e24       0x50 zephyr/drivers/pwm/libdrivers__pwm.a(pwm_stm32.c.obj)
 .text.pwm_stm32_set_cycles
                0x0000000008001e74      0x1fc zephyr/drivers/pwm/libdrivers__pwm.a(pwm_stm32.c.obj)
 .text.pwm_stm32_init
                0x0000000008002070       0xcc zephyr/drivers/pwm/libdrivers__pwm.a(pwm_stm32.c.obj)
 .text.uart_stm32_init
                0x000000000800213c       0xe8 zephyr/drivers/serial/libdrivers__serial.a(uart_stm32.c.obj)
 .text.uart_stm32_configure
                0x0000000008002224      0x15c zephyr/drivers/serial/libdrivers__serial.a(uart_stm32.c.obj)
 .text.spi_stm32_init
                0x0000000008002380       0xc4 zephyr/drivers/spi/libdrivers__spi.a(spi_ll_stm32.c.obj)
 .text.spi_stm32_transceive
                0x0000000008002444      0x454 zephyr/drivers/spi/libdrivers__spi.a(spi_ll_stm32.c.obj)
 .text.elapsed  0x0000000008002898       0x3c zephyr/drivers/timer/libdrivers__timer.a(cortex_m_systick.c.obj)
 .text.sys_clock_driver_init
                0x00000000080028d4       0x34 zephyr/drivers/timer/libdrivers__timer.a(cortex_m_systick.c.obj)
 .text.sys_clock_isr
                0x0000000008002908       0x54 zephyr/drivers/timer/libdrivers__timer.a(cortex_m_systick.c.obj)
                0x0000000008002908                sys_clock_isr
 .text.sys_clock_set_timeout
                0x000000000800295c       0xf4 zephyr/drivers/timer/libdrivers__timer.a(cortex_m_systick.c.obj)
                0x000000000800295c                sys_clock_set_timeout
 .text.sys_clock_elapsed
                0x0000000008002a50       0x3c zephyr/drivers/timer/libdrivers__timer.a(cortex_m_systick.c.obj)
                0x0000000008002a50                sys_clock_elapsed
 .text.sys_clock_cycle_get_32
                0x0000000008002a8c       0x2c zephyr/drivers/timer/libdrivers__timer.a(cortex_m_systick.c.obj)
                0x0000000008002a8c                sys_clock_cycle_get_32
 .text.HAL_RCC_GetSysClockFreq
                0x0000000008002ab8       0x74 modules/stm32/stm32cube/lib..__modules__hal__stm32__stm32cube.a(stm32f1xx_hal_rcc.c.obj)
                0x0000000008002ab8                HAL_RCC_GetSysClockFreq
 .text.LL_TIM_Init
                0x0000000008002b2c       0x60 modules/stm32/stm32cube/lib..__modules__hal__stm32__stm32cube.a(stm32f1xx_ll_tim.c.obj)
                0x0000000008002b2c                LL_TIM_Init
 .text.LL_TIM_OC_Init
                0x0000000008002b8c      0x190 modules/stm32/stm32cube/lib..__modules__hal__stm32__stm32cube.a(stm32f1xx_ll_tim.c.obj)
                0x0000000008002b8c                LL_TIM_OC_Init
 .text.LL_SetFlashLatency
                0x0000000008002d1c       0x4c modules/stm32/stm32cube/lib..__modules__hal__stm32__stm32cube.a(stm32f1xx_ll_utils.c.obj)
                0x0000000008002d1c                LL_SetFlashLatency
 .text.z_impl_k_busy_wait
                0x0000000008002d68       0x30 zephyr/kernel/libkernel.a(busy_wait.c.obj)
                0x0000000008002d68                z_impl_k_busy_wait
 .text.z_sys_init_run_level
                0x0000000008002d98       0x48 zephyr/kernel/libkernel.a(init.c.obj)
 .text.bg_thread_main
                0x0000000008002de0       0x34 zephyr/kernel/libkernel.a(init.c.obj)
 .text.z_bss_zero
                0x0000000008002e14       0x18 zephyr/kernel/libkernel.a(init.c.obj)
                0x0000000008002e14                z_bss_zero
 .text.z_init_cpu
                0x0000000008002e2c       0x84 zephyr/kernel/libkernel.a(init.c.obj)
                0x0000000008002e2c                z_init_cpu
 .text.z_cstart
                0x0000000008002eb0       0xcc zephyr/kernel/libkernel.a(init.c.obj)
                0x0000000008002eb0                z_cstart
 .text.z_setup_new_thread
                0x0000000008002f7c       0x54 zephyr/kernel/libkernel.a(thread.c.obj)
                0x0000000008002f7c                z_setup_new_thread
 .text.z_init_static_threads
                0x0000000008002fd0       0x98 zephyr/kernel/libkernel.a(thread.c.obj)
                0x0000000008002fd0                z_init_static_threads
 .text.z_impl_k_mutex_lock
                0x0000000008003068       0xf4 zephyr/kernel/libkernel.a(mutex.c.obj)
                0x0000000008003068                z_impl_k_mutex_lock
 .text.z_impl_k_mutex_unlock
                0x000000000800315c       0x78 zephyr/kernel/libkernel.a(mutex.c.obj)
                0x000000000800315c                z_impl_k_mutex_unlock
 .text.z_impl_k_sem_give
                0x00000000080031d4       0x48 zephyr/kernel/libkernel.a(sem.c.obj)
                0x00000000080031d4                z_impl_k_sem_give
 .text.z_impl_k_sem_take
                0x000000000800321c       0x50 zephyr/kernel/libkernel.a(sem.c.obj)
                0x000000000800321c                z_impl_k_sem_take
 .text.sliceable
                0x000000000800326c       0x3c zephyr/kernel/libkernel.a(sched.c.obj)
 .text.slice_timeout
                0x00000000080032a8       0x20 zephyr/kernel/libkernel.a(sched.c.obj)
 .text.z_reset_time_slice
                0x00000000080032c8       0x50 zephyr/kernel/libkernel.a(sched.c.obj)
                0x00000000080032c8                z_reset_time_slice
 .text.update_cache
                0x0000000008003318       0x3c zephyr/kernel/libkernel.a(sched.c.obj)
 .text.move_thread_to_end_of_prio_q
                0x0000000008003354       0x74 zephyr/kernel/libkernel.a(sched.c.obj)
 .text.ready_thread
                0x00000000080033c8       0x68 zephyr/kernel/libkernel.a(sched.c.obj)
 .text.unready_thread
                0x0000000008003430       0x30 zephyr/kernel/libkernel.a(sched.c.obj)
 .text.pend_locked
                0x0000000008003460       0x30 zephyr/kernel/libkernel.a(sched.c.obj)
 .text.z_time_slice
                0x0000000008003490       0x60 zephyr/kernel/libkernel.a(sched.c.obj)
                0x0000000008003490                z_time_slice
 .text.z_pend_curr
                0x00000000080034f0       0x3c zephyr/kernel/libkernel.a(sched.c.obj)
                0x00000000080034f0                z_pend_curr
 .text.z_set_prio
                0x000000000800352c       0x8c zephyr/kernel/libkernel.a(sched.c.obj)
                0x000000000800352c                z_set_prio
 .text.z_reschedule
                0x00000000080035b8       0x24 zephyr/kernel/libkernel.a(sched.c.obj)
                0x00000000080035b8                z_reschedule
 .text.z_sched_start
                0x00000000080035dc       0x3c zephyr/kernel/libkernel.a(sched.c.obj)
                0x00000000080035dc                z_sched_start
 .text.k_sched_lock
                0x0000000008003618       0x28 zephyr/kernel/libkernel.a(sched.c.obj)
                0x0000000008003618                k_sched_lock
 .text.k_sched_unlock
                0x0000000008003640       0x38 zephyr/kernel/libkernel.a(sched.c.obj)
                0x0000000008003640                k_sched_unlock
 .text.z_sched_init
                0x0000000008003678       0x10 zephyr/kernel/libkernel.a(sched.c.obj)
                0x0000000008003678                z_sched_init
 .text.z_impl_z_current_get
                0x0000000008003688        0xc zephyr/kernel/libkernel.a(sched.c.obj)
                0x0000000008003688                z_impl_z_current_get
 .text.z_thread_abort
                0x0000000008003694       0xc0 zephyr/kernel/libkernel.a(sched.c.obj)
                0x0000000008003694                z_thread_abort
 .text.z_data_copy
                0x0000000008003754       0x34 zephyr/kernel/libkernel.a(xip.c.obj)
                0x0000000008003754                z_data_copy
 .text.elapsed  0x0000000008003788       0x14 zephyr/kernel/libkernel.a(timeout.c.obj)
 .text.next_timeout
                0x000000000800379c       0x40 zephyr/kernel/libkernel.a(timeout.c.obj)
 .text.remove_timeout
                0x00000000080037dc       0x38 zephyr/kernel/libkernel.a(timeout.c.obj)
 .text.z_add_timeout
                0x0000000008003814       0xec zephyr/kernel/libkernel.a(timeout.c.obj)
                0x0000000008003814                z_add_timeout
 .text.sys_clock_announce
                0x0000000008003900       0xd4 zephyr/kernel/libkernel.a(timeout.c.obj)
                0x0000000008003900                sys_clock_announce
 .text.sys_clock_tick_get
                0x00000000080039d4       0x34 zephyr/kernel/libkernel.a(timeout.c.obj)
                0x00000000080039d4                sys_clock_tick_get
 .text.z_timer_expiration_handler
                0x0000000008003a08       0xe4 zephyr/kernel/libkernel.a(timer.c.obj)
                0x0000000008003a08                z_timer_expiration_handler
 .text.z_impl_k_timer_start
                0x0000000008003aec       0x60 zephyr/kernel/libkernel.a(timer.c.obj)
                0x0000000008003aec                z_impl_k_timer_start
 .text.boot_banner
                0x0000000008003b4c        0xc zephyr/kernel/libkernel.a(banner.c.obj)
                0x0000000008003b4c                boot_banner
 .text.statics_init
                0x0000000008003b58       0x24 zephyr/kernel/libkernel.a(kheap.c.obj)
 .text._OffsetAbsSyms
                0x0000000008003b7c        0x2 zephyr/CMakeFiles/offsets.dir/./arch/arm/core/offsets/offsets.c.obj
                0x0000000008003b7c                _OffsetAbsSyms
 .text.gpio_pin_set_dt.isra.0
                0x0000000008003b7e       0x28 app/libapp.a(gpio_func.cpp.obj)
 .text._ZN16HikariGPIOConfig13pwm_as_sck_onEv
                0x0000000008003ba6        0x8 app/libapp.a(gpio_func.cpp.obj)
                0x0000000008003ba6                HikariGPIOConfig::pwm_as_sck_on()
 .text._ZN16HikariGPIOConfig14pwm_as_sck_offEv
                0x0000000008003bae        0x6 app/libapp.a(gpio_func.cpp.obj)
                0x0000000008003bae                HikariGPIOConfig::pwm_as_sck_off()
 .text._ZN18HikariSPIControler12update_lightE9FSM_STATE
                0x0000000008003bb4        0x8 app/libapp.a(spi2control.cpp.obj)
                0x0000000008003bb4                HikariSPIControler::update_light(FSM_STATE)
 .text.arch_printk_char_out
                0x0000000008003bbc        0x4 zephyr/libzephyr.a(printk.c.obj)
                0x0000000008003bbc                arch_printk_char_out
 .text.printk   0x0000000008003bc0       0x1a zephyr/libzephyr.a(printk.c.obj)
                0x0000000008003bc0                printk
 .text.z_thread_entry
                0x0000000008003bda       0x14 zephyr/libzephyr.a(thread_entry.c.obj)
                0x0000000008003bda                z_thread_entry
 .text.chunk_size
                0x0000000008003bee        0xa zephyr/libzephyr.a(heap.c.obj)
 .text.free_list_add
                0x0000000008003bf8       0x4e zephyr/libzephyr.a(heap.c.obj)
 .text.sys_heap_init
                0x0000000008003c46       0x70 zephyr/libzephyr.a(heap.c.obj)
                0x0000000008003c46                sys_heap_init
 .text.encode_uint
                0x0000000008003cb6       0x8c zephyr/libzephyr.a(cbprintf_complete.c.obj)
 .text.outs     0x0000000008003d42       0x2e zephyr/libzephyr.a(cbprintf_complete.c.obj)
 .text._ConfigAbsSyms
                0x0000000008003d70        0x2 zephyr/libzephyr.a(configs.c.obj)
                0x0000000008003d70                _ConfigAbsSyms
 .text.st_stm32_common_config
                0x0000000008003d72        0x4 zephyr/libzephyr.a(soc_config.c.obj)
 .text.z_arm_fatal_error
                0x0000000008003d76        0x4 zephyr/arch/arch/arm/core/aarch32/libarch__arm__core__aarch32.a(fatal.c.obj)
                0x0000000008003d76                z_arm_fatal_error
 .text.z_do_kernel_oops
                0x0000000008003d7a        0x8 zephyr/arch/arch/arm/core/aarch32/libarch__arm__core__aarch32.a(fatal.c.obj)
                0x0000000008003d7a                z_do_kernel_oops
 .text.z_irq_spurious
                0x0000000008003d82        0x8 zephyr/arch/arch/arm/core/aarch32/libarch__arm__core__aarch32.a(irq_manage.c.obj)
                0x0000000008003d82                z_irq_spurious
 .text.z_arm_nmi
                0x0000000008003d8a        0xe zephyr/arch/arch/arm/core/aarch32/libarch__arm__core__aarch32.a(nmi.c.obj)
                0x0000000008003d8a                z_arm_nmi
 .text.strlen   0x0000000008003d98        0xe zephyr/lib/libc/minimal/liblib__libc__minimal.a(string.c.obj)
                0x0000000008003d98                strlen
 .text.memcpy   0x0000000008003da6       0x16 zephyr/lib/libc/minimal/liblib__libc__minimal.a(string.c.obj)
                0x0000000008003da6                memcpy
 .text.memset   0x0000000008003dbc       0x12 zephyr/lib/libc/minimal/liblib__libc__minimal.a(string.c.obj)
                0x0000000008003dbc                memset
 .text._stdout_hook_default
                0x0000000008003dce        0x6 zephyr/lib/libc/minimal/liblib__libc__minimal.a(stdout_console.c.obj)
 .text.strnlen  0x0000000008003dd4       0x12 zephyr/lib/libc/common/liblib__libc__common.a(strnlen.c.obj)
                0x0000000008003dd4                strnlen
 .text.stm32_exti_init
                0x0000000008003de6       0x92 zephyr/drivers/interrupt_controller/libdrivers__interrupt_controller.a(intc_exti_stm32.c.obj)
 .text.can_calc_prescaler
                0x0000000008003e78       0x40 zephyr/drivers/can/libdrivers__can.a(can_common.c.obj)
                0x0000000008003e78                can_calc_prescaler
 .text.can_stm32_signal_tx_complete
                0x0000000008003eb8       0x14 zephyr/drivers/can/libdrivers__can.a(can_stm32.c.obj)
 .text.can_stm32_get_state
                0x0000000008003ecc       0x44 zephyr/drivers/can/libdrivers__can.a(can_stm32.c.obj)
 .text.can_stm32_get_capabilities
                0x0000000008003f10        0x8 zephyr/drivers/can/libdrivers__can.a(can_stm32.c.obj)
 .text.can_stm32_get_max_bitrate
                0x0000000008003f18        0xa zephyr/drivers/can/libdrivers__can.a(can_stm32.c.obj)
 .text.can_stm32_get_max_filters
                0x0000000008003f22        0xa zephyr/drivers/can/libdrivers__can.a(can_stm32.c.obj)
 .text.can_stm32_set_state_change_callback
                0x0000000008003f2c       0x1e zephyr/drivers/can/libdrivers__can.a(can_stm32.c.obj)
 .text.config_can_0_irq
                0x0000000008003f4a       0x42 zephyr/drivers/can/libdrivers__can.a(can_stm32.c.obj)
 .text.can_stm32_rx_isr
                0x0000000008003f8c       0xc6 zephyr/drivers/can/libdrivers__can.a(can_stm32.c.obj)
 .text.can_stm32_tx_isr_handler
                0x0000000008004052      0x104 zephyr/drivers/can/libdrivers__can.a(can_stm32.c.obj)
 .text.can_stm32_tx_isr
                0x0000000008004156        0x4 zephyr/drivers/can/libdrivers__can.a(can_stm32.c.obj)
 .text.can_stm32_state_change_isr
                0x000000000800415a       0x4e zephyr/drivers/can/libdrivers__can.a(can_stm32.c.obj)
 .text.k_mutex_lock.constprop.0.isra.0
                0x00000000080041a8        0x4 zephyr/drivers/can/libdrivers__can.a(can_stm32.c.obj)
 .text.k_mutex_unlock.isra.0
                0x00000000080041ac        0x4 zephyr/drivers/can/libdrivers__can.a(can_stm32.c.obj)
 .text.can_stm32_stop
                0x00000000080041b0       0x92 zephyr/drivers/can/libdrivers__can.a(can_stm32.c.obj)
 .text.can_stm32_send
                0x0000000008004242      0x12c zephyr/drivers/can/libdrivers__can.a(can_stm32.c.obj)
 .text.can_stm32_set_mode
                0x000000000800436e       0x6a zephyr/drivers/can/libdrivers__can.a(can_stm32.c.obj)
 .text.stm32_clock_control_on
                0x00000000080043d8       0x24 zephyr/drivers/clock_control/libdrivers__clock_control.a(clock_stm32_ll_common.c.obj)
 .text.stm32_clock_control_off
                0x00000000080043fc       0x24 zephyr/drivers/clock_control/libdrivers__clock_control.a(clock_stm32_ll_common.c.obj)
 .text.stm32_clock_control_get_status
                0x0000000008004420       0x2e zephyr/drivers/clock_control/libdrivers__clock_control.a(clock_stm32_ll_common.c.obj)
 .text.stm32_clock_control_configure
                0x000000000800444e       0x56 zephyr/drivers/clock_control/libdrivers__clock_control.a(clock_stm32_ll_common.c.obj)
 .text.config_enable_default_clocks
                0x00000000080044a4        0x2 zephyr/drivers/clock_control/libdrivers__clock_control.a(clock_stm32f1.c.obj)
                0x00000000080044a4                config_enable_default_clocks
 .text.gpio_stm32_port_get_raw
                0x00000000080044a6        0xc zephyr/drivers/gpio/libdrivers__gpio.a(gpio_stm32.c.obj)
 .text.gpio_stm32_port_set_masked_raw
                0x00000000080044b2       0x12 zephyr/drivers/gpio/libdrivers__gpio.a(gpio_stm32.c.obj)
 .text.gpio_stm32_port_set_bits_raw
                0x00000000080044c4        0xa zephyr/drivers/gpio/libdrivers__gpio.a(gpio_stm32.c.obj)
 .text.gpio_stm32_port_clear_bits_raw
                0x00000000080044ce        0xa zephyr/drivers/gpio/libdrivers__gpio.a(gpio_stm32.c.obj)
 .text.gpio_stm32_port_toggle_bits
                0x00000000080044d8        0xe zephyr/drivers/gpio/libdrivers__gpio.a(gpio_stm32.c.obj)
 .text.gpio_stm32_manage_callback
                0x00000000080044e6       0x52 zephyr/drivers/gpio/libdrivers__gpio.a(gpio_stm32.c.obj)
 .text.LL_GPIO_SetPinMode
                0x0000000008004538       0x2c zephyr/drivers/gpio/libdrivers__gpio.a(gpio_stm32.c.obj)
 .text.LL_GPIO_SetPinSpeed
                0x0000000008004564       0x2c zephyr/drivers/gpio/libdrivers__gpio.a(gpio_stm32.c.obj)
 .text.LL_GPIO_SetPinOutputType
                0x0000000008004590       0x2c zephyr/drivers/gpio/libdrivers__gpio.a(gpio_stm32.c.obj)
 .text.gpio_stm32_isr
                0x00000000080045bc       0x2e zephyr/drivers/gpio/libdrivers__gpio.a(gpio_stm32.c.obj)
 .text.gpio_stm32_configure_raw.constprop.0.isra.0
                0x00000000080045ea       0xaa zephyr/drivers/gpio/libdrivers__gpio.a(gpio_stm32.c.obj)
 .text.gpio_stm32_config
                0x0000000008004694       0x72 zephyr/drivers/gpio/libdrivers__gpio.a(gpio_stm32.c.obj)
 .text.gpio_stm32_configure
                0x0000000008004706       0x2a zephyr/drivers/gpio/libdrivers__gpio.a(gpio_stm32.c.obj)
                0x0000000008004706                gpio_stm32_configure
 .text.pinctrl_lookup_state
                0x0000000008004730       0x26 zephyr/drivers/pinctrl/libdrivers__pinctrl.a(common.c.obj)
                0x0000000008004730                pinctrl_lookup_state
 .text.LL_TIM_OC_SetCompareCH1
                0x0000000008004756        0x4 zephyr/drivers/pwm/libdrivers__pwm.a(pwm_stm32.c.obj)
 .text.LL_TIM_OC_SetCompareCH2
                0x000000000800475a        0x4 zephyr/drivers/pwm/libdrivers__pwm.a(pwm_stm32.c.obj)
 .text.LL_TIM_OC_SetCompareCH3
                0x000000000800475e        0x4 zephyr/drivers/pwm/libdrivers__pwm.a(pwm_stm32.c.obj)
 .text.LL_TIM_OC_SetCompareCH4
                0x0000000008004762        0x4 zephyr/drivers/pwm/libdrivers__pwm.a(pwm_stm32.c.obj)
 .text.pwm_stm32_get_cycles_per_sec
                0x0000000008004766       0x16 zephyr/drivers/pwm/libdrivers__pwm.a(pwm_stm32.c.obj)
 .text.reset_stm32_status
                0x000000000800477c       0x20 zephyr/drivers/reset/libdrivers__reset.a(reset_stm32.c.obj)
 .text.reset_stm32_line_assert
                0x000000000800479c       0x1c zephyr/drivers/reset/libdrivers__reset.a(reset_stm32.c.obj)
 .text.reset_stm32_line_deassert
                0x00000000080047b8       0x1e zephyr/drivers/reset/libdrivers__reset.a(reset_stm32.c.obj)
 .text.reset_stm32_line_toggle
                0x00000000080047d6       0x16 zephyr/drivers/reset/libdrivers__reset.a(reset_stm32.c.obj)
 .text.LL_USART_ClearFlag_PE
                0x00000000080047ec       0x12 zephyr/drivers/serial/libdrivers__serial.a(uart_stm32.c.obj)
 .text.uart_stm32_set_baudrate
                0x00000000080047fe       0x46 zephyr/drivers/serial/libdrivers__serial.a(uart_stm32.c.obj)
 .text.uart_stm32_poll_in
                0x0000000008004844       0x22 zephyr/drivers/serial/libdrivers__serial.a(uart_stm32.c.obj)
 .text.uart_stm32_poll_out
                0x0000000008004866       0x3a zephyr/drivers/serial/libdrivers__serial.a(uart_stm32.c.obj)
 .text.uart_stm32_err_check
                0x00000000080048a0       0x66 zephyr/drivers/serial/libdrivers__serial.a(uart_stm32.c.obj)
 .text.uart_stm32_config_get
                0x0000000008004906       0x8c zephyr/drivers/serial/libdrivers__serial.a(uart_stm32.c.obj)
 .text.spi_context_get_next_buf
                0x0000000008004992       0x2c zephyr/drivers/spi/libdrivers__spi.a(spi_ll_stm32.c.obj)
 .text.spi_context_buffers_setup
                0x00000000080049be       0x5e zephyr/drivers/spi/libdrivers__spi.a(spi_ll_stm32.c.obj)
 .text.gpio_pin_set_dt.isra.0
                0x0000000008004a1c       0x28 zephyr/drivers/spi/libdrivers__spi.a(spi_ll_stm32.c.obj)
 .text.spi_context_unlock_unconditionally
                0x0000000008004a44       0x30 zephyr/drivers/spi/libdrivers__spi.a(spi_ll_stm32.c.obj)
 .text.spi_stm32_release
                0x0000000008004a74        0xc zephyr/drivers/spi/libdrivers__spi.a(spi_ll_stm32.c.obj)
 .text.LL_TIM_StructInit
                0x0000000008004a80       0x12 modules/stm32/stm32cube/lib..__modules__hal__stm32__stm32cube.a(stm32f1xx_ll_tim.c.obj)
                0x0000000008004a80                LL_TIM_StructInit
 .text.LL_TIM_OC_StructInit
                0x0000000008004a92       0x14 modules/stm32/stm32cube/lib..__modules__hal__stm32__stm32cube.a(stm32f1xx_ll_tim.c.obj)
                0x0000000008004a92                LL_TIM_OC_StructInit
 .text.z_device_state_init
                0x0000000008004aa6        0x2 zephyr/kernel/libkernel.a(device.c.obj)
                0x0000000008004aa6                z_device_state_init
 .text.z_device_is_ready
                0x0000000008004aa8       0x16 zephyr/kernel/libkernel.a(device.c.obj)
                0x0000000008004aa8                z_device_is_ready
 .text.arch_system_halt
                0x0000000008004abe       0x12 zephyr/kernel/libkernel.a(fatal.c.obj)
                0x0000000008004abe                arch_system_halt
 .text.k_sys_fatal_error_handler
                0x0000000008004ad0        0x6 zephyr/kernel/libkernel.a(fatal.c.obj)
                0x0000000008004ad0                k_sys_fatal_error_handler
 .text.z_fatal_error
                0x0000000008004ad6       0x36 zephyr/kernel/libkernel.a(fatal.c.obj)
                0x0000000008004ad6                z_fatal_error
 .text.z_early_memset
                0x0000000008004b0c        0x4 zephyr/kernel/libkernel.a(init.c.obj)
                0x0000000008004b0c                z_early_memset
 .text.z_early_memcpy
                0x0000000008004b10        0x4 zephyr/kernel/libkernel.a(init.c.obj)
                0x0000000008004b10                z_early_memcpy
 .text.idle     0x0000000008004b14       0x18 zephyr/kernel/libkernel.a(idle.c.obj)
                0x0000000008004b14                idle
 .text.adjust_owner_prio.isra.0
                0x0000000008004b2c       0x10 zephyr/kernel/libkernel.a(mutex.c.obj)
 .text.z_impl_k_mutex_init
                0x0000000008004b3c        0xe zephyr/kernel/libkernel.a(mutex.c.obj)
                0x0000000008004b3c                z_impl_k_mutex_init
 .text.z_impl_k_sem_init
                0x0000000008004b4a       0x18 zephyr/kernel/libkernel.a(sem.c.obj)
                0x0000000008004b4a                z_impl_k_sem_init
 .text.sys_dlist_remove
                0x0000000008004b62       0x10 zephyr/kernel/libkernel.a(sched.c.obj)
 .text.unpend_thread_no_timeout
                0x0000000008004b72       0x14 zephyr/kernel/libkernel.a(sched.c.obj)
 .text.add_to_waitq_locked
                0x0000000008004b86       0x50 zephyr/kernel/libkernel.a(sched.c.obj)
 .text.z_ready_thread
                0x0000000008004bd6       0x20 zephyr/kernel/libkernel.a(sched.c.obj)
                0x0000000008004bd6                z_ready_thread
 .text.z_unpend_thread_no_timeout
                0x0000000008004bf6       0x24 zephyr/kernel/libkernel.a(sched.c.obj)
                0x0000000008004bf6                z_unpend_thread_no_timeout
 .text.z_sched_wake_thread
                0x0000000008004c1a       0x44 zephyr/kernel/libkernel.a(sched.c.obj)
                0x0000000008004c1a                z_sched_wake_thread
 .text.z_thread_timeout
                0x0000000008004c5e        0x8 zephyr/kernel/libkernel.a(sched.c.obj)
                0x0000000008004c5e                z_thread_timeout
 .text.z_unpend_first_thread
                0x0000000008004c66       0x38 zephyr/kernel/libkernel.a(sched.c.obj)
                0x0000000008004c66                z_unpend_first_thread
 .text.z_reschedule_irqlock
                0x0000000008004c9e       0x18 zephyr/kernel/libkernel.a(sched.c.obj)
                0x0000000008004c9e                z_reschedule_irqlock
 .text.z_reschedule_unlocked
                0x0000000008004cb6       0x14 zephyr/kernel/libkernel.a(sched.c.obj)
 .text.z_abort_timeout
                0x0000000008004cca       0x2c zephyr/kernel/libkernel.a(timeout.c.obj)
                0x0000000008004cca                z_abort_timeout
 .text.z_impl_k_uptime_ticks
                0x0000000008004cf6        0x4 zephyr/kernel/libkernel.a(timeout.c.obj)
                0x0000000008004cf6                z_impl_k_uptime_ticks
 .text.k_heap_init
                0x0000000008004cfa       0x10 zephyr/kernel/libkernel.a(kheap.c.obj)
                0x0000000008004cfa                k_heap_init
 *(SORT_BY_ALIGNMENT(.TEXT.*))
 *(SORT_BY_ALIGNMENT(.gnu.linkonce.t.*))
 *(SORT_BY_ALIGNMENT(.glue_7t))
 .glue_7t       0x0000000008004d0a        0x0 linker stubs
 *(SORT_BY_ALIGNMENT(.glue_7))
 .glue_7        0x0000000008004d0a        0x0 linker stubs
 *(SORT_BY_ALIGNMENT(.vfp11_veneer))
 .vfp11_veneer  0x0000000008004d0a        0x0 linker stubs
 *(SORT_BY_ALIGNMENT(.v4_bx))
 .v4_bx         0x0000000008004d0a        0x0 linker stubs
                0x0000000008004d0c                . = ALIGN (0x4)
 *fill*         0x0000000008004d0a        0x2 
                0x0000000008004d0c                __text_region_end = .

.ARM.exidx      0x0000000008004d0c        0x8
                0x0000000008004d0c                __exidx_start = .
 *(SORT_BY_ALIGNMENT(.ARM.exidx*) SORT_BY_ALIGNMENT(gnu.linkonce.armexidx.*))
 .ARM.exidx     0x0000000008004d0c        0x8 /home/zengjianming/zephyr-sdk-0.16.1/arm-zephyr-eabi/bin/../lib/gcc/arm-zephyr-eabi/12.2.0/thumb/v7-m/nofp/libgcc.a(_udivmoddi4.o)
                0x0000000008004d14                __exidx_end = .
                0x0000000008004d14                __rodata_region_start = .

initlevel       0x0000000008004d14       0x98
                0x0000000008004d14                __init_start = .
                0x0000000008004d14                __init_EARLY_start = .
 *(SORT_BY_NAME(SORT_BY_ALIGNMENT(.z_init_EARLY?_*)))
 *(SORT_BY_NAME(SORT_BY_ALIGNMENT(.z_init_EARLY??_*)))
                0x0000000008004d14                __init_PRE_KERNEL_1_start = .
 *(SORT_BY_NAME(SORT_BY_ALIGNMENT(.z_init_PRE_KERNEL_1?_*)))
 .z_init_PRE_KERNEL_10_
                0x0000000008004d14        0x8 zephyr/libzephyr.a(soc.c.obj)
 .z_init_PRE_KERNEL_11_
                0x0000000008004d1c        0x8 zephyr/libzephyr.a(soc_config.c.obj)
 .z_init_PRE_KERNEL_11_
                0x0000000008004d24        0x8 zephyr/drivers/clock_control/libdrivers__clock_control.a(clock_stm32_ll_common.c.obj)
 *(SORT_BY_NAME(SORT_BY_ALIGNMENT(.z_init_PRE_KERNEL_1??_*)))
 .z_init_PRE_KERNEL_130_
                0x0000000008004d2c        0x8 zephyr/kernel/libkernel.a(kheap.c.obj)
 .z_init_PRE_KERNEL_135_
                0x0000000008004d34        0x8 zephyr/drivers/reset/libdrivers__reset.a(reset_stm32.c.obj)
 .z_init_PRE_KERNEL_140_
                0x0000000008004d3c        0x8 zephyr/drivers/interrupt_controller/libdrivers__interrupt_controller.a(intc_exti_stm32.c.obj)
 .z_init_PRE_KERNEL_140_
                0x0000000008004d44       0x28 zephyr/drivers/gpio/libdrivers__gpio.a(gpio_stm32.c.obj)
 .z_init_PRE_KERNEL_155_
                0x0000000008004d6c        0x8 zephyr/drivers/serial/libdrivers__serial.a(uart_stm32.c.obj)
 .z_init_PRE_KERNEL_160_
                0x0000000008004d74        0x8 zephyr/drivers/console/libdrivers__console.a(uart_console.c.obj)
                0x0000000008004d7c                __init_PRE_KERNEL_2_start = .
 *(SORT_BY_NAME(SORT_BY_ALIGNMENT(.z_init_PRE_KERNEL_2?_*)))
 .z_init_PRE_KERNEL_20_
                0x0000000008004d7c        0x8 zephyr/drivers/timer/libdrivers__timer.a(cortex_m_systick.c.obj)
 *(SORT_BY_NAME(SORT_BY_ALIGNMENT(.z_init_PRE_KERNEL_2??_*)))
                0x0000000008004d84                __init_POST_KERNEL_start = .
 *(SORT_BY_NAME(SORT_BY_ALIGNMENT(.z_init_POST_KERNEL?_*)))
 *(SORT_BY_NAME(SORT_BY_ALIGNMENT(.z_init_POST_KERNEL??_*)))
 .z_init_POST_KERNEL50_
                0x0000000008004d84       0x18 zephyr/drivers/pwm/libdrivers__pwm.a(pwm_stm32.c.obj)
 .z_init_POST_KERNEL70_
                0x0000000008004d9c        0x8 zephyr/drivers/spi/libdrivers__spi.a(spi_ll_stm32.c.obj)
 .z_init_POST_KERNEL80_
                0x0000000008004da4        0x8 zephyr/drivers/can/libdrivers__can.a(can_stm32.c.obj)
                0x0000000008004dac                __init_APPLICATION_start = .
 *(SORT_BY_NAME(SORT_BY_ALIGNMENT(.z_init_APPLICATION?_*)))
 *(SORT_BY_NAME(SORT_BY_ALIGNMENT(.z_init_APPLICATION??_*)))
                0x0000000008004dac                __init_SMP_start = .
 *(SORT_BY_NAME(SORT_BY_ALIGNMENT(.z_init_SMP?_*)))
 *(SORT_BY_NAME(SORT_BY_ALIGNMENT(.z_init_SMP??_*)))
                0x0000000008004dac                __init_end = .

device_area     0x0000000008004dac      0x118
                0x0000000008004dac                _device_list_start = .
 *(SORT_BY_NAME(SORT_BY_ALIGNMENT(._device.static.*_?_*)))
 ._device.static.1_1_
                0x0000000008004dac       0x14 zephyr/drivers/clock_control/libdrivers__clock_control.a(clock_stm32_ll_common.c.obj)
                0x0000000008004dac                __device_dts_ord_8
 *(SORT_BY_NAME(SORT_BY_ALIGNMENT(._device.static.*_??_*)))
 ._device.static.1_35_
                0x0000000008004dc0       0x14 zephyr/drivers/reset/libdrivers__reset.a(reset_stm32.c.obj)
                0x0000000008004dc0                __device_dts_ord_27
 ._device.static.1_40_
                0x0000000008004dd4       0x14 zephyr/drivers/interrupt_controller/libdrivers__interrupt_controller.a(intc_exti_stm32.c.obj)
                0x0000000008004dd4                __device_dts_ord_43
 ._device.static.1_40_
                0x0000000008004de8       0x64 zephyr/drivers/gpio/libdrivers__gpio.a(gpio_stm32.c.obj)
                0x0000000008004de8                __device_dts_ord_67
                0x0000000008004dfc                __device_dts_ord_66
                0x0000000008004e10                __device_dts_ord_65
                0x0000000008004e24                __device_dts_ord_20
                0x0000000008004e38                __device_dts_ord_24
 ._device.static.1_55_
                0x0000000008004e4c       0x14 zephyr/drivers/serial/libdrivers__serial.a(uart_stm32.c.obj)
                0x0000000008004e4c                __device_dts_ord_49
 ._device.static.3_50_
                0x0000000008004e60       0x3c zephyr/drivers/pwm/libdrivers__pwm.a(pwm_stm32.c.obj)
                0x0000000008004e60                __device_dts_ord_73
                0x0000000008004e74                __device_dts_ord_35
                0x0000000008004e88                __device_dts_ord_30
 ._device.static.3_70_
                0x0000000008004e9c       0x14 zephyr/drivers/spi/libdrivers__spi.a(spi_ll_stm32.c.obj)
                0x0000000008004e9c                __device_dts_ord_53
 ._device.static.3_80_
                0x0000000008004eb0       0x14 zephyr/drivers/can/libdrivers__can.a(can_stm32.c.obj)
                0x0000000008004eb0                __device_dts_ord_39
                0x0000000008004ec4                _device_list_end = .

sw_isr_table    0x0000000008004ec4      0x158
                0x0000000008004ec4                . = ALIGN (0x4)
 *(SORT_BY_ALIGNMENT(.gnu.linkonce.sw_isr_table*))
 .gnu.linkonce.sw_isr_table
                0x0000000008004ec4      0x158 zephyr/CMakeFiles/zephyr_final.dir/isr_tables.c.obj
                0x0000000008004ec4                _sw_isr_table

initlevel_error
                0x0000000008004d14        0x0
 *(SORT_BY_NAME(SORT_BY_ALIGNMENT(.z_init_[_A-Z0-9]*)))
                0x0000000000000001                ASSERT ((SIZEOF (initlevel_error) == 0x0), Undefined initialization levels used.)

app_shmem_regions
                0x000000000800501c        0x0
                0x000000000800501c                __app_shmem_regions_start = .
 *(SORT_BY_NAME(SORT_BY_ALIGNMENT(.app_regions.*)))
                0x000000000800501c                __app_shmem_regions_end = .

k_p4wq_initparam_area
                0x000000000800501c        0x0
                0x000000000800501c                _k_p4wq_initparam_list_start = .
 *(SORT_BY_NAME(SORT_BY_ALIGNMENT(._k_p4wq_initparam.static.*)))
                0x000000000800501c                _k_p4wq_initparam_list_end = .

_static_thread_data_area
                0x000000000800501c        0x0
                0x000000000800501c                __static_thread_data_list_start = .
 *(SORT_BY_NAME(SORT_BY_ALIGNMENT(.__static_thread_data.static.*)))
                0x000000000800501c                __static_thread_data_list_end = .

device_deps     0x000000000800501c        0x0
                0x000000000800501c                __device_deps_start = .
 *(SORT_BY_NAME(SORT_BY_ALIGNMENT(.__device_deps_pass2*)))
                0x000000000800501c                __device_deps_end = .

ztest           0x000000000800501c        0x0
                0x000000000800501c                _ztest_expected_result_entry_list_start = .
 *(SORT_BY_NAME(SORT_BY_ALIGNMENT(._ztest_expected_result_entry.static.*)))
                0x000000000800501c                _ztest_expected_result_entry_list_end = .
                0x000000000800501c                _ztest_suite_node_list_start = .
 *(SORT_BY_NAME(SORT_BY_ALIGNMENT(._ztest_suite_node.static.*)))
                0x000000000800501c                _ztest_suite_node_list_end = .
                0x000000000800501c                _ztest_unit_test_list_start = .
 *(SORT_BY_NAME(SORT_BY_ALIGNMENT(._ztest_unit_test.static.*)))
                0x000000000800501c                _ztest_unit_test_list_end = .
                0x000000000800501c                _ztest_test_rule_list_start = .
 *(SORT_BY_NAME(SORT_BY_ALIGNMENT(._ztest_test_rule.static.*)))
                0x000000000800501c                _ztest_test_rule_list_end = .

bt_l2cap_fixed_chan_area
                0x000000000800501c        0x0
                0x000000000800501c                _bt_l2cap_fixed_chan_list_start = .
 *(SORT_BY_NAME(SORT_BY_ALIGNMENT(._bt_l2cap_fixed_chan.static.*)))
                0x000000000800501c                _bt_l2cap_fixed_chan_list_end = .

bt_gatt_service_static_area
                0x000000000800501c        0x0
                0x000000000800501c                _bt_gatt_service_static_list_start = .
 *(SORT_BY_NAME(SORT_BY_ALIGNMENT(._bt_gatt_service_static.static.*)))
                0x000000000800501c                _bt_gatt_service_static_list_end = .

log_strings_area
                0x000000000800501c        0x0
                0x000000000800501c                _log_strings_list_start = .
 *(SORT_BY_NAME(SORT_BY_ALIGNMENT(._log_strings.static.*)))
                0x000000000800501c                _log_strings_list_end = .

log_const_area  0x000000000800501c       0x38
                0x000000000800501c                _log_const_list_start = .
 *(SORT_BY_NAME(SORT_BY_ALIGNMENT(._log_const.static.*)))
 ._log_const.static.log_const_can_common_
                0x000000000800501c        0x8 zephyr/drivers/can/libdrivers__can.a(can_common.c.obj)
                0x000000000800501c                log_const_can_common
 ._log_const.static.log_const_can_stm32_
                0x0000000008005024        0x8 zephyr/drivers/can/libdrivers__can.a(can_stm32.c.obj)
                0x0000000008005024                log_const_can_stm32
 ._log_const.static.log_const_cbprintf_package_
                0x000000000800502c        0x8 zephyr/libzephyr.a(cbprintf_packaged.c.obj)
                0x000000000800502c                log_const_cbprintf_package
 ._log_const.static.log_const_os_
                0x0000000008005034        0x8 zephyr/kernel/libkernel.a(init.c.obj)
                0x0000000008005034                log_const_os
 ._log_const.static.log_const_pwm_stm32_
                0x000000000800503c        0x8 zephyr/drivers/pwm/libdrivers__pwm.a(pwm_stm32.c.obj)
                0x000000000800503c                log_const_pwm_stm32
 ._log_const.static.log_const_spi_ll_stm32_
                0x0000000008005044        0x8 zephyr/drivers/spi/libdrivers__spi.a(spi_ll_stm32.c.obj)
                0x0000000008005044                log_const_spi_ll_stm32
 ._log_const.static.log_const_uart_stm32_
                0x000000000800504c        0x8 zephyr/drivers/serial/libdrivers__serial.a(uart_stm32.c.obj)
                0x000000000800504c                log_const_uart_stm32
                0x0000000008005054                _log_const_list_end = .

log_backend_area
                0x0000000008005054        0x0
                0x0000000008005054                _log_backend_list_start = .
 *(SORT_BY_NAME(SORT_BY_ALIGNMENT(._log_backend.static.*)))
                0x0000000008005054                _log_backend_list_end = .

log_link_area   0x0000000008005054        0x0
                0x0000000008005054                _log_link_list_start = .
 *(SORT_BY_NAME(SORT_BY_ALIGNMENT(._log_link.static.*)))
                0x0000000008005054                _log_link_list_end = .

tracing_backend_area
                0x0000000008005054        0x0
                0x0000000008005054                _tracing_backend_list_start = .
 *(SORT_BY_NAME(SORT_BY_ALIGNMENT(._tracing_backend.static.*)))
                0x0000000008005054                _tracing_backend_list_end = .

zephyr_dbg_info
 *(SORT_BY_ALIGNMENT(.dbg_thread_info))

symbol_to_keep  0x0000000008005054        0x0
                0x0000000008005054                __symbol_to_keep_start = .
 *(SORT_BY_NAME(SORT_BY_ALIGNMENT(.symbol_to_keep*)))
                0x0000000008005054                __symbol_to_keep_end = .

shell_area      0x0000000008005054        0x0
                0x0000000008005054                _shell_list_start = .
 *(SORT_BY_NAME(SORT_BY_ALIGNMENT(._shell.static.*)))
                0x0000000008005054                _shell_list_end = .

shell_root_cmds_area
                0x0000000008005054        0x0
                0x0000000008005054                _shell_root_cmds_list_start = .
 *(SORT_BY_NAME(SORT_BY_ALIGNMENT(._shell_root_cmds.static.*)))
                0x0000000008005054                _shell_root_cmds_list_end = .

shell_subcmds_area
                0x0000000008005054        0x0
                0x0000000008005054                _shell_subcmds_list_start = .
 *(SORT_BY_NAME(SORT_BY_ALIGNMENT(._shell_subcmds.static.*)))
                0x0000000008005054                _shell_subcmds_list_end = .

shell_dynamic_subcmds_area
                0x0000000008005054        0x0
                0x0000000008005054                _shell_dynamic_subcmds_list_start = .
 *(SORT_BY_NAME(SORT_BY_ALIGNMENT(._shell_dynamic_subcmds.static.*)))
                0x0000000008005054                _shell_dynamic_subcmds_list_end = .

cfb_font_area   0x0000000008005054        0x0
                0x0000000008005054                _cfb_font_list_start = .
 *(SORT_BY_NAME(SORT_BY_ALIGNMENT(._cfb_font.static.*)))
                0x0000000008005054                _cfb_font_list_end = .

rodata          0x0000000008005054      0x540
 *(SORT_BY_ALIGNMENT(.rodata))
 .rodata        0x0000000008005054       0x20 zephyr/drivers/spi/libdrivers__spi.a(spi_ll_stm32.c.obj)
 *(SORT_BY_ALIGNMENT(.rodata.*))
 .rodata._ZL11BOARD_LED_C
                0x0000000008005074        0x8 app/libapp.a(gpio_func.cpp.obj)
 .rodata._ZL11BOARD_LED_B
                0x000000000800507c        0x8 app/libapp.a(gpio_func.cpp.obj)
 .rodata._ZL11BOARD_LED_A
                0x0000000008005084        0x8 app/libapp.a(gpio_func.cpp.obj)
 .rodata.can_stm32_cfg_0
                0x000000000800508c       0x2c zephyr/drivers/can/libdrivers__can.a(can_stm32.c.obj)
 .rodata.__pinctrl_dev_config__device_dts_ord_39
                0x00000000080050b8        0x8 zephyr/drivers/can/libdrivers__can.a(can_stm32.c.obj)
 .rodata.__pinctrl_states__device_dts_ord_39
                0x00000000080050c0        0x8 zephyr/drivers/can/libdrivers__can.a(can_stm32.c.obj)
 .rodata.__pinctrl_state_pins_0__device_dts_ord_39
                0x00000000080050c8       0x10 zephyr/drivers/can/libdrivers__can.a(can_stm32.c.obj)
 .rodata.can_api_funcs
                0x00000000080050d8       0x48 zephyr/drivers/can/libdrivers__can.a(can_stm32.c.obj)
 .rodata.gpio_stm32_cfg_e
                0x0000000008005120       0x14 zephyr/drivers/gpio/libdrivers__gpio.a(gpio_stm32.c.obj)
 .rodata.gpio_stm32_cfg_d
                0x0000000008005134       0x14 zephyr/drivers/gpio/libdrivers__gpio.a(gpio_stm32.c.obj)
 .rodata.gpio_stm32_cfg_c
                0x0000000008005148       0x14 zephyr/drivers/gpio/libdrivers__gpio.a(gpio_stm32.c.obj)
 .rodata.gpio_stm32_cfg_b
                0x000000000800515c       0x14 zephyr/drivers/gpio/libdrivers__gpio.a(gpio_stm32.c.obj)
 .rodata.gpio_stm32_cfg_a
                0x0000000008005170       0x14 zephyr/drivers/gpio/libdrivers__gpio.a(gpio_stm32.c.obj)
 .rodata.gpio_stm32_driver
                0x0000000008005184       0x24 zephyr/drivers/gpio/libdrivers__gpio.a(gpio_stm32.c.obj)
 .rodata.gpio_ports
                0x00000000080051a8       0x2c zephyr/drivers/pinctrl/libdrivers__pinctrl.a(pinctrl_stm32.c.obj)
 .rodata.pwm_stm32_config_2
                0x00000000080051d4       0x18 zephyr/drivers/pwm/libdrivers__pwm.a(pwm_stm32.c.obj)
 .rodata.__pinctrl_dev_config__device_dts_ord_73
                0x00000000080051ec        0x8 zephyr/drivers/pwm/libdrivers__pwm.a(pwm_stm32.c.obj)
 .rodata.__pinctrl_states__device_dts_ord_73
                0x00000000080051f4        0x8 zephyr/drivers/pwm/libdrivers__pwm.a(pwm_stm32.c.obj)
 .rodata.__pinctrl_state_pins_0__device_dts_ord_73
                0x00000000080051fc        0x8 zephyr/drivers/pwm/libdrivers__pwm.a(pwm_stm32.c.obj)
 .rodata.pwm_stm32_config_1
                0x0000000008005204       0x18 zephyr/drivers/pwm/libdrivers__pwm.a(pwm_stm32.c.obj)
 .rodata.__pinctrl_dev_config__device_dts_ord_35
                0x000000000800521c        0x8 zephyr/drivers/pwm/libdrivers__pwm.a(pwm_stm32.c.obj)
 .rodata.__pinctrl_states__device_dts_ord_35
                0x0000000008005224        0x8 zephyr/drivers/pwm/libdrivers__pwm.a(pwm_stm32.c.obj)
 .rodata.__pinctrl_state_pins_0__device_dts_ord_35
                0x000000000800522c        0x8 zephyr/drivers/pwm/libdrivers__pwm.a(pwm_stm32.c.obj)
 .rodata.pwm_stm32_config_0
                0x0000000008005234       0x18 zephyr/drivers/pwm/libdrivers__pwm.a(pwm_stm32.c.obj)
 .rodata.__pinctrl_dev_config__device_dts_ord_30
                0x000000000800524c        0x8 zephyr/drivers/pwm/libdrivers__pwm.a(pwm_stm32.c.obj)
 .rodata.__pinctrl_states__device_dts_ord_30
                0x0000000008005254        0x8 zephyr/drivers/pwm/libdrivers__pwm.a(pwm_stm32.c.obj)
 .rodata.__pinctrl_state_pins_0__device_dts_ord_30
                0x000000000800525c        0x8 zephyr/drivers/pwm/libdrivers__pwm.a(pwm_stm32.c.obj)
 .rodata.pwm_stm32_driver_api
                0x0000000008005264        0x8 zephyr/drivers/pwm/libdrivers__pwm.a(pwm_stm32.c.obj)
 .rodata.set_timer_compare
                0x000000000800526c       0x10 zephyr/drivers/pwm/libdrivers__pwm.a(pwm_stm32.c.obj)
 .rodata.ch2ll_n
                0x000000000800527c        0xc zephyr/drivers/pwm/libdrivers__pwm.a(pwm_stm32.c.obj)
 .rodata.ch2ll  0x0000000008005288       0x10 zephyr/drivers/pwm/libdrivers__pwm.a(pwm_stm32.c.obj)
 .rodata.reset_stm32_config
                0x0000000008005298        0x4 zephyr/drivers/reset/libdrivers__reset.a(reset_stm32.c.obj)
 .rodata.reset_stm32_driver_api
                0x000000000800529c       0x10 zephyr/drivers/reset/libdrivers__reset.a(reset_stm32.c.obj)
 .rodata.uart_stm32_cfg_0
                0x00000000080052ac       0x20 zephyr/drivers/serial/libdrivers__serial.a(uart_stm32.c.obj)
 .rodata.pclken_0
                0x00000000080052cc        0x8 zephyr/drivers/serial/libdrivers__serial.a(uart_stm32.c.obj)
 .rodata.__pinctrl_dev_config__device_dts_ord_49
                0x00000000080052d4        0x8 zephyr/drivers/serial/libdrivers__serial.a(uart_stm32.c.obj)
 .rodata.__pinctrl_states__device_dts_ord_49
                0x00000000080052dc        0x8 zephyr/drivers/serial/libdrivers__serial.a(uart_stm32.c.obj)
 .rodata.__pinctrl_state_pins_0__device_dts_ord_49
                0x00000000080052e4       0x10 zephyr/drivers/serial/libdrivers__serial.a(uart_stm32.c.obj)
 .rodata.uart_stm32_driver_api
                0x00000000080052f4       0x14 zephyr/drivers/serial/libdrivers__serial.a(uart_stm32.c.obj)
 .rodata.__compound_literal.0
                0x0000000008005308        0x8 zephyr/drivers/spi/libdrivers__spi.a(spi_ll_stm32.c.obj)
 .rodata.spi_stm32_cfg_0
                0x0000000008005310       0x10 zephyr/drivers/spi/libdrivers__spi.a(spi_ll_stm32.c.obj)
 .rodata.pclken_0
                0x0000000008005320        0x8 zephyr/drivers/spi/libdrivers__spi.a(spi_ll_stm32.c.obj)
 .rodata.__pinctrl_dev_config__device_dts_ord_53
                0x0000000008005328        0x8 zephyr/drivers/spi/libdrivers__spi.a(spi_ll_stm32.c.obj)
 .rodata.__pinctrl_states__device_dts_ord_53
                0x0000000008005330        0x8 zephyr/drivers/spi/libdrivers__spi.a(spi_ll_stm32.c.obj)
 .rodata.__pinctrl_state_pins_0__device_dts_ord_53
                0x0000000008005338       0x10 zephyr/drivers/spi/libdrivers__spi.a(spi_ll_stm32.c.obj)
 .rodata.api_funcs
                0x0000000008005348        0x8 zephyr/drivers/spi/libdrivers__spi.a(spi_ll_stm32.c.obj)
 .rodata._k_neg_eagain
                0x0000000008005350        0x4 zephyr/kernel/libkernel.a(errno.c.obj)
                0x0000000008005350                _k_neg_eagain
 .rodata.levels.0
                0x0000000008005354       0x18 zephyr/kernel/libkernel.a(init.c.obj)
 .rodata.CSWTCH.705
                0x000000000800536c        0x6 zephyr/drivers/serial/libdrivers__serial.a(uart_stm32.c.obj)
 .rodata._ZN16HikariGPIOConfig8pwm_initEv.str1.1
                0x0000000008005372       0x3e app/libapp.a(gpio_func.cpp.obj)
 .rodata._ZN15HikariSPIConfig11my_spi_initEPK6device.str1.1
                0x00000000080053b0       0x3e app/libapp.a(spi_func.cpp.obj)
 .rodata._ZN15HikariSPIConfig12my_spi_writeEPK6devicePhj.str1.1
                0x00000000080053ee       0x17 app/libapp.a(spi_func.cpp.obj)
 .rodata.str1.1
                0x0000000008005405       0x11 zephyr/libzephyr.a(cbprintf_packaged.c.obj)
 .rodata.z_cbvprintf_impl.str1.1
                0x0000000008005416        0x6 zephyr/libzephyr.a(cbprintf_complete.c.obj)
 .rodata.line_range_6.0
                0x000000000800541c        0x2 zephyr/drivers/interrupt_controller/libdrivers__interrupt_controller.a(intc_exti_stm32.c.obj)
 .rodata.line_range_5.1
                0x000000000800541e        0x2 zephyr/drivers/interrupt_controller/libdrivers__interrupt_controller.a(intc_exti_stm32.c.obj)
 .rodata.line_range_4.2
                0x0000000008005420        0x2 zephyr/drivers/interrupt_controller/libdrivers__interrupt_controller.a(intc_exti_stm32.c.obj)
 .rodata.line_range_3.3
                0x0000000008005422        0x2 zephyr/drivers/interrupt_controller/libdrivers__interrupt_controller.a(intc_exti_stm32.c.obj)
 .rodata.line_range_2.4
                0x0000000008005424        0x2 zephyr/drivers/interrupt_controller/libdrivers__interrupt_controller.a(intc_exti_stm32.c.obj)
 .rodata.line_range_1.5
                0x0000000008005426        0x2 zephyr/drivers/interrupt_controller/libdrivers__interrupt_controller.a(intc_exti_stm32.c.obj)
 .rodata.line_range_0.6
                0x0000000008005428        0x2 zephyr/drivers/interrupt_controller/libdrivers__interrupt_controller.a(intc_exti_stm32.c.obj)
 .rodata.str1.1
                0x000000000800542a       0x1e zephyr/drivers/interrupt_controller/libdrivers__interrupt_controller.a(intc_exti_stm32.c.obj)
 .rodata.str1.1
                0x0000000008005448        0xb zephyr/drivers/can/libdrivers__can.a(can_common.c.obj)
 .rodata.str1.1
                0x0000000008005453       0x17 zephyr/drivers/can/libdrivers__can.a(can_stm32.c.obj)
 .rodata.str1.1
                0x000000000800546a        0xd zephyr/drivers/clock_control/libdrivers__clock_control.a(clock_stm32_ll_common.c.obj)
 .rodata.str1.1
                0x0000000008005477       0x46 zephyr/drivers/gpio/libdrivers__gpio.a(gpio_stm32.c.obj)
 .rodata.str1.1
                0x00000000080054bd        0xe zephyr/drivers/pwm/libdrivers__pwm.a(pwm_stm32.c.obj)
 .rodata.SHIFT_TAB_CCxP
                0x00000000080054cb        0x7 zephyr/drivers/pwm/libdrivers__pwm.a(pwm_stm32.c.obj)
 .rodata.SHIFT_TAB_OCxx
                0x00000000080054d2        0x7 zephyr/drivers/pwm/libdrivers__pwm.a(pwm_stm32.c.obj)
 .rodata.OFFSET_TAB_CCMRx
                0x00000000080054d9        0x7 zephyr/drivers/pwm/libdrivers__pwm.a(pwm_stm32.c.obj)
 .rodata.str1.1
                0x00000000080054e0       0x11 zephyr/drivers/reset/libdrivers__reset.a(reset_stm32.c.obj)
 .rodata.str1.1
                0x00000000080054f1       0x1b zephyr/drivers/serial/libdrivers__serial.a(uart_stm32.c.obj)
 .rodata.str1.1
                0x000000000800550c       0x1a zephyr/drivers/spi/libdrivers__spi.a(spi_ll_stm32.c.obj)
 .rodata.AHBPrescTable
                0x0000000008005526       0x10 modules/stm32/stm32cube/lib..__modules__hal__stm32__stm32cube.a(system_stm32f1xx.c.obj)
                0x0000000008005526                AHBPrescTable
 .rodata.HAL_RCC_GetSysClockFreq.str1.1
                0x0000000008005536       0x11 modules/stm32/stm32cube/lib..__modules__hal__stm32__stm32cube.a(stm32f1xx_hal_rcc.c.obj)
 .rodata.z_cstart.str1.1
                0x0000000008005547        0x5 zephyr/kernel/libkernel.a(init.c.obj)
 .rodata.str1.1
                0x000000000800554c        0x3 zephyr/kernel/libkernel.a(init.c.obj)
 .rodata.boot_banner.str1.1
                0x000000000800554f       0x42 zephyr/kernel/libkernel.a(banner.c.obj)
 *(SORT_BY_ALIGNMENT(.gnu.linkonce.r.*))
                0x0000000008005594                . = ALIGN (0x4)
 *fill*         0x0000000008005591        0x3 
                0x0000000008005594                __rodata_region_end = .
                0x0000000008005594                . = ALIGN (_region_min_align)
                0x0000000008005594                __rom_region_end = ((__rom_region_start + .) - ADDR (rom_start))

/DISCARD/
 *(SORT_BY_ALIGNMENT(.got.plt))
 *(SORT_BY_ALIGNMENT(.igot.plt))
 *(SORT_BY_ALIGNMENT(.got))
 *(SORT_BY_ALIGNMENT(.igot))
                0x0000000020000000                . = 0x20000000
                0x0000000020000000                . = ALIGN (_region_min_align)
                0x0000000020000000                _image_ram_start = .

.ramfunc        0x0000000020000000        0x0 load address 0x0000000008005594
                0x0000000020000000                . = ALIGN (_region_min_align)
                0x0000000020000000                __ramfunc_start = .
 *(SORT_BY_ALIGNMENT(.ramfunc))
 *(SORT_BY_ALIGNMENT(.ramfunc.*))
                0x0000000020000000                . = ALIGN (_region_min_align)
                0x0000000020000000                __ramfunc_end = .
                0x0000000000000000                __ramfunc_size = (__ramfunc_end - __ramfunc_start)
                0x0000000008005594                __ramfunc_load_start = LOADADDR (.ramfunc)

datas           0x0000000020000000      0x908 load address 0x0000000008005594
                0x0000000020000000                __data_region_start = .
                0x0000000020000000                __data_start = .
 *(SORT_BY_ALIGNMENT(.data))
 *(SORT_BY_ALIGNMENT(.data.*))
 .data._char_out
                0x0000000020000000        0x4 zephyr/libzephyr.a(printk.c.obj)
                0x0000000020000000                _char_out
 .data._stdout_hook
                0x0000000020000004        0x4 zephyr/lib/libc/minimal/liblib__libc__minimal.a(stdout_console.c.obj)
 .data.stm32_clock_control_api
                0x0000000020000008       0x1c zephyr/drivers/clock_control/libdrivers__clock_control.a(clock_stm32_ll_common.c.obj)
 .data.pwm_stm32_data_2
                0x0000000020000024        0xc zephyr/drivers/pwm/libdrivers__pwm.a(pwm_stm32.c.obj)
 .data.pwm_stm32_data_1
                0x0000000020000030        0xc zephyr/drivers/pwm/libdrivers__pwm.a(pwm_stm32.c.obj)
 .data.pwm_stm32_data_0
                0x000000002000003c        0xc zephyr/drivers/pwm/libdrivers__pwm.a(pwm_stm32.c.obj)
 .data.uart_stm32_data_0
                0x0000000020000048       0x10 zephyr/drivers/serial/libdrivers__serial.a(uart_stm32.c.obj)
 .data.spi_stm32_dev_data_0
                0x0000000020000058       0x54 zephyr/drivers/spi/libdrivers__spi.a(spi_ll_stm32.c.obj)
 .data.SystemCoreClock
                0x00000000200000ac        0x4 modules/stm32/stm32cube/lib..__modules__hal__stm32__stm32cube.a(system_stm32f1xx.c.obj)
                0x00000000200000ac                SystemCoreClock
 .data.timeout_list
                0x00000000200000b0        0x8 zephyr/kernel/libkernel.a(timeout.c.obj)
 .data.test_one
                0x00000000200000b8      0x420 app/libapp.a(main.cpp.obj)
                0x00000000200000b8                test_one
 .data.clear_array
                0x00000000200004d8      0x420 app/libapp.a(main.cpp.obj)
                0x00000000200004d8                clear_array
 .data.exti_irq_table
                0x00000000200008f8       0x10 zephyr/drivers/interrupt_controller/libdrivers__interrupt_controller.a(intc_exti_stm32.c.obj)
 *(SORT_BY_ALIGNMENT(.kernel.*))
                0x0000000020000908                __data_end = .
                0x0000000000000908                __data_size = (__data_end - __data_start)
                0x0000000008005594                __data_load_start = LOADADDR (datas)
                0x0000000008005594                __data_region_load_start = LOADADDR (datas)

device_states   0x0000000020000908       0x1c load address 0x0000000008005e9c
                0x0000000020000908                __device_states_start = .
 *(SORT_BY_ALIGNMENT(.z_devstate))
 .z_devstate    0x0000000020000908        0x2 zephyr/drivers/interrupt_controller/libdrivers__interrupt_controller.a(intc_exti_stm32.c.obj)
 .z_devstate    0x000000002000090a        0x2 zephyr/drivers/can/libdrivers__can.a(can_stm32.c.obj)
 .z_devstate    0x000000002000090c        0x2 zephyr/drivers/clock_control/libdrivers__clock_control.a(clock_stm32_ll_common.c.obj)
 .z_devstate    0x000000002000090e        0xa zephyr/drivers/gpio/libdrivers__gpio.a(gpio_stm32.c.obj)
 .z_devstate    0x0000000020000918        0x6 zephyr/drivers/pwm/libdrivers__pwm.a(pwm_stm32.c.obj)
 .z_devstate    0x000000002000091e        0x2 zephyr/drivers/reset/libdrivers__reset.a(reset_stm32.c.obj)
 .z_devstate    0x0000000020000920        0x2 zephyr/drivers/serial/libdrivers__serial.a(uart_stm32.c.obj)
 .z_devstate    0x0000000020000922        0x2 zephyr/drivers/spi/libdrivers__spi.a(spi_ll_stm32.c.obj)
 *(SORT_BY_ALIGNMENT(.z_devstate.*))
                0x0000000020000924                __device_states_end = .

log_mpsc_pbuf_area
                0x0000000020000924        0x0 load address 0x0000000008005eb8
                0x0000000020000924                _log_mpsc_pbuf_list_start = .
 *(SORT_BY_NAME(SORT_BY_ALIGNMENT(._log_mpsc_pbuf.static.*)))
                0x0000000020000924                _log_mpsc_pbuf_list_end = .

log_msg_ptr_area
                0x0000000020000924        0x0 load address 0x0000000008005eb8
                0x0000000020000924                _log_msg_ptr_list_start = .
 *(SORT_BY_NAME(SORT_BY_ALIGNMENT(._log_msg_ptr.static.*)))
                0x0000000020000924                _log_msg_ptr_list_end = .

log_dynamic_area
                0x0000000020000924        0x0 load address 0x0000000008005eb8
                0x0000000020000924                _log_dynamic_list_start = .
 *(SORT_BY_NAME(SORT_BY_ALIGNMENT(._log_dynamic.static.*)))
                0x0000000020000924                _log_dynamic_list_end = .

k_timer_area    0x0000000020000928       0x38 load address 0x0000000008005ebc
                0x0000000020000928                _k_timer_list_start = .
 *(SORT_BY_NAME(SORT_BY_ALIGNMENT(._k_timer.static.*)))
 ._k_timer.static.basic_timer_counter_sys_
                0x0000000020000928       0x38 app/libapp.a(main.cpp.obj)
                0x0000000020000928                basic_timer_counter_sys
                0x0000000020000960                _k_timer_list_end = .

k_mem_slab_area
                0x0000000020000960        0x0 load address 0x0000000008005ef4
                0x0000000020000960                _k_mem_slab_list_start = .
 *(SORT_BY_NAME(SORT_BY_ALIGNMENT(._k_mem_slab.static.*)))
                0x0000000020000960                _k_mem_slab_list_end = .

k_heap_area     0x0000000020000960        0x0 load address 0x0000000008005ef4
                0x0000000020000960                _k_heap_list_start = .
 *(SORT_BY_NAME(SORT_BY_ALIGNMENT(._k_heap.static.*)))
                0x0000000020000960                _k_heap_list_end = .

k_mutex_area    0x0000000020000960        0x0 load address 0x0000000008005ef4
                0x0000000020000960                _k_mutex_list_start = .
 *(SORT_BY_NAME(SORT_BY_ALIGNMENT(._k_mutex.static.*)))
                0x0000000020000960                _k_mutex_list_end = .

k_stack_area    0x0000000020000960        0x0 load address 0x0000000008005ef4
                0x0000000020000960                _k_stack_list_start = .
 *(SORT_BY_NAME(SORT_BY_ALIGNMENT(._k_stack.static.*)))
                0x0000000020000960                _k_stack_list_end = .

k_msgq_area     0x0000000020000960        0x0 load address 0x0000000008005ef4
                0x0000000020000960                _k_msgq_list_start = .
 *(SORT_BY_NAME(SORT_BY_ALIGNMENT(._k_msgq.static.*)))
                0x0000000020000960                _k_msgq_list_end = .

k_mbox_area     0x0000000020000960        0x0 load address 0x0000000008005ef4
                0x0000000020000960                _k_mbox_list_start = .
 *(SORT_BY_NAME(SORT_BY_ALIGNMENT(._k_mbox.static.*)))
                0x0000000020000960                _k_mbox_list_end = .

k_pipe_area     0x0000000020000960        0x0 load address 0x0000000008005ef4
                0x0000000020000960                _k_pipe_list_start = .
 *(SORT_BY_NAME(SORT_BY_ALIGNMENT(._k_pipe.static.*)))
                0x0000000020000960                _k_pipe_list_end = .

k_sem_area      0x0000000020000960        0x0 load address 0x0000000008005ef4
                0x0000000020000960                _k_sem_list_start = .
 *(SORT_BY_NAME(SORT_BY_ALIGNMENT(._k_sem.static.*)))
                0x0000000020000960                _k_sem_list_end = .

k_event_area    0x0000000020000960        0x0 load address 0x0000000008005ef4
                0x0000000020000960                _k_event_list_start = .
 *(SORT_BY_NAME(SORT_BY_ALIGNMENT(._k_event.static.*)))
                0x0000000020000960                _k_event_list_end = .

k_queue_area    0x0000000020000960        0x0 load address 0x0000000008005ef4
                0x0000000020000960                _k_queue_list_start = .
 *(SORT_BY_NAME(SORT_BY_ALIGNMENT(._k_queue.static.*)))
                0x0000000020000960                _k_queue_list_end = .

k_condvar_area  0x0000000020000960        0x0 load address 0x0000000008005ef4
                0x0000000020000960                _k_condvar_list_start = .
 *(SORT_BY_NAME(SORT_BY_ALIGNMENT(._k_condvar.static.*)))
                0x0000000020000960                _k_condvar_list_end = .

net_buf_pool_area
                0x0000000020000960        0x0 load address 0x0000000008005ef4
                0x0000000020000960                _net_buf_pool_list_start = .
 *(SORT_BY_NAME(SORT_BY_ALIGNMENT(._net_buf_pool.static.*)))
                0x0000000020000960                _net_buf_pool_list_end = .
                0x0000000020000960                __data_region_end = .

bss             0x0000000020000960      0x327
                0x0000000020000960                . = ALIGN (0x4)
                0x0000000020000960                __bss_start = .
                0x0000000020000960                __kernel_ram_start = .
 *(SORT_BY_ALIGNMENT(.bss))
 *(SORT_BY_ALIGNMENT(.bss.*))
 .bss.announced_cycles
                0x0000000020000960        0x8 zephyr/drivers/timer/libdrivers__timer.a(cortex_m_systick.c.obj)
 .bss.cycle_count
                0x0000000020000968        0x8 zephyr/drivers/timer/libdrivers__timer.a(cortex_m_systick.c.obj)
 .bss.z_idle_threads
                0x0000000020000970       0x70 zephyr/kernel/libkernel.a(init.c.obj)
                0x0000000020000970                z_idle_threads
 .bss.z_main_thread
                0x00000000200009e0       0x70 zephyr/kernel/libkernel.a(init.c.obj)
                0x00000000200009e0                z_main_thread
 .bss.slice_timeouts
                0x0000000020000a50       0x18 zephyr/kernel/libkernel.a(sched.c.obj)
 .bss.curr_tick
                0x0000000020000a68        0x8 zephyr/kernel/libkernel.a(timeout.c.obj)
 .bss.basic_timer_cnt
                0x0000000020000a70        0x4 app/libapp.a(main.cpp.obj)
                0x0000000020000a70                basic_timer_cnt
 .bss.exti_data
                0x0000000020000a74       0x80 zephyr/drivers/interrupt_controller/libdrivers__interrupt_controller.a(intc_exti_stm32.c.obj)
 .bss.can_stm32_dev_data_0
                0x0000000020000af4       0xf0 zephyr/drivers/can/libdrivers__can.a(can_stm32.c.obj)
 .bss.filter_mutex
                0x0000000020000be4       0x14 zephyr/drivers/can/libdrivers__can.a(can_stm32.c.obj)
 .bss.gpio_stm32_data_e
                0x0000000020000bf8       0x10 zephyr/drivers/gpio/libdrivers__gpio.a(gpio_stm32.c.obj)
 .bss.gpio_stm32_data_d
                0x0000000020000c08       0x10 zephyr/drivers/gpio/libdrivers__gpio.a(gpio_stm32.c.obj)
 .bss.gpio_stm32_data_c
                0x0000000020000c18       0x10 zephyr/drivers/gpio/libdrivers__gpio.a(gpio_stm32.c.obj)
 .bss.gpio_stm32_data_b
                0x0000000020000c28       0x10 zephyr/drivers/gpio/libdrivers__gpio.a(gpio_stm32.c.obj)
 .bss.gpio_stm32_data_a
                0x0000000020000c38       0x10 zephyr/drivers/gpio/libdrivers__gpio.a(gpio_stm32.c.obj)
 .bss.overflow_cyc
                0x0000000020000c48        0x4 zephyr/drivers/timer/libdrivers__timer.a(cortex_m_systick.c.obj)
 .bss.last_load
                0x0000000020000c4c        0x4 zephyr/drivers/timer/libdrivers__timer.a(cortex_m_systick.c.obj)
 .bss._cpus_active
                0x0000000020000c50        0x4 zephyr/kernel/libkernel.a(init.c.obj)
                0x0000000020000c50                _cpus_active
 .bss._kernel   0x0000000020000c54       0x20 zephyr/kernel/libkernel.a(init.c.obj)
                0x0000000020000c54                _kernel
 .bss.pending_current
                0x0000000020000c74        0x4 zephyr/kernel/libkernel.a(sched.c.obj)
 .bss.slice_max_prio
                0x0000000020000c78        0x4 zephyr/kernel/libkernel.a(sched.c.obj)
 .bss.slice_ticks
                0x0000000020000c7c        0x4 zephyr/kernel/libkernel.a(sched.c.obj)
 .bss.announce_remaining
                0x0000000020000c80        0x4 zephyr/kernel/libkernel.a(timeout.c.obj)
 .bss.fsm_state
                0x0000000020000c84        0x1 app/libapp.a(main.cpp.obj)
                0x0000000020000c84                fsm_state
 .bss.z_sys_post_kernel
                0x0000000020000c85        0x1 zephyr/kernel/libkernel.a(init.c.obj)
                0x0000000020000c85                z_sys_post_kernel
 .bss.lock      0x0000000020000c86        0x0 zephyr/kernel/libkernel.a(mutex.c.obj)
 .bss.lock      0x0000000020000c86        0x0 zephyr/kernel/libkernel.a(sem.c.obj)
 .bss.slice_expired
                0x0000000020000c86        0x1 zephyr/kernel/libkernel.a(sched.c.obj)
 .bss.sched_spinlock
                0x0000000020000c87        0x0 zephyr/kernel/libkernel.a(sched.c.obj)
                0x0000000020000c87                sched_spinlock
 *(SORT_BY_ALIGNMENT(COMMON))
 *(SORT_BY_ALIGNMENT(.kernel_bss.*))
                0x0000000020000c88                __bss_end = ALIGN (0x4)

noinit          0x0000000020000c88      0xd00
 *(SORT_BY_ALIGNMENT(.noinit))
 *(SORT_BY_ALIGNMENT(.noinit.*))
 .noinit."WEST_TOPDIR/zephyr/kernel/init.c".2
                0x0000000020000c88      0x800 zephyr/kernel/libkernel.a(init.c.obj)
                0x0000000020000c88                z_interrupt_stacks
 .noinit."WEST_TOPDIR/zephyr/kernel/init.c".1
                0x0000000020001488      0x100 zephyr/kernel/libkernel.a(init.c.obj)
 .noinit."WEST_TOPDIR/zephyr/kernel/init.c".0
                0x0000000020001588      0x400 zephyr/kernel/libkernel.a(init.c.obj)
                0x0000000020001588                z_main_stack
 *(SORT_BY_ALIGNMENT(.kernel_noinit.*))
                0x0000000020005000                __kernel_ram_end = 0x20005000
                0x00000000000046a0                __kernel_ram_size = (__kernel_ram_end - __kernel_ram_start)

/DISCARD/
 *(SORT_BY_ALIGNMENT(.irq_info*))
 *(SORT_BY_ALIGNMENT(.intList*))

.last_ram_section
                0x0000000020001988        0x0
                0x0000000020001988                _image_ram_end = .
                0x0000000020001988                _end = .
                0x0000000020001988                z_mapped_end = .

.stab
 *(SORT_BY_ALIGNMENT(.stab))

.stabstr
 *(SORT_BY_ALIGNMENT(.stabstr))

.stab.excl
 *(SORT_BY_ALIGNMENT(.stab.excl))

.stab.exclstr
 *(SORT_BY_ALIGNMENT(.stab.exclstr))

.stab.index
 *(SORT_BY_ALIGNMENT(.stab.index))

.stab.indexstr
 *(SORT_BY_ALIGNMENT(.stab.indexstr))

.gnu.build.attributes
 *(SORT_BY_ALIGNMENT(.gnu.build.attributes) SORT_BY_ALIGNMENT(.gnu.build.attributes.*))

.comment        0x0000000000000000       0x20
 *(SORT_BY_ALIGNMENT(.comment))
 .comment       0x0000000000000000       0x20 zephyr/CMakeFiles/zephyr_final.dir/isr_tables.c.obj
                                         0x21 (size before relaxing)
 .comment       0x0000000000000020       0x21 zephyr/CMakeFiles/offsets.dir/./arch/arm/core/offsets/offsets.c.obj
 .comment       0x0000000000000020       0x21 app/libapp.a(gpio_func.cpp.obj)
 .comment       0x0000000000000020       0x21 app/libapp.a(main.cpp.obj)
 .comment       0x0000000000000020       0x21 app/libapp.a(spi_func.cpp.obj)
 .comment       0x0000000000000020       0x21 app/libapp.a(spi2control.cpp.obj)
 .comment       0x0000000000000020       0x21 zephyr/libzephyr.a(cbprintf_packaged.c.obj)
 .comment       0x0000000000000020       0x21 zephyr/libzephyr.a(printk.c.obj)
 .comment       0x0000000000000020       0x21 zephyr/libzephyr.a(thread_entry.c.obj)
 .comment       0x0000000000000020       0x21 zephyr/libzephyr.a(heap.c.obj)
 .comment       0x0000000000000020       0x21 zephyr/libzephyr.a(cbprintf_complete.c.obj)
 .comment       0x0000000000000020       0x21 zephyr/libzephyr.a(configs.c.obj)
 .comment       0x0000000000000020       0x21 zephyr/libzephyr.a(soc.c.obj)
 .comment       0x0000000000000020       0x21 zephyr/libzephyr.a(soc_config.c.obj)
 .comment       0x0000000000000020       0x21 zephyr/arch/arch/arm/core/aarch32/libarch__arm__core__aarch32.a(fatal.c.obj)
 .comment       0x0000000000000020       0x21 zephyr/arch/arch/arm/core/aarch32/libarch__arm__core__aarch32.a(irq_manage.c.obj)
 .comment       0x0000000000000020       0x21 zephyr/arch/arch/arm/core/aarch32/libarch__arm__core__aarch32.a(nmi.c.obj)
 .comment       0x0000000000000020       0x21 zephyr/arch/arch/arm/core/aarch32/libarch__arm__core__aarch32.a(prep_c.c.obj)
 .comment       0x0000000000000020       0x21 zephyr/arch/arch/arm/core/aarch32/libarch__arm__core__aarch32.a(swap.c.obj)
 .comment       0x0000000000000020       0x21 zephyr/arch/arch/arm/core/aarch32/libarch__arm__core__aarch32.a(thread.c.obj)
 .comment       0x0000000000000020       0x21 zephyr/arch/arch/arm/core/aarch32/cortex_m/libarch__arm__core__aarch32__cortex_m.a(fault.c.obj)
 .comment       0x0000000000000020       0x21 zephyr/arch/arch/arm/core/aarch32/cortex_m/libarch__arm__core__aarch32__cortex_m.a(irq_init.c.obj)
 .comment       0x0000000000000020       0x21 zephyr/arch/arch/arm/core/aarch32/cortex_m/libarch__arm__core__aarch32__cortex_m.a(thread_abort.c.obj)
 .comment       0x0000000000000020       0x21 zephyr/lib/libc/minimal/liblib__libc__minimal.a(string.c.obj)
 .comment       0x0000000000000020       0x21 zephyr/lib/libc/minimal/liblib__libc__minimal.a(stdout_console.c.obj)
 .comment       0x0000000000000020       0x21 zephyr/lib/libc/common/liblib__libc__common.a(strnlen.c.obj)
 .comment       0x0000000000000020       0x21 zephyr/drivers/interrupt_controller/libdrivers__interrupt_controller.a(intc_exti_stm32.c.obj)
 .comment       0x0000000000000020       0x21 zephyr/drivers/can/libdrivers__can.a(can_common.c.obj)
 .comment       0x0000000000000020       0x21 zephyr/drivers/can/libdrivers__can.a(can_stm32.c.obj)
 .comment       0x0000000000000020       0x21 zephyr/drivers/clock_control/libdrivers__clock_control.a(clock_stm32_ll_common.c.obj)
 .comment       0x0000000000000020       0x21 zephyr/drivers/clock_control/libdrivers__clock_control.a(clock_stm32f1.c.obj)
 .comment       0x0000000000000020       0x21 zephyr/drivers/console/libdrivers__console.a(uart_console.c.obj)
 .comment       0x0000000000000020       0x21 zephyr/drivers/gpio/libdrivers__gpio.a(gpio_stm32.c.obj)
 .comment       0x0000000000000020       0x21 zephyr/drivers/pinctrl/libdrivers__pinctrl.a(common.c.obj)
 .comment       0x0000000000000020       0x21 zephyr/drivers/pinctrl/libdrivers__pinctrl.a(pinctrl_stm32.c.obj)
 .comment       0x0000000000000020       0x21 zephyr/drivers/pwm/libdrivers__pwm.a(pwm_stm32.c.obj)
 .comment       0x0000000000000020       0x21 zephyr/drivers/reset/libdrivers__reset.a(reset_stm32.c.obj)
 .comment       0x0000000000000020       0x21 zephyr/drivers/serial/libdrivers__serial.a(uart_stm32.c.obj)
 .comment       0x0000000000000020       0x21 zephyr/drivers/spi/libdrivers__spi.a(spi_ll_stm32.c.obj)
 .comment       0x0000000000000020       0x21 zephyr/drivers/timer/libdrivers__timer.a(cortex_m_systick.c.obj)
 .comment       0x0000000000000020       0x21 modules/stm32/stm32cube/lib..__modules__hal__stm32__stm32cube.a(system_stm32f1xx.c.obj)
 .comment       0x0000000000000020       0x21 modules/stm32/stm32cube/lib..__modules__hal__stm32__stm32cube.a(stm32f1xx_hal_rcc.c.obj)
 .comment       0x0000000000000020       0x21 modules/stm32/stm32cube/lib..__modules__hal__stm32__stm32cube.a(stm32f1xx_ll_tim.c.obj)
 .comment       0x0000000000000020       0x21 modules/stm32/stm32cube/lib..__modules__hal__stm32__stm32cube.a(stm32f1xx_ll_utils.c.obj)
 .comment       0x0000000000000020       0x21 zephyr/kernel/libkernel.a(busy_wait.c.obj)
 .comment       0x0000000000000020       0x21 zephyr/kernel/libkernel.a(device.c.obj)
 .comment       0x0000000000000020       0x21 zephyr/kernel/libkernel.a(errno.c.obj)
 .comment       0x0000000000000020       0x21 zephyr/kernel/libkernel.a(fatal.c.obj)
 .comment       0x0000000000000020       0x21 zephyr/kernel/libkernel.a(init.c.obj)
 .comment       0x0000000000000020       0x21 zephyr/kernel/libkernel.a(thread.c.obj)
 .comment       0x0000000000000020       0x21 zephyr/kernel/libkernel.a(idle.c.obj)
 .comment       0x0000000000000020       0x21 zephyr/kernel/libkernel.a(mutex.c.obj)
 .comment       0x0000000000000020       0x21 zephyr/kernel/libkernel.a(sem.c.obj)
 .comment       0x0000000000000020       0x21 zephyr/kernel/libkernel.a(sched.c.obj)
 .comment       0x0000000000000020       0x21 zephyr/kernel/libkernel.a(xip.c.obj)
 .comment       0x0000000000000020       0x21 zephyr/kernel/libkernel.a(timeout.c.obj)
 .comment       0x0000000000000020       0x21 zephyr/kernel/libkernel.a(timer.c.obj)
 .comment       0x0000000000000020       0x21 zephyr/kernel/libkernel.a(banner.c.obj)
 .comment       0x0000000000000020       0x21 zephyr/kernel/libkernel.a(kheap.c.obj)

.debug
 *(SORT_BY_ALIGNMENT(.debug))

.line
 *(SORT_BY_ALIGNMENT(.line))

.debug_srcinfo
 *(SORT_BY_ALIGNMENT(.debug_srcinfo))

.debug_sfnames
 *(SORT_BY_ALIGNMENT(.debug_sfnames))

.debug_aranges  0x0000000000000000     0x12a0
 *(SORT_BY_ALIGNMENT(.debug_aranges))
 .debug_aranges
                0x0000000000000000       0x30 zephyr/arch/arch/arm/core/aarch32/libarch__arm__core__aarch32.a(cpu_idle.S.obj)
 .debug_aranges
                0x0000000000000030       0x20 zephyr/arch/arch/arm/core/aarch32/libarch__arm__core__aarch32.a(nmi_on_reset.S.obj)
 .debug_aranges
                0x0000000000000050       0x28 zephyr/arch/arch/arm/core/aarch32/libarch__arm__core__aarch32.a(swap_helper.S.obj)
 .debug_aranges
                0x0000000000000078       0x20 zephyr/arch/arch/arm/core/aarch32/libarch__arm__core__aarch32.a(isr_wrapper.S.obj)
 .debug_aranges
                0x0000000000000098       0x20 zephyr/arch/arch/arm/core/aarch32/cortex_m/libarch__arm__core__aarch32__cortex_m.a(exc_exit.S.obj)
 .debug_aranges
                0x00000000000000b8       0x20 zephyr/arch/arch/arm/core/aarch32/cortex_m/libarch__arm__core__aarch32__cortex_m.a(fault_s.S.obj)
 .debug_aranges
                0x00000000000000d8       0x20 zephyr/arch/arch/arm/core/aarch32/cortex_m/libarch__arm__core__aarch32__cortex_m.a(reset.S.obj)
 .debug_aranges
                0x00000000000000f8       0x18 zephyr/CMakeFiles/zephyr_final.dir/isr_tables.c.obj
 .debug_aranges
                0x0000000000000110       0x20 zephyr/CMakeFiles/offsets.dir/./arch/arm/core/offsets/offsets.c.obj
 .debug_aranges
                0x0000000000000130       0x88 app/libapp.a(gpio_func.cpp.obj)
 .debug_aranges
                0x00000000000001b8       0x28 app/libapp.a(main.cpp.obj)
 .debug_aranges
                0x00000000000001e0       0x30 app/libapp.a(spi_func.cpp.obj)
 .debug_aranges
                0x0000000000000210       0x48 app/libapp.a(spi2control.cpp.obj)
 .debug_aranges
                0x0000000000000258       0x40 zephyr/libzephyr.a(cbprintf_packaged.c.obj)
 .debug_aranges
                0x0000000000000298       0x68 zephyr/libzephyr.a(printk.c.obj)
 .debug_aranges
                0x0000000000000300       0x20 zephyr/libzephyr.a(thread_entry.c.obj)
 .debug_aranges
                0x0000000000000320       0x88 zephyr/libzephyr.a(heap.c.obj)
 .debug_aranges
                0x00000000000003a8       0x30 zephyr/libzephyr.a(cbprintf_complete.c.obj)
 .debug_aranges
                0x00000000000003d8       0x20 zephyr/libzephyr.a(configs.c.obj)
 .debug_aranges
                0x00000000000003f8       0x20 zephyr/libzephyr.a(soc.c.obj)
 .debug_aranges
                0x0000000000000418       0x20 zephyr/libzephyr.a(soc_config.c.obj)
 .debug_aranges
                0x0000000000000438       0x30 zephyr/arch/arch/arm/core/aarch32/libarch__arm__core__aarch32.a(fatal.c.obj)
 .debug_aranges
                0x0000000000000468       0x40 zephyr/arch/arch/arm/core/aarch32/libarch__arm__core__aarch32.a(irq_manage.c.obj)
 .debug_aranges
                0x00000000000004a8       0x20 zephyr/arch/arch/arm/core/aarch32/libarch__arm__core__aarch32.a(nmi.c.obj)
 .debug_aranges
                0x00000000000004c8       0x20 zephyr/arch/arch/arm/core/aarch32/libarch__arm__core__aarch32.a(prep_c.c.obj)
 .debug_aranges
                0x00000000000004e8       0x20 zephyr/arch/arch/arm/core/aarch32/libarch__arm__core__aarch32.a(swap.c.obj)
 .debug_aranges
                0x0000000000000508       0x28 zephyr/arch/arch/arm/core/aarch32/libarch__arm__core__aarch32.a(thread.c.obj)
 .debug_aranges
                0x0000000000000530       0x40 zephyr/arch/arch/arm/core/aarch32/cortex_m/libarch__arm__core__aarch32__cortex_m.a(fault.c.obj)
 .debug_aranges
                0x0000000000000570       0x20 zephyr/arch/arch/arm/core/aarch32/cortex_m/libarch__arm__core__aarch32__cortex_m.a(irq_init.c.obj)
 .debug_aranges
                0x0000000000000590       0x20 zephyr/arch/arch/arm/core/aarch32/cortex_m/libarch__arm__core__aarch32__cortex_m.a(thread_abort.c.obj)
 .debug_aranges
                0x00000000000005b0       0x90 zephyr/lib/libc/minimal/liblib__libc__minimal.a(string.c.obj)
 .debug_aranges
                0x0000000000000640       0x68 zephyr/lib/libc/minimal/liblib__libc__minimal.a(stdout_console.c.obj)
 .debug_aranges
                0x00000000000006a8       0x20 zephyr/lib/libc/common/liblib__libc__common.a(strnlen.c.obj)
 .debug_aranges
                0x00000000000006c8       0x58 zephyr/drivers/interrupt_controller/libdrivers__interrupt_controller.a(intc_exti_stm32.c.obj)
 .debug_aranges
                0x0000000000000720       0x58 zephyr/drivers/can/libdrivers__can.a(can_common.c.obj)
 .debug_aranges
                0x0000000000000778       0xd0 zephyr/drivers/can/libdrivers__can.a(can_stm32.c.obj)
 .debug_aranges
                0x0000000000000848       0x48 zephyr/drivers/clock_control/libdrivers__clock_control.a(clock_stm32_ll_common.c.obj)
 .debug_aranges